******************************************************************************
                  TI ARM Linker PC v20.2.7                     
******************************************************************************
>> Linked Thu Apr 11 21:51:25 2024

OUTPUT FILE NAME:   <ece3849_lab3_msimantirakis_tdmakoye.out>
ENTRY POINT SYMBOL: "_c_int00"  address: 000064a1


MEMORY CONFIGURATION

         name            origin    length      used     unused   attr    fill
----------------------  --------  ---------  --------  --------  ----  --------
  FLASH                 00000000   00100000  0000b5da  000f4a26  R  X
  SRAM                  20000000   00040000  0000ec75  0003138b  RW X


SEGMENT ALLOCATION MAP

run origin  load origin   length   init length attrs members
----------  ----------- ---------- ----------- ----- -------
00000000    00000000    0000b5e0   0000b5e0    r-x
  00000000    00000000    0000003c   0000003c    r-- .resetVecs
  00000040    00000040    0000893a   0000893a    r-x .text
  0000897c    0000897c    00002974   00002974    r-- .const
  0000b2f0    0000b2f0    000002f0   000002f0    r-- .cinit
20000000    20000000    0000ec80   00000000    rw-
  20000000    20000000    00000360   00000000    rw- .vecs
  20000360    20000360    000086d2   00000000    rw- .data
  20008a38    20008a38    00005f43   00000000    rw- .bss
  2000e980    2000e980    00000300   00000000    rw- .stack


SECTION ALLOCATION MAP

 output                                  attributes/
section   page    origin      length       input sections
--------  ----  ----------  ----------   ----------------
.text      0    00000040    0000893a     
                  00000040    00000a4e     rtsv7M4_T_le_v4SPD16_eabi.lib : _printfi.c.obj (.text:__TI_printfi)
                  00000a8e    00000002                                   : _lock.c.obj (.text:_nop)
                  00000a90    00000430     sysbios.aem4f : BIOS.obj (.text:ti_sysbios_family_arm_m3_Hwi_excDumpRegs__I)
                  00000ec0    0000034c     ti.targets.arm.rtsarm.aem4f : System.oem4f (.text:xdc_runtime_System_doPrint__I)
                  0000120c    00000004     driverlib.lib : timer.obj (.text:TimerIntClear)
                  00001210    000002a4     sysbios.aem4f : BIOS.obj (.text:ti_sysbios_knl_Semaphore_pend__E)
                  000014b4    00000270     rtsv7M4_T_le_v4SPD16_eabi.lib : _printfi.c.obj (.text:_pconv_a)
                  00001724    00000004                                   : exit.c.obj (.text:abort:abort)
                  00001728    0000026c     sysbios.aem4f : BIOS.obj (.text:ti_sysbios_heaps_HeapMem_free__E)
                  00001994    00000256     grlib.lib : string.obj (.text:GrFontGlyphRender)
                  00001bea    00000006     driverlib.lib : gpio.obj (.text:GPIOPinRead)
                  00001bf0    00000250     sysbios.aem4f : BIOS.obj (.text:ti_sysbios_heaps_HeapMem_alloc__E)
                  00001e40    00000204     driverlib.lib : sysctl.obj (.text:SysCtlClockFreqSet)
                  00002044    00000204     Boot.aem4f : Boot_sysctl.oem4f (.text:ti_catalog_arm_cortexm4_tiva_ce_Boot_sysCtlClockFreqSetI__I)
                  00002248    000001f4     main.obj (.text:Display_task)
                  0000243c    00000004     sysbios.aem4f : BIOS.obj (.text:ti_sysbios_family_arm_lm4_Timer_masterEnable__I)
                  00002440    000001f4                   : BIOS.obj (.text:ti_sysbios_family_arm_m3_Hwi_excHandlerMax__I)
                  00002634    000001d0     rtsv7M4_T_le_v4SPD16_eabi.lib : _printfi.c.obj (.text:_pconv_g)
                  00002804    000001b6                                   : fd_add_t2.asm.obj (.text)
                  000029ba    00000006     driverlib.lib : gpio.obj (.text:GPIOPinWrite)
                  000029c0    000001a0     buttons.obj (.text:ButtonInit)
                  00002b60    00000174     sysbios.aem4f : BIOS.obj (.text:ti_sysbios_family_arm_m3_Hwi_excBusFault__I)
                  00002cd4    00000004     ti.targets.arm.rtsarm.aem4f : Error.oem4f (.text:xdc_runtime_Error_getSite__E)
                  00002cd8    00000170     main.obj (.text:main)
                  00002e48    00000164     sysbios.aem4f : BIOS.obj (.text:ti_sysbios_family_arm_m3_Hwi_excUsageFault__I)
                  00002fac    00000004     ti.targets.arm.rtsarm.aem4f : System.oem4f (.text:xdc_runtime_System_aprintf_va__F)
                  00002fb0    00000148     sysbios.aem4f : BIOS.obj (.text:ti_sysbios_family_arm_m3_Hwi_excMemFault__I)
                  000030f8    0000013c     rtsv7M4_T_le_v4SPD16_eabi.lib : _printfi.c.obj (.text:_pconv_e)
                  00003234    00000004     ti.targets.arm.rtsarm.aem4f : System.oem4f (.text:xdc_runtime_System_printf_va__F)
                  00003238    0000013c     sysbios.aem4f : BIOS.obj (.text:ti_sysbios_heaps_HeapMem_Instance_init__E)
                  00003374    00000136     rtsv7M4_T_le_v4SPD16_eabi.lib : fd_div_t2.asm.obj (.text)
                  000034aa    00000130     driverlib.lib : gpio.obj (.text:GPIOPadConfigSet)
                  000035da    00000002     rtsv7M4_T_le_v4SPD16_eabi.lib : div0.asm.obj (.text)
                  000035dc    00000124                                   : _printfi.c.obj (.text:fcvt)
                  00003700    00000118     ti.targets.arm.rtsarm.aem4f : Error.oem4f (.text:xdc_runtime_Error_policyDefault__E)
                  00003818    00000110     rtsv7M4_T_le_v4SPD16_eabi.lib : s_scalbn.c.obj (.text:scalbn)
                  00003928    0000010c     main.obj (.text:button_task)
                  00003a34    00000004     --HOLE-- [fill = 0]
                  00003a38    00000108     sysbios.aem4f : BIOS.obj (.text:ti_sysbios_family_arm_lm4_Timer_start__E)
                  00003b40    00000106     grlib.lib : line.obj (.text:GrLineDraw)
                  00003c46    00000002     --HOLE-- [fill = 0]
                  00003c48    00000100     ti.targets.arm.rtsarm.aem4f : Core-mem.oem4f (.text:xdc_runtime_Core_createObject__I)
                  00003d48    000000fc     rtsv7M4_T_le_v4SPD16_eabi.lib : fd_mul_t2.asm.obj (.text)
                  00003e44    00000004     --HOLE-- [fill = 0]
                  00003e48    000000fc     rtos_pem4f.oem4f (.text:xdc_runtime_System_printfExtend__I)
                  00003f44    000000f8     ti.targets.arm.rtsarm.aem4f : Startup.oem4f (.text:xdc_runtime_Startup_startMods__I)
                  0000403c    000000f4     sysbios.aem4f : m3_Hwi_asm.obj (.text:ti_sysbios_family_arm_m3_Hwi_dispatch__I)
                  00004130    000000ec                   : BIOS.obj (.text:ti_sysbios_knl_Semaphore_post__E)
                  0000421c    00000004     --HOLE-- [fill = 0]
                  00004220    000000dc     Crystalfontz128x128_ST7735.obj (.text:Crystalfontz128x128_PixelDrawMultiple)
                  000042fc    00000004     --HOLE-- [fill = 0]
                  00004300    000000d4     buttons.obj (.text:ButtonReadJoystick)
                  000043d4    000000cc     ti.targets.arm.rtsarm.aem4f : Core-smem.oem4f (.text:xdc_runtime_Core_constructObject__I)
                  000044a0    000000c4     grlib.lib : string.obj (.text:GrDefaultStringRenderer)
                  00004564    000000c0               : line.obj (.text:GrLineClip)
                  00004624    00000004     --HOLE-- [fill = 0]
                  00004628    000000bc     Crystalfontz128x128_ST7735.obj (.text:Crystalfontz128x128_Init)
                  000046e4    00000004     --HOLE-- [fill = 0]
                  000046e8    000000bc     main.obj (.text:UserInput_task)
                  000047a4    00000004     --HOLE-- [fill = 0]
                  000047a8    000000bc     sysbios.aem4f : BIOS.obj (.text:ti_sysbios_family_arm_m3_Hwi_excDebugMon__I)
                  00004864    00000004     --HOLE-- [fill = 0]
                  00004868    000000bc                   : BIOS.obj (.text:ti_sysbios_family_arm_m3_Hwi_excHardFault__I)
                  00004924    00000004     --HOLE-- [fill = 0]
                  00004928    000000b4                   : BIOS.obj (.text:ti_sysbios_gates_GateMutex_enter__E)
                  000049dc    00000004     --HOLE-- [fill = 0]
                  000049e0    000000b4                   : BIOS.obj (.text:ti_sysbios_knl_Task_checkStacks__E)
                  00004a94    000000b1     rtsv7M4_T_le_v4SPD16_eabi.lib : _printfi.c.obj (.text:_ltostr)
                  00004b45    00000003     --HOLE-- [fill = 0]
                  00004b48    000000ac     sysbios.aem4f : BIOS.obj (.text:ti_sysbios_family_arm_lm4_Timer_enableTiva__I)
                  00004bf4    00000004     --HOLE-- [fill = 0]
                  00004bf8    000000a4     sampling.obj (.text:ADC_Init)
                  00004c9c    000000a0     auto_init.aem4f : auto_init.oem4f (.text)
                  00004d3c    000000a0     ti.targets.arm.rtsarm.aem4f : Text.oem4f (.text:xdc_runtime_Text_putMod__E)
                  00004ddc    00000004     --HOLE-- [fill = 0]
                  00004de0    0000009c     Crystalfontz128x128_ST7735.obj (.text:Crystalfontz128x128_SetDrawFrame)
                  00004e7c    0000009c     rtsv7M4_T_le_v4SPD16_eabi.lib : memcpy_t2.asm.obj (.text)
                  00004f18    0000009c     sysbios.aem4f : BIOS.obj (.text:ti_sysbios_knl_Semaphore_Instance_init__E)
                  00004fb4    0000009a     ti.targets.arm.rtsarm.aem4f : Text.oem4f (.text:xdc_runtime_Text_putSite__E)
                  0000504e    00000002     --HOLE-- [fill = 0]
                  00005050    00000098     Boot.aem4f : Boot.oem4f (.text:ti_catalog_arm_cortexm4_tiva_ce_Boot_sysCtlClockFreqSet__E)
                  000050e8    00000096     rtsv7M4_T_le_v4SPD16_eabi.lib : ull_div_t2.asm.obj (.text)
                  0000517e    00000002     --HOLE-- [fill = 0]
                  00005180    00000094     sysbios.aem4f : BIOS.obj (.text:ti_sysbios_family_arm_m3_Hwi_initNVIC__E)
                  00005214    00000004     --HOLE-- [fill = 0]
                  00005218    00000090     main.obj (.text:Waveform_task)
                  000052a8    0000008c     sysbios.aem4f : m3_TaskSupport_asm.obj (.text:ti_sysbios_family_arm_m3_TaskSupport_buildTaskStack)
                  00005334    00000004     --HOLE-- [fill = 0]
                  00005338    0000008c                   : BIOS.obj (.text:ti_sysbios_knl_Task_postInit__I)
                  000053c4    00000004     --HOLE-- [fill = 0]
                  000053c8    00000088                   : BIOS.obj (.text:ti_sysbios_knl_Mailbox_post__E)
                  00005450    00000086     grlib.lib : rectangle.obj (.text:GrRectFill)
                  000054d6    00000086     rtsv7M4_T_le_v4SPD16_eabi.lib : fd_cmp_t2.asm.obj (.text:__aeabi_cdcmple)
                  0000555c    00000086                                   : fd_cmp_t2.asm.obj (.text:__aeabi_cdrcmple)
                  000055e2    00000006     grlib.lib : string.obj (.text:GrContextFontSet)
                  000055e8    00000084     sysbios.aem4f : BIOS.obj (.text:ti_sysbios_family_arm_m3_Hwi_postInit__I)
                  0000566c    00000004     --HOLE-- [fill = 0]
                  00005670    00000080     Crystalfontz128x128_ST7735.obj (.text:Crystalfontz128x128_RectFill)
                  000056f0    00000080     rtsv7M4_T_le_v4SPD16_eabi.lib : s_floorf.c.obj (.text:floorf)
                  00005770    0000007a     driverlib.lib : adc.obj (.text:ADCSequenceStepConfigure)
                  000057ea    0000007a     rtsv7M4_T_le_v4SPD16_eabi.lib : memset_t2.asm.obj (.text)
                  00005864    00000004     --HOLE-- [fill = 0]
                  00005868    00000078     HAL_EK_TM4C1294XL_Crystalfontz128x128_ST7735.obj (.text:HAL_LCD_PortInit)
                  000058e0    00000078     HAL_EK_TM4C1294XL_Crystalfontz128x128_ST7735.obj (.text:HAL_LCD_SpiInit)
                  00005958    00000074     sysbios.aem4f : BIOS.obj (.text:ti_sysbios_knl_Mailbox_pend__E)
                  000059cc    00000004     --HOLE-- [fill = 0]
                  000059d0    00000070                   : BIOS.obj (.text:ti_sysbios_knl_Clock_workFunc__E)
                  00005a40    00000070                   : BIOS.obj (.text:ti_sysbios_knl_Task_exit__E)
                  00005ab0    0000006e     rtsv7M4_T_le_v4SPD16_eabi.lib : _printfi.c.obj (.text:_mcpy)
                  00005b1e    0000006e                                   : s_roundf.c.obj (.text:roundf)
                  00005b8c    0000006d     ti.targets.arm.rtsarm.aem4f : System.oem4f (.text:xdc_runtime_System_formatNum__I)
                  00005bf9    00000001     --HOLE-- [fill = 0]
                  00005bfa    00000006     driverlib.lib : sysctl.obj (.text:SysCtlDelay)
                  00005c00    0000006c     sysbios.aem4f : BIOS.obj (.text:ti_sysbios_knl_Swi_restoreHwi__E)
                  00005c6c    0000006c     ti.targets.arm.rtsarm.aem4f : Error.oem4f (.text:xdc_runtime_Error_print__E)
                  00005cd8    0000006c                                 : Memory.oem4f (.text:xdc_runtime_Memory_alloc__E)
                  00005d44    00000068     grlib.lib : context.obj (.text:GrContextInit)
                  00005dac    00000068     driverlib.lib : interrupt.obj (.text:IntEnable)
                  00005e14    00000068     rtsv7M4_T_le_v4SPD16_eabi.lib : copy_decompress_lzss.c.obj (.text:decompress:lzss:__TI_decompress_lzss)
                  00005e7c    00000004     --HOLE-- [fill = 0]
                  00005e80    00000068     main.obj (.text:grid_lines)
                  00005ee8    00000068     sysbios.aem4f : BIOS.obj (.text:ti_sysbios_family_arm_lm4_TimestampProvider_initTimerHandle__I)
                  00005f50    00000066     ti.targets.arm.rtsarm.aem4f : Core-mem.oem4f (.text:xdc_runtime_Core_deleteObject__I)
                  00005fb6    00000002     --HOLE-- [fill = 0]
                  00005fb8    00000064     rtsv7M4_T_le_v4SPD16_eabi.lib : s_frexp.c.obj (.text:frexp)
                  0000601c    00000004     --HOLE-- [fill = 0]
                  00006020    00000064     sysbios.aem4f : BIOS.obj (.text:ti_sysbios_family_arm_lm4_Timer_Module_startup__E)
                  00006084    00000004     --HOLE-- [fill = 0]
                  00006088    00000064                   : BIOS.obj (.text:ti_sysbios_family_arm_m3_Hwi_dispatchC__I)
                  000060ec    00000004     --HOLE-- [fill = 0]
                  000060f0    00000060     buttons.obj (.text:ButtonDebounce)
                  00006150    00000060     driverlib.lib : timer.obj (.text:TimerConfigure)
                  000061b0    00000060     sysbios.aem4f : BIOS.obj (.text:ti_sysbios_knl_Task_schedule__I)
                  00006210    0000005c                   : BIOS.obj (.text:ti_sysbios_knl_Swi_run__I)
                  0000626c    00000004     --HOLE-- [fill = 0]
                  00006270    0000005c                   : BIOS.obj (.text:ti_sysbios_knl_Swi_schedule__I)
                  000062cc    00000004     --HOLE-- [fill = 0]
                  000062d0    0000005c                   : BIOS.obj (.text:ti_sysbios_knl_Task_Module_startup__E)
                  0000632c    00000004     --HOLE-- [fill = 0]
                  00006330    0000005c                   : BIOS.obj (.text:ti_sysbios_knl_Task_startCore__E)
                  0000638c    0000005b     ti.targets.arm.rtsarm.aem4f : Text.oem4f (.text:xdc_runtime_Text_putLab__E)
                  000063e7    00000001     --HOLE-- [fill = 0]
                  000063e8    0000005a     grlib.lib : string.obj (.text:FontWideGlyphDataGet)
                  00006442    00000006     ti.targets.arm.rtsarm.aem4f : System.oem4f (.text:xdc_runtime_System_Module_startup__E)
                  00006448    00000058     buttons.obj (.text:ButtonAutoRepeat)
                  000064a0    00000058     boot.aem4f : boot.oem4f (.text)
                  000064f8    00000058     rtsv7M4_T_le_v4SPD16_eabi.lib : hostwrite.c.obj (.text:HOSTwrite)
                  00006550    00000058     sysbios.aem4f : m3_Hwi_asm_switch.obj (.text:ti_sysbios_family_arm_m3_Hwi_initStacks__E)
                  000065a8    00000056     rtsv7M4_T_le_v4SPD16_eabi.lib : _printfi.c.obj (.text:_pconv_f)
                  000065fe    00000054                                   : _ltoa.c.obj (.text:__TI_ltoa)
                  00006652    00000006     --HOLE-- [fill = 0]
                  00006658    00000054     sysbios.aem4f : BIOS.obj (.text:ti_sysbios_family_arm_lm4_Timer_initDevice__I)
                  000066ac    00000054     ti.targets.arm.rtsarm.aem4f : Assert.oem4f (.text:xdc_runtime_Assert_raise__I)
                  00006700    00000052     rtsv7M4_T_le_v4SPD16_eabi.lib : _printfi.c.obj (.text:_ecpy)
                  00006752    00000006     --HOLE-- [fill = 0]
                  00006758    00000050     sampling.obj (.text:ADC_ISR)
                  000067a8    00000050     Boot.aem4f : Boot_sysctl.oem4f (.text:_SysCtlFrequencyGet)
                  000067f8    00000050     sysbios.aem4f : BIOS.obj (.text:ti_sysbios_family_arm_m3_Hwi_Module_startup__E)
                  00006848    00000050     ti.targets.arm.rtsarm.aem4f : Startup.oem4f (.text:xdc_runtime_Startup_exec__E)
                  00006898    00000050                                 : Text.oem4f (.text:xdc_runtime_Text_visitRope2__I)
                  000068e8    0000004c     sampling.obj (.text:RisingTrigger)
                  00006934    0000004c     rtsv7M4_T_le_v4SPD16_eabi.lib : atoi.c.obj (.text:atoi)
                  00006980    0000004c                                   : cpy_tbl.c.obj (.text:copy_in)
                  000069cc    0000004c                                   : snprintf.c.obj (.text:snprintf)
                  00006a18    0000004c     sysbios.aem4f : BIOS.obj (.text:ti_sysbios_heaps_HeapMem_getStats__E)
                  00006a64    00000004     --HOLE-- [fill = 0]
                  00006a68    0000004c                   : BIOS.obj (.text:ti_sysbios_knl_Swi_runLoop__I)
                  00006ab4    00000004     --HOLE-- [fill = 0]
                  00006ab8    0000004c                   : BIOS.obj (.text:ti_sysbios_knl_Task_allBlockedFunction__I)
                  00006b04    0000004a     grlib.lib : string.obj (.text:UpdateContextCharMapping)
                  00006b4e    00000002     --HOLE-- [fill = 0]
                  00006b50    00000048     sampling.obj (.text:FallingTrigger)
                  00006b98    00000048     driverlib.lib : gpio.obj (.text:GPIOPinConfigure)
                  00006be0    00000048     HAL_EK_TM4C1294XL_Crystalfontz128x128_ST7735.obj (.text:HAL_LCD_writeCommand)
                  00006c28    00000048     sysctl_pll.obj (.text:SysCtlFrequencyGet)
                  00006c70    00000048     driverlib.lib : sysctl.obj (.text:_SysCtlFrequencyGet)
                  00006cb8    00000048     rtsv7M4_T_le_v4SPD16_eabi.lib : fd_toi_t2.asm.obj (.text)
                  00006d00    00000048     sysbios.aem4f : BIOS.obj (.text:ti_sysbios_family_arm_lm4_Timer_enableTimers__I)
                  00006d48    00000048                   : BIOS.obj (.text:ti_sysbios_family_arm_m3_Hwi_disableInterrupt__E)
                  00006d90    00000048                   : BIOS.obj (.text:ti_sysbios_family_arm_m3_Hwi_enableInterrupt__E)
                  00006dd8    00000048                   : BIOS.obj (.text:ti_sysbios_family_arm_m3_Hwi_excReserved__I)
                  00006e20    00000048                   : BIOS.obj (.text:ti_sysbios_knl_Mailbox_Module_startup__E)
                  00006e68    00000046     grlib.lib : line.obj (.text:GrLineDrawH)
                  00006eae    00000046               : line.obj (.text:GrLineDrawV)
                  00006ef4    00000046     ti.targets.arm.rtsarm.aem4f : Core-params.oem4f (.text:xdc_runtime_Core_assignParams__I)
                  00006f3a    00000006     --HOLE-- [fill = 0]
                  00006f40    00000044     Crystalfontz128x128_ST7735.obj (.text:Crystalfontz128x128_SetOrientation)
                  00006f84    00000044     rtsv7M4_T_le_v4SPD16_eabi.lib : fd_tou_t2.asm.obj (.text)
                  00006fc8    00000044     sysbios.aem4f : BIOS.obj (.text:ti_sysbios_family_arm_lm4_Timer_isrStub__E)
                  0000700c    00000004     --HOLE-- [fill = 0]
                  00007010    00000044                   : BIOS.obj (.text:ti_sysbios_family_arm_m3_Hwi_getStackInfo__E)
                  00007054    00000004     --HOLE-- [fill = 0]
                  00007058    00000044                   : BIOS.obj (.text:ti_sysbios_knl_Swi_post__E)
                  0000709c    00000044     ti.targets.arm.rtsarm.aem4f : Error.oem4f (.text:xdc_runtime_Error_setX__E)
                  000070e0    00000044                                 : SysMin.oem4f (.text:xdc_runtime_SysMin_flush__E)
                  00007124    00000044                                 : Text.oem4f (.text:xdc_runtime_Text_xprintf__I)
                  00007168    00000040     Crystalfontz128x128_ST7735.obj (.text:Crystalfontz128x128_LineDrawH)
                  000071a8    00000040     rtsv7M4_T_le_v4SPD16_eabi.lib : u_divt2.asm.obj (.text)
                  000071e8    00000040     sysbios.aem4f : BIOS.obj (.text:ti_sysbios_family_arm_lm4_Timer_startup__E)
                  00007228    0000003e     driverlib.lib : adc.obj (.text:ADCSequenceConfigure)
                  00007266    0000003e     rtsv7M4_T_le_v4SPD16_eabi.lib : _printfi.c.obj (.text:_fcpy)
                  000072a4    0000003c     driverlib.lib : ssi.obj (.text:SSIConfigSetExpClk)
                  000072e0    0000003c     sysbios.aem4f : BIOS.obj (.text:ti_sysbios_family_arm_m3_Hwi_excSvCall__I)
                  0000731c    00000004     --HOLE-- [fill = 0]
                  00007320    0000003c                   : BIOS.obj (.text:ti_sysbios_heaps_HeapMem_init__I)
                  0000735c    00000004     --HOLE-- [fill = 0]
                  00007360    0000003c                   : BIOS.obj (.text:ti_sysbios_knl_Swi_restore__E)
                  0000739c    0000003a     grlib.lib : string.obj (.text:FontGlyphDataGet)
                  000073d6    00000002     --HOLE-- [fill = 0]
                  000073d8    00000038     Crystalfontz128x128_ST7735.obj (.text:Crystalfontz128x128_Flush)
                  00007410    00000038     main.obj (.text:Processing_task)
                  00007448    00000038     rtsv7M4_T_le_v4SPD16_eabi.lib : trgmsg.c.obj (.text:__TI_writemsg)
                  00007480    00000038                                   : fs_tod_t2.asm.obj (.text)
                  000074b8    00000038     sysbios.aem4f : BIOS.obj (.text:ti_sysbios_family_arm_m3_Hwi_excNoIsr__I)
                  000074f0    00000038                   : BIOS.obj (.text:ti_sysbios_knl_Task_processVitalTaskFlag__I)
                  00007528    00000038     ti.targets.arm.rtsarm.aem4f : SysMin.oem4f (.text:xdc_runtime_SysMin_putch__E)
                  00007560    00000038                                 : System.oem4f (.text:xdc_runtime_System_atexit__E)
                  00007598    00000036     grlib.lib : line.obj (.text:GrClipCodeGet)
                  000075ce    00000002     --HOLE-- [fill = 0]
                  000075d0    00000034     driverlib.lib : sysctl.obj (.text:SysCtlPeripheralEnable)
                  00007604    00000034     rtsv7M4_T_le_v4SPD16_eabi.lib : trgmsg.c.obj (.text:__TI_readmsg)
                  00007638    00000034     buttons.obj (.text:fifo_put)
                  0000766c    00000004     --HOLE-- [fill = 0]
                  00007670    00000034     sysbios.aem4f : BIOS.obj (.text:ti_sysbios_family_arm_m3_Hwi_excNmi__I)
                  000076a4    00000004     --HOLE-- [fill = 0]
                  000076a8    00000034                   : BIOS.obj (.text:ti_sysbios_hal_Hwi_checkStack)
                  000076dc    00000034     ti.targets.arm.rtsarm.aem4f : Core-label.oem4f (.text:xdc_runtime_Core_assignLabel__I)
                  00007710    00000033                                 : Text.oem4f (.text:xdc_runtime_Text_printVisFxn__I)
                  00007743    00000005     --HOLE-- [fill = 0]
                  00007748    00000032     sysbios.aem4f : BIOS.obj (.text:ti_sysbios_hal_Hwi_initStack)
                  0000777a    00000030     rtsv7M4_T_le_v4SPD16_eabi.lib : snprintf.c.obj (.text:_outs)
                  000077aa    00000006     --HOLE-- [fill = 0]
                  000077b0    00000030     main.obj (.text:cpu_load_count)
                  000077e0    00000030     rtos_pem4f.oem4f (.text:ti_sysbios_BIOS_atExitFunc__I)
                  00007810    00000030     sysbios.aem4f : BIOS.obj (.text:ti_sysbios_family_arm_lm4_Timer_stop__E)
                  00007840    00000030                   : BIOS.obj (.text:ti_sysbios_family_arm_m3_TaskSupport_start__E)
                  00007870    00000030     rtos_pem4f.oem4f (.text:ti_sysbios_gates_GateHwi_Object__create__S)
                  000078a0    00000030     rtos_pem4f.oem4f (.text:ti_sysbios_gates_GateMutex_Object__create__S)
                  000078d0    00000030     rtos_pem4f.oem4f (.text:ti_sysbios_heaps_HeapMem_Object__create__S)
                  00007900    00000030     sysbios.aem4f : BIOS.obj (.text:ti_sysbios_knl_Mailbox_postInit__I)
                  00007930    00000030     rtos_pem4f.oem4f (.text:ti_sysbios_knl_Semaphore_construct)
                  00007960    00000030     sysbios.aem4f : BIOS.obj (.text:ti_sysbios_knl_Semaphore_pendTimeout__I)
                  00007990    00000030                   : BIOS.obj (.text:ti_sysbios_knl_Task_unblockI__E)
                  000079c0    00000030     ti.targets.arm.rtsarm.aem4f : SysMin.oem4f (.text:xdc_runtime_SysMin_abort__E)
                  000079f0    00000030                                 : System.oem4f (.text:xdc_runtime_System_processAtExit__E)
                  00007a20    0000002e     driverlib.lib : adc.obj (.text:ADCIntStatus)
                  00007a4e    0000002e     grlib.lib : string.obj (.text:GrStringNextCharGet)
                  00007a7c    0000002e     rtsv7M4_T_le_v4SPD16_eabi.lib : i_tofd_t2.asm.obj (.text)
                  00007aaa    00000006     --HOLE-- [fill = 0]
                  00007ab0    0000002c     rtos_pem4f.oem4f (.text:ti_sysbios_knl_Clock_doTick__I)
                  00007adc    00000004     --HOLE-- [fill = 0]
                  00007ae0    0000002c     rtos_pem4f.oem4f (.text:ti_sysbios_knl_Queue_construct)
                  00007b0c    00000004     --HOLE-- [fill = 0]
                  00007b10    0000002c     sysbios.aem4f : BIOS.obj (.text:ti_sysbios_knl_Task_restore__E)
                  00007b3c    0000002c     ti.targets.arm.rtsarm.aem4f : Text.oem4f (.text:xdc_runtime_Text_cordText__E)
                  00007b68    0000002a     driverlib.lib : gpio.obj (.text:GPIODirModeSet)
                  00007b92    0000002a     ti.targets.arm.rtsarm.aem4f : System.oem4f (.text:xdc_runtime_System_putchar__I)
                  00007bbc    00000004     --HOLE-- [fill = 0]
                  00007bc0    00000028     sysbios.aem4f : BIOS.obj (.text:ti_sysbios_knl_Clock_addI__E)
                  00007be8    00000028                   : BIOS.obj (.text:ti_sysbios_knl_Swi_Module_startup__E)
                  00007c10    00000026     grlib.lib : string.obj (.text:GrFontInfoGet)
                  00007c36    00000026     sysbios.aem4f : m3_Hwi_asm.obj (.text:ti_sysbios_family_arm_m3_Hwi_pendSV__I)
                  00007c5c    00000026     ti.targets.arm.rtsarm.aem4f : System.oem4f (.text:xdc_runtime_System_avprintf__E)
                  00007c82    00000002     --HOLE-- [fill = 0]
                  00007c84    00000024     driverlib.lib : interrupt.obj (.text:IntPrioritySet)
                  00007ca8    00000024     rtos_pem4f.oem4f (.text:ti_sysbios_BIOS_errorRaiseHook__I)
                  00007ccc    00000004     --HOLE-- [fill = 0]
                  00007cd0    00000024     rtos_pem4f.oem4f (.text:ti_sysbios_BIOS_registerRTSLock__I)
                  00007cf4    00000004     --HOLE-- [fill = 0]
                  00007cf8    00000024     rtos_pem4f.oem4f (.text:ti_sysbios_BIOS_removeRTSLock__I)
                  00007d1c    00000004     --HOLE-- [fill = 0]
                  00007d20    00000024     rtos_pem4f.oem4f (.text:ti_sysbios_BIOS_startFunc__I)
                  00007d44    00000004     --HOLE-- [fill = 0]
                  00007d48    00000024     rtos_pem4f.oem4f (.text:ti_sysbios_gates_GateMutex_Object__delete__S)
                  00007d6c    00000004     --HOLE-- [fill = 0]
                  00007d70    00000024     sysbios.aem4f : BIOS.obj (.text:ti_sysbios_knl_Clock_Module_startup__E)
                  00007d94    00000004     --HOLE-- [fill = 0]
                  00007d98    00000024                   : BIOS.obj (.text:ti_sysbios_knl_Task_restoreHwi__E)
                  00007dbc    00000024     ti.targets.arm.rtsarm.aem4f : System.oem4f (.text:xdc_runtime_System_vprintf__E)
                  00007de0    00000022     grlib.lib : string.obj (.text:GrFontGlyphDataGet)
                  00007e02    00000022     driverlib.lib : pwm.obj (.text:PWMGenConfigure)
                  00007e24    00000004     --HOLE-- [fill = 0]
                  00007e28    00000022     sysbios.aem4f : BIOS.obj (.text:ti_sysbios_family_arm_lm4_Timer_write__I)
                  00007e4a    00000006     --HOLE-- [fill = 0]
                  00007e50    00000022     rtos_pem4f.oem4f (.text:xdc_runtime_SysMin_output__I)
                  00007e72    00000002     --HOLE-- [fill = 0]
                  00007e74    00000020     Boot.aem4f : Boot_sysctl.oem4f (.text:_SysCtlMemTimingGet)
                  00007e94    00000020     rtsv7M4_T_le_v4SPD16_eabi.lib : u_tofd_t2.asm.obj (.text)
                  00007eb4    00000004     --HOLE-- [fill = 0]
                  00007eb8    00000020     rtos_pem4f.oem4f (.text:ti_sysbios_BIOS_rtsLock__I)
                  00007ed8    00000020     sysbios.aem4f : m3_Hwi_asm.obj (.text:ti_sysbios_family_arm_m3_Hwi_excHandlerAsm__I)
                  00007ef8    00000020                   : BIOS.obj (.text:ti_sysbios_family_arm_m3_Hwi_excHandler__I)
                  00007f18    00000020     rtos_pem4f.oem4f (.text:ti_sysbios_gates_GateHwi_Object__delete__S)
                  00007f38    00000020     rtos_pem4f.oem4f (.text:ti_sysbios_heaps_HeapMem_Object__delete__S)
                  00007f58    00000020     sysbios.aem4f : BIOS.obj (.text:ti_sysbios_knl_Idle_run__E)
                  00007f78    00000020     rtos_pem4f.oem4f (.text:ti_sysbios_knl_Semaphore_Object__destruct__S)
                  00007f98    00000020     ti.targets.arm.rtsarm.aem4f : Registry.oem4f (.text:xdc_runtime_Registry_findById__E)
                  00007fb8    00000020                                 : SysMin.oem4f (.text:xdc_runtime_SysMin_Module_startup__E)
                  00007fd8    0000001e     driverlib.lib : adc.obj (.text:ADCSequenceDataGet)
                  00007ff6    00000002     --HOLE-- [fill = 0]
                  00007ff8    0000001e     Crystalfontz128x128_ST7735.obj (.text:Crystalfontz128x128_ColorTranslate)
                  00008016    0000001e     grlib.lib : string.obj (.text:GrFontCodepageGet)
                  00008034    0000001e     driverlib.lib : pwm.obj (.text:PWMPulseWidthSet)
                  00008052    0000001e     sysbios.aem4f : m3_Hwi_asm_switch.obj (.text:ti_sysbios_family_xxx_Hwi_switchAndRunFunc)
                  00008070    0000001c     Crystalfontz128x128_ST7735.obj (.text:Crystalfontz128x128_LineDrawV)
                  0000808c    0000001c     driverlib.lib : sysctl.obj (.text:_SysCtlMemTimingGet)
                  000080a8    0000001c     rtsv7M4_T_le_v4SPD16_eabi.lib : memccpy.c.obj (.text:memccpy)
                  000080c4    00000004     --HOLE-- [fill = 0]
                  000080c8    0000001c     sysbios.aem4f : BIOS.obj (.text:ti_sysbios_gates_GateMutex_Instance_init__E)
                  000080e4    00000004     --HOLE-- [fill = 0]
                  000080e8    0000001c     rtos_pem4f.oem4f (.text:ti_sysbios_knl_Queue_Object__destruct__S)
                  00008104    00000004     --HOLE-- [fill = 0]
                  00008108    0000001c     sysbios.aem4f : BIOS.obj (.text:ti_sysbios_knl_Queue_get__E)
                  00008124    00000004     --HOLE-- [fill = 0]
                  00008128    0000001c                   : BIOS.obj (.text:ti_sysbios_knl_Queue_put__E)
                  00008144    00000004     --HOLE-- [fill = 0]
                  00008148    0000001c                   : BIOS.obj (.text:ti_sysbios_knl_Task_enter__I)
                  00008164    0000001c     ti.targets.arm.rtsarm.aem4f : Error.oem4f (.text:xdc_runtime_Error_raiseX__E)
                  00008180    0000001c                                 : Memory.oem4f (.text:xdc_runtime_Memory_valloc__E)
                  0000819c    0000001c                                 : SysMin.oem4f (.text:xdc_runtime_SysMin_exit__E)
                  000081b8    0000001c                                 : System.oem4f (.text:xdc_runtime_System_abort__E)
                  000081d4    0000001a     rtsv7M4_T_le_v4SPD16_eabi.lib : s_copysign.c.obj (.text:copysign)
                  000081ee    00000002     --HOLE-- [fill = 0]
                  000081f0    0000001a     rtos_pem4f.oem4f (.text:ti_sysbios_family_arm_m3_Hwi_Handle__label__S)
                  0000820a    00000006     --HOLE-- [fill = 0]
                  00008210    0000001a     rtos_pem4f.oem4f (.text:ti_sysbios_gates_GateHwi_Handle__label__S)
                  0000822a    00000006     --HOLE-- [fill = 0]
                  00008230    0000001a     rtos_pem4f.oem4f (.text:ti_sysbios_gates_GateMutex_Handle__label__S)
                  0000824a    00000006     --HOLE-- [fill = 0]
                  00008250    0000001a     rtos_pem4f.oem4f (.text:ti_sysbios_heaps_HeapMem_Handle__label__S)
                  0000826a    00000006     --HOLE-- [fill = 0]
                  00008270    0000001a     rtos_pem4f.oem4f (.text:ti_sysbios_knl_Swi_Handle__label__S)
                  0000828a    00000006     --HOLE-- [fill = 0]
                  00008290    0000001a     rtos_pem4f.oem4f (.text:ti_sysbios_knl_Task_Handle__label__S)
                  000082aa    00000006     --HOLE-- [fill = 0]
                  000082b0    0000001a     rtos_pem4f.oem4f (.text:xdc_runtime_System_aprintf__E)
                  000082ca    00000006     --HOLE-- [fill = 0]
                  000082d0    0000001a     rtos_pem4f.oem4f (.text:xdc_runtime_System_printf__E)
                  000082ea    00000018     driverlib.lib : adc.obj (.text:ADCClockConfigSet)
                  00008302    00000018                   : adc.obj (.text:ADCProcessorTrigger)
                  0000831a    00000018                   : gpio.obj (.text:GPIOPinTypeGPIOOutput)
                  00008332    00000002     --HOLE-- [fill = 0]
                  00008334    00000018     rtsv7M4_T_le_v4SPD16_eabi.lib : args_main.c.obj (.text:_args_main)
                  0000834c    00000018                                   : snprintf.c.obj (.text:_outc)
                  00008364    00000004     --HOLE-- [fill = 0]
                  00008368    00000018     rtos_pem4f.oem4f (.text:ti_sysbios_BIOS_rtsUnlock__I)
                  00008380    00000018     rtos_pem4f.oem4f (.text:ti_sysbios_family_arm_lm4_Timer_Module__startupDone__F)
                  00008398    00000018     rtos_pem4f.oem4f (.text:ti_sysbios_family_arm_m3_Hwi_Module__startupDone__F)
                  000083b0    00000018     sysbios.aem4f : m3_TaskSupport_asm.obj (.text:ti_sysbios_family_arm_m3_TaskSupport_swap__E)
                  000083c8    00000018                   : BIOS.obj (.text:ti_sysbios_gates_GateMutex_leave__E)
                  000083e0    00000018     ti.targets.arm.rtsarm.aem4f : Error.oem4f (.text:xdc_runtime_Error_check__E)
                  000083f8    00000018                                 : System.oem4f (.text:xdc_runtime_System_exit__E)
                  00008410    00000018                                 : Text.oem4f (.text:xdc_runtime_Text_ropeText__E)
                  00008428    00000016     grlib.lib : string.obj (.text:GrStringDraw)
                  0000843e    00000016     rtsv7M4_T_le_v4SPD16_eabi.lib : strchr.c.obj (.text:strchr)
                  00008454    00000004     --HOLE-- [fill = 0]
                  00008458    00000016     rtos_pem4f.oem4f (.text:ti_sysbios_BIOS_exitFunc__I)
                  0000846e    00000002     --HOLE-- [fill = 0]
                  00008470    00000016     sysbios.aem4f : BIOS.obj (.text:ti_sysbios_knl_Task_unblock__E)
                  00008486    00000002     --HOLE-- [fill = 0]
                  00008488    00000014     Crystalfontz128x128_ST7735.obj (.text:Crystalfontz128x128_PixelDraw)
                  0000849c    00000014     driverlib.lib : pwm.obj (.text:PWMClockSet)
                  000084b0    00000014                   : timer.obj (.text:TimerDisable)
                  000084c4    00000014     rtsv7M4_T_le_v4SPD16_eabi.lib : strlen.c.obj (.text:strlen)
                  000084d8    00000014     rtos_pem4f.oem4f (.text:ti_sysbios_family_arm_m3_Hwi_Object__get__S)
                  000084ec    00000004     --HOLE-- [fill = 0]
                  000084f0    00000014     sysbios.aem4f : BIOS.obj (.text:ti_sysbios_family_arm_m3_Hwi_switchFromBootStack__E)
                  00008504    00000004     --HOLE-- [fill = 0]
                  00008508    00000014     rtos_pem4f.oem4f (.text:ti_sysbios_heaps_HeapMem_Object__get__S)
                  0000851c    00000004     --HOLE-- [fill = 0]
                  00008520    00000014     rtos_pem4f.oem4f (.text:ti_sysbios_knl_Mailbox_Object__get__S)
                  00008534    00000004     --HOLE-- [fill = 0]
                  00008538    00000014     rtos_pem4f.oem4f (.text:ti_sysbios_knl_Swi_Object__get__S)
                  0000854c    00000012     driverlib.lib : gpio.obj (.text:GPIOPinTypeADC)
                  0000855e    00000012                   : gpio.obj (.text:GPIOPinTypeGPIOInput)
                  00008570    00000012                   : gpio.obj (.text:GPIOPinTypePWM)
                  00008582    00000012                   : gpio.obj (.text:GPIOPinTypeSSI)
                  00008594    00000012                   : pwm.obj (.text:PWMOutputState)
                  000085a6    00000012                   : timer.obj (.text:TimerLoadSet)
                  000085b8    00000012     sysbios.aem4f : BIOS.obj (.text:ti_sysbios_hal_Hwi_Module_startup__E)
                  000085ca    00000012     rtsv7M4_T_le_v4SPD16_eabi.lib : wcslen.c.obj (.text:wcslen)
                  000085dc    00000004     --HOLE-- [fill = 0]
                  000085e0    00000012     rtos_pem4f.oem4f (.text:xdc_runtime_Startup_exec__I)
                  000085f2    00000006     --HOLE-- [fill = 0]
                  000085f8    00000010     rtos_pem4f.oem4f (.text:.bootCodeSection:ti_catalog_arm_cortexm4_tiva_ce_Boot_init__I)
                  00008608    00000010     driverlib.lib : adc.obj (.text:ADCIntEnable)
                  00008618    00000010                   : interrupt.obj (.text:IntMasterDisable)
                  00008628    00000010                   : interrupt.obj (.text:IntMasterEnable)
                  00008638    00000010                   : pwm.obj (.text:PWMGenPeriodSet)
                  00008648    00000010     sysbios.aem4f : BIOS.obj (.text:ti_sysbios_BIOS_setThreadType__E)
                  00008658    00000010                   : BIOS.obj (.text:ti_sysbios_BIOS_start__E)
                  00008668    00000010                   : m3_TaskSupport_asm.obj (.text:ti_sysbios_family_arm_m3_TaskSupport_glue)
                  00008678    00000010                   : BIOS.obj (.text:ti_sysbios_gates_GateMutex_Instance_finalize__E)
                  00008688    00000010                   : BIOS.obj (.text:ti_sysbios_knl_Semaphore_Instance_finalize__E)
                  00008698    00000010                   : BIOS.obj (.text:ti_sysbios_knl_Swi_disable__E)
                  000086a8    00000010     rtos_pem4f.oem4f (.text:ti_sysbios_knl_Task_Object__get__S)
                  000086b8    00000010     sysbios.aem4f : BIOS.obj (.text:ti_sysbios_knl_Task_disable__E)
                  000086c8    00000010     ti.targets.arm.rtsarm.aem4f : Gate.oem4f (.text:xdc_runtime_Gate_leaveSystem__E)
                  000086d8    00000010                                 : Memory.oem4f (.text:xdc_runtime_Memory_free__E)
                  000086e8    00000010                                 : SysMin.oem4f (.text:xdc_runtime_SysMin_ready__E)
                  000086f8    00000010                                 : System.oem4f (.text:xdc_runtime_System_vsnprintf__E)
                  00008708    00000010     rtos_pem4f.oem4f (.text:xdc_runtime_Text_visitRope__I)
                  00008718    0000000e     driverlib.lib : adc.obj (.text:ADCSequenceDisable)
                  00008726    0000000e                   : adc.obj (.text:ADCSequenceEnable)
                  00008734    0000000e                   : timer.obj (.text:TimerEnable)
                  00008742    0000000e     rtsv7M4_T_le_v4SPD16_eabi.lib : copy_decompress_none.c.obj (.text:decompress:none:__TI_decompress_none)
                  00008750    0000000e     sysbios.aem4f : BIOS.obj (.text:ti_sysbios_knl_Idle_loop__E)
                  0000875e    00000002     --HOLE-- [fill = 0]
                  00008760    0000000e                   : BIOS.obj (.text:ti_sysbios_knl_Queue_empty__E)
                  0000876e    00000002     --HOLE-- [fill = 0]
                  00008770    0000000c     main.obj (.text:Buttonclock_func)
                  0000877c    0000000c     driverlib.lib : cpu.obj (.text:CPUcpsid)
                  00008788    0000000c                   : cpu.obj (.text:CPUcpsie)
                  00008794    00000004     --HOLE-- [fill = 0]
                  00008798    0000000c     HAL_EK_TM4C1294XL_Crystalfontz128x128_ST7735.obj (.text:HAL_LCD_writeData)
                  000087a4    0000000c     driverlib.lib : pwm.obj (.text:PWMGenEnable)
                  000087b0    0000000c     rtsv7M4_T_le_v4SPD16_eabi.lib : _lock.c.obj (.text:_register_lock)
                  000087bc    0000000c                                   : _lock.c.obj (.text:_register_unlock)
                  000087c8    0000000c                                   : copy_zero_init.c.obj (.text:decompress:ZI:__TI_zero_init)
                  000087d4    00000004     --HOLE-- [fill = 0]
                  000087d8    0000000c     sysbios.aem4f : BIOS.obj (.text:ti_sysbios_family_arm_lm4_Timer_getMaxTicks__E)
                  000087e4    00000004     --HOLE-- [fill = 0]
                  000087e8    0000000c                   : BIOS.obj (.text:ti_sysbios_family_arm_m3_TaskSupport_checkStack__E)
                  000087f4    00000004     --HOLE-- [fill = 0]
                  000087f8    0000000c                   : BIOS.obj (.text:ti_sysbios_gates_GateHwi_enter__E)
                  00008804    00000004     --HOLE-- [fill = 0]
                  00008808    0000000c     rtos_pem4f.oem4f (.text:ti_sysbios_knl_Queue_Object__get__S)
                  00008814    0000000c     ti.targets.arm.rtsarm.aem4f : Error.oem4f (.text:xdc_runtime_Error_init__E)
                  00008820    0000000c                                 : Gate.oem4f (.text:xdc_runtime_Gate_enterSystem__E)
                  0000882c    0000000c                                 : Memory.oem4f (.text:xdc_runtime_Memory_calloc__E)
                  00008838    0000000c                                 : Memory.oem4f (.text:xdc_runtime_Memory_getMaxDefaultTypeAlign__E)
                  00008844    0000000a     driverlib.lib : adc.obj (.text:ADCIntClear)
                  0000884e    0000000a                   : ssi.obj (.text:SSIDataPut)
                  00008858    0000000a                   : ssi.obj (.text:SSIEnable)
                  00008862    0000000a                   : timer.obj (.text:TimerIntStatus)
                  0000886c    00000004     --HOLE-- [fill = 0]
                  00008870    0000000a     rtos_pem4f.oem4f (.text:xdc_runtime_IHeap_alloc)
                  0000887a    00000006     --HOLE-- [fill = 0]
                  00008880    0000000a     rtos_pem4f.oem4f (.text:xdc_runtime_IHeap_free)
                  0000888a    00000008     grlib.lib : charmap.obj (.text:GrMapISO8859_1_Unicode)
                  00008892    00000008     driverlib.lib : ssi.obj (.text:SSIBusy)
                  0000889a    00000008                   : timer.obj (.text:TimerIntEnable)
                  000088a2    00000002     --HOLE-- [fill = 0]
                  000088a4    00000008     rtsv7M4_T_le_v4SPD16_eabi.lib : errno.c.obj (.text:__aeabi_errno_addr)
                  000088ac    00000008     sysbios.aem4f : BIOS.obj (.text:ti_sysbios_family_arm_lm4_Timer_masterDisable__I)
                  000088b4    00000004     --HOLE-- [fill = 0]
                  000088b8    00000008                   : BIOS.obj (.text:ti_sysbios_family_arm_m3_Hwi_doSwiRestore__I)
                  000088c0    00000008                   : BIOS.obj (.text:ti_sysbios_family_arm_m3_Hwi_startup__E)
                  000088c8    00000006                   : BIOS.obj (.text:ti_sysbios_family_arm_lm4_TimestampProvider_Module_startup__E)
                  000088ce    00000002     --HOLE-- [fill = 0]
                  000088d0    00000006                   : BIOS.obj (.text:ti_sysbios_family_arm_m3_Hwi_doTaskRestore__I)
                  000088d6    00000002     --HOLE-- [fill = 0]
                  000088d8    00000006                   : BIOS.obj (.text:ti_sysbios_gates_GateHwi_leave__E)
                  000088de    00000002     --HOLE-- [fill = 0]
                  000088e0    00000006                   : BIOS.obj (.text:ti_sysbios_heaps_HeapMem_isBlocking__E)
                  000088e6    00000002     --HOLE-- [fill = 0]
                  000088e8    00000006                   : BIOS.obj (.text:ti_sysbios_knl_Queue_Instance_init__E)
                  000088ee    00000002     --HOLE-- [fill = 0]
                  000088f0    00000006                   : BIOS.obj (.text:ti_sysbios_knl_Swi_startup__E)
                  000088f6    00000002     --HOLE-- [fill = 0]
                  000088f8    00000004     rtos_pem4f.oem4f (.text:ti_sysbios_BIOS_RtsGateProxy_enter__E)
                  000088fc    00000004     --HOLE-- [fill = 0]
                  00008900    00000004     rtos_pem4f.oem4f (.text:ti_sysbios_BIOS_RtsGateProxy_leave__E)
                  00008904    00000004     --HOLE-- [fill = 0]
                  00008908    00000004     rtos_pem4f.oem4f (.text:ti_sysbios_family_arm_m3_TaskSupport_Module__startupDone__S)
                  0000890c    00000004     --HOLE-- [fill = 0]
                  00008910    00000004     sysbios.aem4f : BIOS.obj (.text:ti_sysbios_gates_GateHwi_query__E)
                  00008914    00000004     --HOLE-- [fill = 0]
                  00008918    00000004                   : BIOS.obj (.text:ti_sysbios_gates_GateMutex_query__E)
                  0000891c    00000004     --HOLE-- [fill = 0]
                  00008920    00000004     rtos_pem4f.oem4f (.text:ti_sysbios_heaps_HeapMem_Module_GateProxy_enter__E)
                  00008924    00000004     --HOLE-- [fill = 0]
                  00008928    00000004     rtos_pem4f.oem4f (.text:ti_sysbios_heaps_HeapMem_Module_GateProxy_leave__E)
                  0000892c    00000004     --HOLE-- [fill = 0]
                  00008930    00000004     rtos_pem4f.oem4f (.text:ti_sysbios_knl_Clock_TimerProxy_getMaxTicks__E)
                  00008934    00000004     --HOLE-- [fill = 0]
                  00008938    00000004     rtos_pem4f.oem4f (.text:ti_sysbios_knl_Queue_destruct)
                  0000893c    00000004     --HOLE-- [fill = 0]
                  00008940    00000004     rtos_pem4f.oem4f (.text:ti_sysbios_knl_Semaphore_destruct)
                  00008944    00000004     --HOLE-- [fill = 0]
                  00008948    00000004     sysbios.aem4f : BIOS.obj (.text:ti_sysbios_knl_Task_startup__E)
                  0000894c    00000004     --HOLE-- [fill = 0]
                  00008950    00000004     rtos_pem4f.oem4f (.text:xdc_runtime_System_Module_GateProxy_enter__E)
                  00008954    00000004     --HOLE-- [fill = 0]
                  00008958    00000004     rtos_pem4f.oem4f (.text:xdc_runtime_System_Module_GateProxy_leave__E)
                  0000895c    00000004     --HOLE-- [fill = 0]
                  00008960    00000002     rtos_pem4f.oem4f (.text:ti_sysbios_BIOS_nullFunc__I)
                  00008962    00000006     --HOLE-- [fill = 0]
                  00008968    00000002     sysbios.aem4f : BIOS.obj (.text:ti_sysbios_gates_GateHwi_Instance_init__E)
                  0000896a    00000006     --HOLE-- [fill = 0]
                  00008970    00000002                   : BIOS.obj (.text:ti_sysbios_knl_Clock_logTick__E)
                  00008972    00000006     --HOLE-- [fill = 0]
                  00008978    00000002     rtos_pem4f.oem4f (.text:xdc_runtime_Startup_reset__I)

.const     0    0000897c    00002974     
                  0000897c    0000199a     rtos_pem4f.oem4f (.const:xdc_runtime_Text_charTab__A)
                  0000a316    000002f8     grlib.lib : fontfixed6x8.obj (.const:.string:g_pui8FontFixed6x8Data)
                  0000a60e    00000002     rtos_pem4f.oem4f (.const:ti_catalog_arm_cortexm4_tiva_ce_Boot_Module__id__C)
                  0000a610    00000120     Boot.aem4f : Boot_sysctl.oem4f (.const:g_pppui32XTALtoVCO)
                  0000a730    00000120     driverlib.lib : sysctl.obj (.const:g_pppui32XTALtoVCO)
                  0000a850    00000101     rtsv7M4_T_le_v4SPD16_eabi.lib : ctype.c.obj (.const:.string:_ctypes_)
                  0000a951    00000001     rtos_pem4f.oem4f (.const:xdc_runtime_Error_policy__C)
                  0000a952    00000002     rtos_pem4f.oem4f (.const:ti_sysbios_family_arm_lm4_TimestampProvider_Module__id__C)
                  0000a954    000000c8     grlib.lib : fontfixed6x8.obj (.const:g_sFontFixed6x8)
                  0000aa1c    000000c8     rtos_pem4f.oem4f (.const:xdc_runtime_Text_nodeTab__A)
                  0000aae4    0000009c     driverlib.lib : interrupt.obj (.const:g_pui32Regs)
                  0000ab80    00000090     main.obj (.const:.string)
                  0000ac10    00000090     driverlib.lib : gpio.obj (.const:g_pui32GPIOBaseAddrs)
                  0000aca0    00000070                   : interrupt.obj (.const)
                  0000ad10    0000006c     Boot.aem4f : Boot_sysctl.oem4f (.const:g_pui32Xtals)
                  0000ad7c    0000006c     driverlib.lib : sysctl.obj (.const:g_pui32Xtals)
                  0000ade8    00000048     rtos_pem4f.oem4f (.const:.string)
                  0000ae30    00000034     rtos_pem4f.oem4f (.const)
                  0000ae64    00000030     Boot.aem4f : Boot_sysctl.oem4f (.const:g_sXTALtoMEMTIM)
                  0000ae94    00000030     driverlib.lib : sysctl.obj (.const:g_sXTALtoMEMTIM)
                  0000aec4    00000028     Crystalfontz128x128_ST7735.obj (.const:g_sCrystalfontz128x128)
                  0000aeec    00000028     rtos_pem4f.oem4f (.const:ti_sysbios_heaps_HeapMem_Module__FXNS__C)
                  0000af14    00000028     rtos_pem4f.oem4f (.const:xdc_runtime_Startup_sfxnTab__A)
                  0000af3c    00000024     rtos_pem4f.oem4f (.const:ti_sysbios_gates_GateHwi_Module__FXNS__C)
                  0000af60    00000024     rtos_pem4f.oem4f (.const:ti_sysbios_gates_GateMutex_Module__FXNS__C)
                  0000af84    00000024     rtos_pem4f.oem4f (.const:ti_sysbios_heaps_HeapMem_Object__PARAMS__C)
                  0000afa8    00000024     rtos_pem4f.oem4f (.const:ti_sysbios_knl_Semaphore_Object__PARAMS__C)
                  0000afcc    00000020     rtos_pem4f.oem4f (.const:ti_sysbios_gates_GateHwi_Object__DESC__C)
                  0000afec    00000020     rtos_pem4f.oem4f (.const:ti_sysbios_gates_GateMutex_Object__DESC__C)
                  0000b00c    00000020     rtos_pem4f.oem4f (.const:ti_sysbios_heaps_HeapMem_Object__DESC__C)
                  0000b02c    00000020     rtos_pem4f.oem4f (.const:ti_sysbios_knl_Queue_Object__DESC__C)
                  0000b04c    00000020     rtos_pem4f.oem4f (.const:ti_sysbios_knl_Semaphore_Object__DESC__C)
                  0000b06c    00000018     rtos_pem4f.oem4f (.const:ti_sysbios_gates_GateHwi_Object__PARAMS__C)
                  0000b084    00000018     rtos_pem4f.oem4f (.const:ti_sysbios_gates_GateMutex_Object__PARAMS__C)
                  0000b09c    00000018     rtos_pem4f.oem4f (.const:ti_sysbios_knl_Queue_Object__PARAMS__C)
                  0000b0b4    00000018     rtos_pem4f.oem4f (.const:xdc_runtime_Startup_firstFxns__A)
                  0000b0cc    00000014     main.obj (.const:gVoltageScaleStr)
                  0000b0e0    00000014     rtos_pem4f.oem4f (.const:xdc_runtime_Startup_sfxnRts__A)
                  0000b0f4    00000010     grlib.lib : context.obj (.const)
                  0000b104    00000008     Boot.aem4f : Boot_sysctl.oem4f (.const)
                  0000b10c    00000008     driverlib.lib : sysctl.obj (.const)
                  0000b114    00000008     main.obj (.const:gTriggerSlopeStr)
                  0000b11c    00000008     rtos_pem4f.oem4f (.const:ti_sysbios_family_arm_m3_Hwi_excHookFuncs__A)
                  0000b124    00000008     rtos_pem4f.oem4f (.const:ti_sysbios_knl_Idle_funcList__C)
                  0000b12c    00000008     rtos_pem4f.oem4f (.const:xdc_runtime_Startup_firstFxns__C)
                  0000b134    00000008     rtos_pem4f.oem4f (.const:xdc_runtime_Startup_lastFxns__C)
                  0000b13c    00000004     rtos_pem4f.oem4f (.const:ti_catalog_arm_cortexm4_tiva_ce_Boot_A_mustNotUseEnhancedClockMode__C)
                  0000b140    00000004     rtos_pem4f.oem4f (.const:ti_catalog_arm_cortexm4_tiva_ce_Boot_Module__diagsEnabled__C)
                  0000b144    00000004     rtos_pem4f.oem4f (.const:ti_catalog_arm_cortexm4_tiva_ce_Boot_Module__diagsIncluded__C)
                  0000b148    00000004     rtos_pem4f.oem4f (.const:ti_catalog_arm_cortexm4_tiva_ce_Boot_Module__diagsMask__C)
                  0000b14c    00000004     rtos_pem4f.oem4f (.const:ti_sysbios_family_arm_lm4_Timer_enableFunc__C)
                  0000b150    00000004     rtos_pem4f.oem4f (.const:ti_sysbios_family_arm_lm4_Timer_numTimerDevices__C)
                  0000b154    00000004     rtos_pem4f.oem4f (.const:ti_sysbios_family_arm_lm4_Timer_startupNeeded__C)
                  0000b158    00000004     rtos_pem4f.oem4f (.const:ti_sysbios_family_arm_lm4_TimestampProvider_Module__diagsEnabled__C)
                  0000b15c    00000004     rtos_pem4f.oem4f (.const:ti_sysbios_family_arm_lm4_TimestampProvider_Module__diagsIncluded__C)
                  0000b160    00000004     rtos_pem4f.oem4f (.const:ti_sysbios_family_arm_lm4_TimestampProvider_Module__diagsMask__C)
                  0000b164    00000004     rtos_pem4f.oem4f (.const:ti_sysbios_family_arm_m3_Hwi_E_NMI__C)
                  0000b168    00000004     rtos_pem4f.oem4f (.const:ti_sysbios_family_arm_m3_Hwi_E_busFault__C)
                  0000b16c    00000004     rtos_pem4f.oem4f (.const:ti_sysbios_family_arm_m3_Hwi_E_debugMon__C)
                  0000b170    00000004     rtos_pem4f.oem4f (.const:ti_sysbios_family_arm_m3_Hwi_E_hardFault__C)
                  0000b174    00000004     rtos_pem4f.oem4f (.const:ti_sysbios_family_arm_m3_Hwi_E_memFault__C)
                  0000b178    00000004     rtos_pem4f.oem4f (.const:ti_sysbios_family_arm_m3_Hwi_E_noIsr__C)
                  0000b17c    00000004     rtos_pem4f.oem4f (.const:ti_sysbios_family_arm_m3_Hwi_E_reserved__C)
                  0000b180    00000004     rtos_pem4f.oem4f (.const:ti_sysbios_family_arm_m3_Hwi_E_svCall__C)
                  0000b184    00000004     rtos_pem4f.oem4f (.const:ti_sysbios_family_arm_m3_Hwi_E_usageFault__C)
                  0000b188    00000004     rtos_pem4f.oem4f (.const:ti_sysbios_family_arm_m3_Hwi_NUM_INTERRUPTS__C)
                  0000b18c    00000004     rtos_pem4f.oem4f (.const:ti_sysbios_family_arm_m3_Hwi_Object__count__C)
                  0000b190    00000004     rtos_pem4f.oem4f (.const:ti_sysbios_family_arm_m3_Hwi_ccr__C)
                  0000b194    00000004     rtos_pem4f.oem4f (.const:ti_sysbios_family_arm_m3_Hwi_excHandlerFunc__C)
                  0000b198    00000004     rtos_pem4f.oem4f (.const:ti_sysbios_family_arm_m3_Hwi_excHookFuncs__C)
                  0000b19c    00000004     rtos_pem4f.oem4f (.const:ti_sysbios_family_arm_m3_Hwi_nullIsrFunc__C)
                  0000b1a0    00000004     rtos_pem4f.oem4f (.const:ti_sysbios_family_arm_m3_Hwi_priGroup__C)
                  0000b1a4    00000004     rtos_pem4f.oem4f (.const:ti_sysbios_gates_GateMutex_A_badContext__C)
                  0000b1a8    00000004     rtos_pem4f.oem4f (.const:ti_sysbios_gates_GateMutex_Instance_State_sem__O)
                  0000b1ac    00000004     rtos_pem4f.oem4f (.const:ti_sysbios_gates_GateMutex_Module__diagsEnabled__C)
                  0000b1b0    00000004     rtos_pem4f.oem4f (.const:ti_sysbios_gates_GateMutex_Module__diagsIncluded__C)
                  0000b1b4    00000004     rtos_pem4f.oem4f (.const:ti_sysbios_gates_GateMutex_Module__diagsMask__C)
                  0000b1b8    00000004     rtos_pem4f.oem4f (.const:ti_sysbios_hal_Hwi_E_stackOverflow__C)
                  0000b1bc    00000004     rtos_pem4f.oem4f (.const:ti_sysbios_heaps_HeapMem_A_align__C)
                  0000b1c0    00000004     rtos_pem4f.oem4f (.const:ti_sysbios_heaps_HeapMem_A_heapSize__C)
                  0000b1c4    00000004     rtos_pem4f.oem4f (.const:ti_sysbios_heaps_HeapMem_A_invalidFree__C)
                  0000b1c8    00000004     rtos_pem4f.oem4f (.const:ti_sysbios_heaps_HeapMem_A_zeroBlock__C)
                  0000b1cc    00000004     rtos_pem4f.oem4f (.const:ti_sysbios_heaps_HeapMem_E_memory__C)
                  0000b1d0    00000004     rtos_pem4f.oem4f (.const:ti_sysbios_heaps_HeapMem_Module__diagsEnabled__C)
                  0000b1d4    00000004     rtos_pem4f.oem4f (.const:ti_sysbios_heaps_HeapMem_Module__diagsIncluded__C)
                  0000b1d8    00000004     rtos_pem4f.oem4f (.const:ti_sysbios_heaps_HeapMem_Module__diagsMask__C)
                  0000b1dc    00000004     rtos_pem4f.oem4f (.const:ti_sysbios_heaps_HeapMem_Module__gateObj__C)
                  0000b1e0    00000004     rtos_pem4f.oem4f (.const:ti_sysbios_heaps_HeapMem_Object__count__C)
                  0000b1e4    00000004     rtos_pem4f.oem4f (.const:ti_sysbios_heaps_HeapMem_reqAlign__C)
                  0000b1e8    00000004     rtos_pem4f.oem4f (.const:ti_sysbios_knl_Clock_Module_State_clockQ__O)
                  0000b1ec    00000004     rtos_pem4f.oem4f (.const:ti_sysbios_knl_Idle_funcList__A)
                  0000b1f0    00000004     rtos_pem4f.oem4f (.const:ti_sysbios_knl_Mailbox_Instance_State_dataQue__O)
                  0000b1f4    00000004     rtos_pem4f.oem4f (.const:ti_sysbios_knl_Mailbox_Instance_State_dataSem__O)
                  0000b1f8    00000004     rtos_pem4f.oem4f (.const:ti_sysbios_knl_Mailbox_Instance_State_freeQue__O)
                  0000b1fc    00000004     rtos_pem4f.oem4f (.const:ti_sysbios_knl_Mailbox_Instance_State_freeSem__O)
                  0000b200    00000004     rtos_pem4f.oem4f (.const:ti_sysbios_knl_Mailbox_Object__count__C)
                  0000b204    00000004     rtos_pem4f.oem4f (.const:ti_sysbios_knl_Mailbox_maxTypeAlign__C)
                  0000b208    00000004     rtos_pem4f.oem4f (.const:ti_sysbios_knl_Semaphore_A_badContext__C)
                  0000b20c    00000004     rtos_pem4f.oem4f (.const:ti_sysbios_knl_Semaphore_A_noEvents__C)
                  0000b210    00000004     rtos_pem4f.oem4f (.const:ti_sysbios_knl_Semaphore_A_overflow__C)
                  0000b214    00000004     rtos_pem4f.oem4f (.const:ti_sysbios_knl_Semaphore_A_pendTaskDisabled__C)
                  0000b218    00000004     rtos_pem4f.oem4f (.const:ti_sysbios_knl_Semaphore_Instance_State_pendQ__O)
                  0000b21c    00000004     rtos_pem4f.oem4f (.const:ti_sysbios_knl_Semaphore_Module__diagsEnabled__C)
                  0000b220    00000004     rtos_pem4f.oem4f (.const:ti_sysbios_knl_Semaphore_Module__diagsIncluded__C)
                  0000b224    00000004     rtos_pem4f.oem4f (.const:ti_sysbios_knl_Semaphore_Module__diagsMask__C)
                  0000b228    00000004     rtos_pem4f.oem4f (.const:ti_sysbios_knl_Swi_Object__count__C)
                  0000b22c    00000004     rtos_pem4f.oem4f (.const:ti_sysbios_knl_Task_E_spOutOfBounds__C)
                  0000b230    00000004     rtos_pem4f.oem4f (.const:ti_sysbios_knl_Task_E_stackOverflow__C)
                  0000b234    00000004     rtos_pem4f.oem4f (.const:ti_sysbios_knl_Task_Module_State_inactiveQ__O)
                  0000b238    00000004     rtos_pem4f.oem4f (.const:ti_sysbios_knl_Task_Object__count__C)
                  0000b23c    00000004     rtos_pem4f.oem4f (.const:ti_sysbios_knl_Task_allBlockedFunc__C)
                  0000b240    00000004     rtos_pem4f.oem4f (.const:ti_sysbios_knl_Task_numConstructedTasks__C)
                  0000b244    00000004     rtos_pem4f.oem4f (.const:xdc_runtime_Assert_E_assertFailed__C)
                  0000b248    00000004     rtos_pem4f.oem4f (.const:xdc_runtime_Core_A_initializedParams__C)
                  0000b24c    00000004     rtos_pem4f.oem4f (.const:xdc_runtime_Core_Module__diagsEnabled__C)
                  0000b250    00000004     rtos_pem4f.oem4f (.const:xdc_runtime_Core_Module__diagsIncluded__C)
                  0000b254    00000004     rtos_pem4f.oem4f (.const:xdc_runtime_Core_Module__diagsMask__C)
                  0000b258    00000004     rtos_pem4f.oem4f (.const:xdc_runtime_Error_E_memory__C)
                  0000b25c    00000004     rtos_pem4f.oem4f (.const:xdc_runtime_Error_Module__diagsEnabled__C)
                  0000b260    00000004     rtos_pem4f.oem4f (.const:xdc_runtime_Error_Module__diagsIncluded__C)
                  0000b264    00000004     rtos_pem4f.oem4f (.const:xdc_runtime_Error_Module__diagsMask__C)
                  0000b268    00000004     rtos_pem4f.oem4f (.const:xdc_runtime_Error_Module__loggerFxn8__C)
                  0000b26c    00000004     rtos_pem4f.oem4f (.const:xdc_runtime_Error_Module__loggerObj__C)
                  0000b270    00000004     rtos_pem4f.oem4f (.const:xdc_runtime_Error_policyFxn__C)
                  0000b274    00000004     rtos_pem4f.oem4f (.const:xdc_runtime_Error_raiseHook__C)
                  0000b278    00000004     rtos_pem4f.oem4f (.const:xdc_runtime_IGateProvider_Interface__BASE__C)
                  0000b27c    00000004     rtos_pem4f.oem4f (.const:xdc_runtime_IHeap_Interface__BASE__C)
                  0000b280    00000004     rtos_pem4f.oem4f (.const:xdc_runtime_IModule_Interface__BASE__C)
                  0000b284    00000004     rtos_pem4f.oem4f (.const:xdc_runtime_Log_L_error__C)
                  0000b288    00000004     rtos_pem4f.oem4f (.const:xdc_runtime_Memory_defaultHeapInstance__C)
                  0000b28c    00000004     rtos_pem4f.oem4f (.const:xdc_runtime_Startup_execImpl__C)
                  0000b290    00000004     rtos_pem4f.oem4f (.const:xdc_runtime_Startup_maxPasses__C)
                  0000b294    00000004     rtos_pem4f.oem4f (.const:xdc_runtime_Startup_sfxnRts__C)
                  0000b298    00000004     rtos_pem4f.oem4f (.const:xdc_runtime_Startup_sfxnTab__C)
                  0000b29c    00000004     rtos_pem4f.oem4f (.const:xdc_runtime_SysMin_bufSize__C)
                  0000b2a0    00000004     rtos_pem4f.oem4f (.const:xdc_runtime_SysMin_outputFunc__C)
                  0000b2a4    00000004     rtos_pem4f.oem4f (.const:xdc_runtime_System_Module__gateObj__C)
                  0000b2a8    00000004     rtos_pem4f.oem4f (.const:xdc_runtime_System_abortFxn__C)
                  0000b2ac    00000004     rtos_pem4f.oem4f (.const:xdc_runtime_System_exitFxn__C)
                  0000b2b0    00000004     rtos_pem4f.oem4f (.const:xdc_runtime_System_extendFxn__C)
                  0000b2b4    00000004     rtos_pem4f.oem4f (.const:xdc_runtime_System_maxAtexitHandlers__C)
                  0000b2b8    00000004     rtos_pem4f.oem4f (.const:xdc_runtime_Text_charTab__C)
                  0000b2bc    00000004     rtos_pem4f.oem4f (.const:xdc_runtime_Text_nameEmpty__C)
                  0000b2c0    00000004     rtos_pem4f.oem4f (.const:xdc_runtime_Text_nameStatic__C)
                  0000b2c4    00000004     rtos_pem4f.oem4f (.const:xdc_runtime_Text_nameUnknown__C)
                  0000b2c8    00000004     rtos_pem4f.oem4f (.const:xdc_runtime_Text_nodeTab__C)
                  0000b2cc    00000004     rtos_pem4f.oem4f (.const:xdc_runtime_Text_visitRopeFxn__C)
                  0000b2d0    00000002     rtos_pem4f.oem4f (.const:ti_sysbios_family_arm_lm4_TimestampProvider_useClockTimer__C)
                  0000b2d2    00000002     rtos_pem4f.oem4f (.const:ti_sysbios_family_arm_m3_Hwi_Module__id__C)
                  0000b2d4    00000002     rtos_pem4f.oem4f (.const:ti_sysbios_gates_GateMutex_Module__id__C)
                  0000b2d6    00000002     rtos_pem4f.oem4f (.const:ti_sysbios_hal_Hwi_Module__id__C)
                  0000b2d8    00000002     rtos_pem4f.oem4f (.const:ti_sysbios_heaps_HeapMem_Module__id__C)
                  0000b2da    00000002     rtos_pem4f.oem4f (.const:ti_sysbios_knl_Semaphore_Module__id__C)
                  0000b2dc    00000002     rtos_pem4f.oem4f (.const:ti_sysbios_knl_Task_Module__id__C)
                  0000b2de    00000002     rtos_pem4f.oem4f (.const:xdc_runtime_Core_Module__id__C)
                  0000b2e0    00000002     rtos_pem4f.oem4f (.const:xdc_runtime_Error_Module__loggerDefined__C)
                  0000b2e2    00000002     rtos_pem4f.oem4f (.const:xdc_runtime_Error_maxDepth__C)
                  0000b2e4    00000002     rtos_pem4f.oem4f (.const:xdc_runtime_Memory_Module__id__C)
                  0000b2e6    00000002     rtos_pem4f.oem4f (.const:xdc_runtime_SysMin_flushAtExit__C)
                  0000b2e8    00000002     rtos_pem4f.oem4f (.const:xdc_runtime_Text_charCnt__C)
                  0000b2ea    00000002     rtos_pem4f.oem4f (.const:xdc_runtime_Text_isLoaded__C)
                  0000b2ec    00000002     rtos_pem4f.oem4f (.const:xdc_runtime_Text_registryModsLastId__C)
                  0000b2ee    00000002     rtos_pem4f.oem4f (.const:xdc_runtime_Text_unnamedModsLastId__C)

.cinit     0    0000b2f0    000002f0     
                  0000b2f0    000002b8     (.cinit..data.load) [load image, compression = lzss]
                  0000b5a8    0000000c     (__TI_handler_table)
                  0000b5b4    00000004     --HOLE-- [fill = 0]
                  0000b5b8    00000008     (.cinit..bss.load) [load image, compression = zero_init]
                  0000b5c0    00000008     (.cinit..vecs.load) [load image, compression = zero_init]
                  0000b5c8    00000018     (__TI_cinit_table)

.init_array 
*          0    00000000    00000000     UNINITIALIZED

.resetVecs 
*          0    00000000    0000003c     
                  00000000    0000003c     rtos_pem4f.oem4f (.resetVecs)

.data      0    20000360    000086d2     UNINITIALIZED
                  20000360    00008000     Crystalfontz128x128_ST7735.obj (.data:Lcd_buffer)
                  20008360    000001c8     rtos_pem4f.oem4f (.data:ti_sysbios_knl_Task_Object__table__V)
                  20008528    00000080     rtos_pem4f.oem4f (.data:ti_sysbios_knl_Swi_Module_State_0_readyQ__A)
                  200085a8    00000080     rtos_pem4f.oem4f (.data:ti_sysbios_knl_Task_Module_State_0_readyQ__A)
                  20008628    00000064     rtos_pem4f.oem4f (.data:ti_sysbios_knl_Semaphore_Object__table__V)
                  2000868c    00000050     rtos_pem4f.oem4f (.data:ti_sysbios_knl_Mailbox_Object__table__V)
                  200086dc    00000044     rtos_pem4f.oem4f (.data:ti_sysbios_knl_Task_Module__state__V)
                  20008720    00000040     rtos_pem4f.oem4f (.data:ti_sysbios_family_arm_lm4_Timer_Module_State_0_device__A)
                  20008760    00000040     rtos_pem4f.oem4f (.data:ti_sysbios_family_arm_lm4_Timer_Object__table__V)
                  200087a0    00000038     rtos_pem4f.oem4f (.data:ti_sysbios_gates_GateMutex_Object__table__V)
                  200087d8    00000034     rtos_pem4f.oem4f (.data:ti_sysbios_family_arm_m3_Hwi_Module__state__V)
                  2000880c    00000030     rtos_pem4f.oem4f (.data:ti_sysbios_family_arm_m3_Hwi_Object__table__V)
                  2000883c    00000030     rtos_pem4f.oem4f (.data:ti_sysbios_knl_Swi_Object__table__V)
                  2000886c    0000002c     rtos_pem4f.oem4f (.data:ti_sysbios_knl_Clock_Module__state__V)
                  20008898    00000024     buttons.obj (.data:count$2)
                  200088bc    00000024     rtos_pem4f.oem4f (.data:ti_sysbios_BIOS_Module__state__V)
                  200088e0    00000020     rtos_pem4f.oem4f (.data:ti_sysbios_family_arm_lm4_Timer_Module_State_0_handles__A)
                  20008900    00000020     rtos_pem4f.oem4f (.data:ti_sysbios_knl_Clock_Object__table__V)
                  20008920    0000001c     main.obj (.data)
                  2000893c    0000001c     rtos_pem4f.oem4f (.data:ti_sysbios_knl_Swi_Module__state__V)
                  20008958    00000018     rtos_pem4f.oem4f (.data:ti_sysbios_heaps_HeapMem_Object__table__V)
                  20008970    00000014     main.obj (.data:fVoltsPerDiv)
                  20008984    00000010     buttons.obj (.data)
                  20008994    0000000c     rtos_pem4f.oem4f (.data:ti_sysbios_family_arm_lm4_Timer_Module__state__V)
                  200089a0    0000000c     rtos_pem4f.oem4f (.data:xdc_runtime_SysMin_Module__state__V)
                  200089ac    00000008     rtsv7M4_T_le_v4SPD16_eabi.lib : _lock.c.obj (.data:$O1$$)
                  200089b4    00000008     buttons.obj (.data:gJoystick)
                  200089bc    00000008     rtos_pem4f.oem4f (.data:ti_sysbios_family_arm_lm4_TimestampProvider_Module__state__V)
                  200089c4    00000008     rtos_pem4f.oem4f (.data:ti_sysbios_gates_GateHwi_Module__root__V)
                  200089cc    00000008     rtos_pem4f.oem4f (.data:ti_sysbios_gates_GateMutex_Module__root__V)
                  200089d4    00000008     rtos_pem4f.oem4f (.data:ti_sysbios_heaps_HeapMem_Module__root__V)
                  200089dc    00000008     rtos_pem4f.oem4f (.data:ti_sysbios_knl_Queue_Module__root__V)
                  200089e4    00000008     rtos_pem4f.oem4f (.data:ti_sysbios_knl_Semaphore_Module__root__V)
                  200089ec    00000008     rtos_pem4f.oem4f (.data:xdc_runtime_Registry_Module__state__V)
                  200089f4    00000008     rtos_pem4f.oem4f (.data:xdc_runtime_Startup_Module__state__V)
                  200089fc    00000008     rtos_pem4f.oem4f (.data:xdc_runtime_System_Module_State_0_atexitHandlers__A)
                  20008a04    00000008     rtos_pem4f.oem4f (.data:xdc_runtime_System_Module__state__V)
                  20008a0c    00000005     sampling.obj (.data)
                  20008a11    00000001     --HOLE--
                  20008a12    00000002     rtos_pem4f.oem4f (.data:ti_sysbios_family_arm_m3_Hwi_Module_State_0_excActive__A)
                  20008a14    00000004     rtsv7M4_T_le_v4SPD16_eabi.lib : errno.c.obj (.data)
                  20008a18    00000004                                   : stkdepth_vars.c.obj (.data)
                  20008a1c    00000004     rtos_pem4f.oem4f (.data:ti_sysbios_family_arm_m3_Hwi_Module_State_0_excContext__A)
                  20008a20    00000004     rtos_pem4f.oem4f (.data:ti_sysbios_family_arm_m3_Hwi_Module_State_0_excStack__A)
                  20008a24    00000004     rtos_pem4f.oem4f (.data:ti_sysbios_gates_GateHwi_Object__table__V)
                  20008a28    00000004     rtos_pem4f.oem4f (.data:ti_sysbios_knl_Task_Module_State_0_idleTask__A)
                  20008a2c    00000004     rtos_pem4f.oem4f (.data:xdc_runtime_Memory_Module__state__V)
                  20008a30    00000002     rtos_pem4f.oem4f (.data:xdc_runtime_Error_Module__state__V)

.bss       0    20008a38    00005f43     UNINITIALIZED
                  20008a38    00004480     rtos_pem4f.oem4f (.bss:taskStackSection)
                  2000ceb8    00001000     (.common:gADCBuffer)
                  2000deb8    00000400     (.common:ti_sysbios_heaps_HeapMem_Instance_State_0_buf__A)
                  2000e2b8    00000360     (.common:ti_sysbios_family_arm_m3_Hwi_dispatchTable)
                  2000e618    00000120     rtsv7M4_T_le_v4SPD16_eabi.lib : trgmsg.c.obj (.bss:_CIOBUF_)
                  2000e738    00000100     (.common:sample)
                  2000e838    00000080     (.common:xdc_runtime_SysMin_Module_State_0_outbuf__A)
                  2000e8b8    00000034     (.common:str)
                  2000e8ec    0000002c     (.common:sContext)
                  2000e918    00000014     buttons.obj (.bss:state$1)
                  2000e92c    00000004     (.common:Volts)
                  2000e930    00000010     (.common:ti_sysbios_knl_Mailbox_Instance_State_0_allocBuf__A)
                  2000e940    0000000c     (.common:fifo)
                  2000e94c    00000008     (.common:parmbuf)
                  2000e954    00000004     (.common:fScale)
                  2000e958    00000004     (.common:gADCSamplingRate)
                  2000e95c    00000004     (.common:g_psGrLibDefaults)
                  2000e960    00000004     (.common:i)
                  2000e964    00000004     (.common:trigger)
                  2000e968    00000004     (.common:y)
                  2000e96c    00000004     (.common:y2)
                  2000e970    00000002     (.common:Lcd_ScreenHeigth)
                  2000e972    00000002     (.common:Lcd_ScreenWidth)
                  2000e974    00000002     (.common:Lcd_TouchTrim)
                  2000e976    00000001     (.common:Lcd_FlagRead)
                  2000e977    00000001     (.common:Lcd_FontSolid)
                  2000e978    00000001     (.common:Lcd_Orientation)
                  2000e979    00000001     (.common:Lcd_PenSolid)
                  2000e97a    00000001     (.common:buttonPress)

.stack     0    2000e980    00000300     UNINITIALIZED
                  2000e980    00000300     --HOLE--

.bootVecs 
*          0    00000000    00000008     DSECT
                  00000000    00000008     boot.aem4f : boot.oem4f (.bootVecs)

.vecs      0    20000000    00000360     UNINITIALIZED
                  20000000    00000360     rtos_pem4f.oem4f (.vecs)

xdc.meta   0    00000000    00000109     COPY SECTION
                  00000000    00000109     rtos_pem4f.oem4f (xdc.meta)

__llvm_prf_cnts 
*          0    20000000    00000000     UNINITIALIZED

MODULE SUMMARY

       Module                                             code    ro data   rw data
       ------                                             ----    -------   -------
    .\
       Crystalfontz128x128_ST7735.obj                     958     40        32778  
       buttons.obj                                        864     0         4192   
       main.obj                                           1688    172       425    
       sampling.obj                                       392     0         5      
       HAL_EK_TM4C1294XL_Crystalfontz128x128_ST7735.obj   324     0         0      
       sysctl_pll.obj                                     72      0         0      
    +--+--------------------------------------------------+-------+---------+---------+
       Total:                                             4298    212       37400  
                                                                                   
    C:\Users\deote\OneDrive\Desktop\CCS Workspace\ece3849_lab3_msimantirakis_tdmakoye\Debug\configPkg\package\cfg\
       rtos_pem4f.oem4f                                   1474    7911      22048  
    +--+--------------------------------------------------+-------+---------+---------+
       Total:                                             1474    7911      22048  
                                                                                   
    C:/ti/tirtos_tivac_2_16_01_14/products/TivaWare_C_Series-2.1.1.71b/driverlib/ccs/Debug/driverlib.lib
       sysctl.obj                                         674     452       0      
       gpio.obj                                           526     144       0      
       interrupt.obj                                      172     268       0      
       adc.obj                                            362     0         0      
       timer.obj                                          170     0         0      
       pwm.obj                                            130     0         0      
       ssi.obj                                            88      0         0      
       cpu.obj                                            24      0         0      
    +--+--------------------------------------------------+-------+---------+---------+
       Total:                                             2146    864       0      
                                                                                   
    C:/ti/tirtos_tivac_2_16_01_14/products/TivaWare_C_Series-2.1.1.71b/grlib/ccs/Debug/grlib.lib
       string.obj                                         1192    0         0      
       fontfixed6x8.obj                                   0       960       0      
       line.obj                                           648     0         0      
       rectangle.obj                                      134     0         0      
       context.obj                                        104     16        4      
       charmap.obj                                        8       0         0      
    +--+--------------------------------------------------+-------+---------+---------+
       Total:                                             2086    976       4      
                                                                                   
    C:\Users\deote\OneDrive\Desktop\CCS Workspace\ece3849_lab3_msimantirakis_tdmakoye\src\sysbios\sysbios.aem4f
       BIOS.obj                                           10604   0         0      
       m3_Hwi_asm.obj                                     314     0         0      
       m3_TaskSupport_asm.obj                             180     0         0      
       m3_Hwi_asm_switch.obj                              118     0         0      
    +--+--------------------------------------------------+-------+---------+---------+
[...]
0000af60  ti_sysbios_gates_GateMutex_Module__FXNS__C                           
0000af84  ti_sysbios_heaps_HeapMem_Object__PARAMS__C                           
0000afa8  ti_sysbios_knl_Semaphore_Object__PARAMS__C                           
0000afcc  ti_sysbios_gates_GateHwi_Object__DESC__C                             
0000afec  ti_sysbios_gates_GateMutex_Object__DESC__C                           
0000b00c  ti_sysbios_heaps_HeapMem_Object__DESC__C                             
0000b02c  ti_sysbios_knl_Queue_Object__DESC__C                                 
0000b04c  ti_sysbios_knl_Semaphore_Object__DESC__C                             
0000b06c  ti_sysbios_gates_GateHwi_Object__PARAMS__C                           
0000b084  ti_sysbios_gates_GateMutex_Object__PARAMS__C                         
0000b09c  ti_sysbios_knl_Queue_Object__PARAMS__C                               
0000b0b4  xdc_runtime_Startup_firstFxns__A                                     
0000b0cc  gVoltageScaleStr                                                     
0000b0e0  xdc_runtime_Startup_sfxnRts__A                                       
0000b0f4  g_psDefaultCodePointMapTable                                         
0000b114  gTriggerSlopeStr                                                     
0000b11c  ti_sysbios_family_arm_m3_Hwi_excHookFuncs__A                         
0000b124  ti_sysbios_knl_Idle_funcList__C                                      
0000b12c  xdc_runtime_Startup_firstFxns__C                                     
0000b134  xdc_runtime_Startup_lastFxns__C                                      
0000b13c  ti_catalog_arm_cortexm4_tiva_ce_Boot_A_mustNotUseEnhancedClockMode__C
0000b140  ti_catalog_arm_cortexm4_tiva_ce_Boot_Module__diagsEnabled__C         
0000b144  ti_catalog_arm_cortexm4_tiva_ce_Boot_Module__diagsIncluded__C        
0000b148  ti_catalog_arm_cortexm4_tiva_ce_Boot_Module__diagsMask__C            
0000b14c  ti_sysbios_family_arm_lm4_Timer_enableFunc__C                        
0000b150  ti_sysbios_family_arm_lm4_Timer_numTimerDevices__C                   
0000b154  ti_sysbios_family_arm_lm4_Timer_startupNeeded__C                     
0000b158  ti_sysbios_family_arm_lm4_TimestampProvider_Module__diagsEnabled__C  
0000b15c  ti_sysbios_family_arm_lm4_TimestampProvider_Module__diagsIncluded__C 
0000b160  ti_sysbios_family_arm_lm4_TimestampProvider_Module__diagsMask__C     
0000b164  ti_sysbios_family_arm_m3_Hwi_E_NMI__C                                
0000b168  ti_sysbios_family_arm_m3_Hwi_E_busFault__C                           
0000b16c  ti_sysbios_family_arm_m3_Hwi_E_debugMon__C                           
0000b170  ti_sysbios_family_arm_m3_Hwi_E_hardFault__C                          
0000b174  ti_sysbios_family_arm_m3_Hwi_E_memFault__C                           
0000b178  ti_sysbios_family_arm_m3_Hwi_E_noIsr__C                              
0000b17c  ti_sysbios_family_arm_m3_Hwi_E_reserved__C                           
0000b180  ti_sysbios_family_arm_m3_Hwi_E_svCall__C                             
0000b184  ti_sysbios_family_arm_m3_Hwi_E_usageFault__C                         
0000b188  ti_sysbios_family_arm_m3_Hwi_NUM_INTERRUPTS__C                       
0000b18c  ti_sysbios_family_arm_m3_Hwi_Object__count__C                        
0000b190  ti_sysbios_family_arm_m3_Hwi_ccr__C                                  
0000b194  ti_sysbios_family_arm_m3_Hwi_excHandlerFunc__C                       
0000b198  ti_sysbios_family_arm_m3_Hwi_excHookFuncs__C                         
0000b19c  ti_sysbios_family_arm_m3_Hwi_nullIsrFunc__C                          
0000b1a0  ti_sysbios_family_arm_m3_Hwi_priGroup__C                             
0000b1a4  ti_sysbios_gates_GateMutex_A_badContext__C                           
0000b1a8  ti_sysbios_gates_GateMutex_Instance_State_sem__O                     
0000b1ac  ti_sysbios_gates_GateMutex_Module__diagsEnabled__C                   
0000b1b0  ti_sysbios_gates_GateMutex_Module__diagsIncluded__C                  
0000b1b4  ti_sysbios_gates_GateMutex_Module__diagsMask__C                      
0000b1b8  ti_sysbios_hal_Hwi_E_stackOverflow__C                                
0000b1bc  ti_sysbios_heaps_HeapMem_A_align__C                                  
0000b1c0  ti_sysbios_heaps_HeapMem_A_heapSize__C                               
0000b1c4  ti_sysbios_heaps_HeapMem_A_invalidFree__C                            
0000b1c8  ti_sysbios_heaps_HeapMem_A_zeroBlock__C                              
0000b1cc  ti_sysbios_heaps_HeapMem_E_memory__C                                 
0000b1d0  ti_sysbios_heaps_HeapMem_Module__diagsEnabled__C                     
0000b1d4  ti_sysbios_heaps_HeapMem_Module__diagsIncluded__C                    
0000b1d8  ti_sysbios_heaps_HeapMem_Module__diagsMask__C                        
0000b1dc  ti_sysbios_heaps_HeapMem_Module__gateObj__C                          
0000b1e0  ti_sysbios_heaps_HeapMem_Object__count__C                            
0000b1e4  ti_sysbios_heaps_HeapMem_reqAlign__C                                 
0000b1e8  ti_sysbios_knl_Clock_Module_State_clockQ__O                          
0000b1ec  ti_sysbios_knl_Idle_funcList__A                                      
0000b1f0  ti_sysbios_knl_Mailbox_Instance_State_dataQue__O                     
0000b1f4  ti_sysbios_knl_Mailbox_Instance_State_dataSem__O                     
0000b1f8  ti_sysbios_knl_Mailbox_Instance_State_freeQue__O                     
0000b1fc  ti_sysbios_knl_Mailbox_Instance_State_freeSem__O                     
0000b200  ti_sysbios_knl_Mailbox_Object__count__C                              
0000b204  ti_sysbios_knl_Mailbox_maxTypeAlign__C                               
0000b208  ti_sysbios_knl_Semaphore_A_badContext__C                             
0000b20c  ti_sysbios_knl_Semaphore_A_noEvents__C                               
0000b210  ti_sysbios_knl_Semaphore_A_overflow__C                               
0000b214  ti_sysbios_knl_Semaphore_A_pendTaskDisabled__C                       
0000b218  ti_sysbios_knl_Semaphore_Instance_State_pendQ__O                     
0000b21c  ti_sysbios_knl_Semaphore_Module__diagsEnabled__C                     
0000b220  ti_sysbios_knl_Semaphore_Module__diagsIncluded__C                    
0000b224  ti_sysbios_knl_Semaphore_Module__diagsMask__C                        
0000b228  ti_sysbios_knl_Swi_Object__count__C                                  
0000b22c  ti_sysbios_knl_Task_E_spOutOfBounds__C                               
0000b230  ti_sysbios_knl_Task_E_stackOverflow__C                               
0000b234  ti_sysbios_knl_Task_Module_State_inactiveQ__O                        
0000b238  ti_sysbios_knl_Task_Object__count__C                                 
0000b23c  ti_sysbios_knl_Task_allBlockedFunc__C                                
0000b240  ti_sysbios_knl_Task_numConstructedTasks__C                           
0000b244  xdc_runtime_Assert_E_assertFailed__C                                 
0000b248  xdc_runtime_Core_A_initializedParams__C                              
0000b24c  xdc_runtime_Core_Module__diagsEnabled__C                             
0000b250  xdc_runtime_Core_Module__diagsIncluded__C                            
0000b254  xdc_runtime_Core_Module__diagsMask__C                                
0000b258  xdc_runtime_Error_E_memory__C                                        
0000b25c  xdc_runtime_Error_Module__diagsEnabled__C                            
0000b260  xdc_runtime_Error_Module__diagsIncluded__C                           
0000b264  xdc_runtime_Error_Module__diagsMask__C                               
0000b268  xdc_runtime_Error_Module__loggerFxn8__C                              
0000b26c  xdc_runtime_Error_Module__loggerObj__C                               
0000b270  xdc_runtime_Error_policyFxn__C                                       
0000b274  xdc_runtime_Error_raiseHook__C                                       
0000b278  xdc_runtime_IGateProvider_Interface__BASE__C                         
0000b27c  xdc_runtime_IHeap_Interface__BASE__C                                 
0000b280  xdc_runtime_IModule_Interface__BASE__C                               
0000b284  xdc_runtime_Log_L_error__C                                           
0000b288  xdc_runtime_Memory_defaultHeapInstance__C                            
0000b28c  xdc_runtime_Startup_execImpl__C                                      
0000b290  xdc_runtime_Startup_maxPasses__C                                     
0000b294  xdc_runtime_Startup_sfxnRts__C                                       
0000b298  xdc_runtime_Startup_sfxnTab__C                                       
0000b29c  xdc_runtime_SysMin_bufSize__C                                        
0000b2a0  xdc_runtime_SysMin_outputFunc__C                                     
0000b2a4  xdc_runtime_System_Module__gateObj__C                                
0000b2a8  xdc_runtime_System_abortFxn__C                                       
0000b2ac  xdc_runtime_System_exitFxn__C                                        
0000b2b0  xdc_runtime_System_extendFxn__C                                      
0000b2b4  xdc_runtime_System_maxAtexitHandlers__C                              
0000b2b8  xdc_runtime_Text_charTab__C                                          
0000b2bc  xdc_runtime_Text_nameEmpty__C                                        
0000b2c0  xdc_runtime_Text_nameStatic__C                                       
0000b2c4  xdc_runtime_Text_nameUnknown__C                                      
0000b2c8  xdc_runtime_Text_nodeTab__C                                          
0000b2cc  xdc_runtime_Text_visitRopeFxn__C                                     
0000b2d0  ti_sysbios_family_arm_lm4_TimestampProvider_useClockTimer__C         
0000b2d2  ti_sysbios_family_arm_m3_Hwi_Module__id__C                           
0000b2d4  ti_sysbios_gates_GateMutex_Module__id__C                             
0000b2d6  ti_sysbios_hal_Hwi_Module__id__C                                     
0000b2d8  ti_sysbios_heaps_HeapMem_Module__id__C                               
0000b2da  ti_sysbios_knl_Semaphore_Module__id__C                               
0000b2dc  ti_sysbios_knl_Task_Module__id__C                                    
0000b2de  xdc_runtime_Core_Module__id__C                                       
0000b2e0  xdc_runtime_Error_Module__loggerDefined__C                           
0000b2e2  xdc_runtime_Error_maxDepth__C                                        
0000b2e4  xdc_runtime_Memory_Module__id__C                                     
0000b2e6  xdc_runtime_SysMin_flushAtExit__C                                    
0000b2e8  xdc_runtime_Text_charCnt__C                                          
0000b2ea  xdc_runtime_Text_isLoaded__C                                         
0000b2ec  xdc_runtime_Text_registryModsLastId__C                               
0000b2ee  xdc_runtime_Text_unnamedModsLastId__C                                
0000b2f0  __TI_static_base__                                                   
0000b5a8  __TI_Handler_Table_Base                                              
0000b5b4  __TI_Handler_Table_Limit                                             
0000b5c8  __TI_CINIT_Base                                                      
0000b5e0  __TI_CINIT_Limit                                                     
20000000  __start___llvm_prf_cnts                                              
20000000  __stop___llvm_prf_cnts                                               
20000000  ti_sysbios_family_arm_m3_Hwi_ramVectors                              
20000360  Lcd_buffer                                                           
20008360  ti_sysbios_knl_Task_Object__table__V                                 
20008528  ti_sysbios_knl_Swi_Module_State_0_readyQ__A                          
200085a8  ti_sysbios_knl_Task_Module_State_0_readyQ__A                         
20008628  ti_sysbios_knl_Semaphore_Object__table__V                            
2000868c  ti_sysbios_knl_Mailbox_Object__table__V                              
200086dc  ti_sysbios_knl_Task_Module__state__V                                 
20008720  ti_sysbios_family_arm_lm4_Timer_Module_State_0_device__A             
20008760  ti_sysbios_family_arm_lm4_Timer_Object__table__V                     
200087a0  ti_sysbios_gates_GateMutex_Object__table__V                          
200087d8  ti_sysbios_family_arm_m3_Hwi_Module__state__V                        
2000880c  ti_sysbios_family_arm_m3_Hwi_Object__table__V                        
2000883c  ti_sysbios_knl_Swi_Object__table__V                                  
2000886c  ti_sysbios_knl_Clock_Module__state__V                                
200088bc  ti_sysbios_BIOS_Module__state__V                                     
200088e0  ti_sysbios_family_arm_lm4_Timer_Module_State_0_handles__A            
20008900  ti_sysbios_knl_Clock_Object__table__V                                
20008920  gSystemClock                                                         
20008924  trig                                                                 
20008928  count_unloaded                                                       
2000892c  count_loaded                                                         
20008930  cpu_load                                                             
20008934  VoltsIndex                                                           
20008938  start_grid                                                           
20008939  isRisingTrigger                                                      
2000893c  ti_sysbios_knl_Swi_Module__state__V                                  
20008958  ti_sysbios_heaps_HeapMem_Object__table__V                            
20008970  fVoltsPerDiv                                                         
20008984  gButtons                                                             
20008988  fifo_head                                                            
2000898c  fifo_tail                                                            
20008990  gADCBufferIndex                                                      
20008994  ti_sysbios_family_arm_lm4_Timer_Module__state__V                     
200089a0  xdc_runtime_SysMin_Module__state__V                                  
200089ac  _lock                                                                
200089b0  _unlock                                                              
200089b4  gJoystick                                                            
200089bc  ti_sysbios_family_arm_lm4_TimestampProvider_Module__state__V         
200089c4  ti_sysbios_gates_GateHwi_Module__root__V                             
200089cc  ti_sysbios_gates_GateMutex_Module__root__V                           
200089d4  ti_sysbios_heaps_HeapMem_Module__root__V                             
200089dc  ti_sysbios_knl_Queue_Module__root__V                                 
200089e4  ti_sysbios_knl_Semaphore_Module__root__V                             
200089ec  xdc_runtime_Registry_Module__state__V                                
200089f4  xdc_runtime_Startup_Module__state__V                                 
200089fc  xdc_runtime_System_Module_State_0_atexitHandlers__A                  
20008a04  xdc_runtime_System_Module__state__V                                  
20008a0c  gADCErrors                                                           
20008a10  trigState                                                            
20008a12  ti_sysbios_family_arm_m3_Hwi_Module_State_0_excActive__A             
20008a14  errno                                                                
20008a18  main_func_sp                                                         
20008a1c  ti_sysbios_family_arm_m3_Hwi_Module_State_0_excContext__A            
20008a20  ti_sysbios_family_arm_m3_Hwi_Module_State_0_excStack__A              
20008a24  ti_sysbios_gates_GateHwi_Object__table__V                            
20008a28  ti_sysbios_knl_Task_Module_State_0_idleTask__A                       
20008a2c  xdc_runtime_Memory_Module__state__V                                  
20008a30  xdc_runtime_Error_Module__state__V                                   
20008a38  ti_sysbios_knl_Task_Instance_State_0_stack__A                        
200099d8  ti_sysbios_knl_Task_Instance_State_1_stack__A                        
2000b148  ti_sysbios_knl_Task_Instance_State_2_stack__A                        
2000c8b8  ti_sysbios_knl_Task_Instance_State_3_stack__A                        
2000cab8  ti_sysbios_knl_Task_Instance_State_4_stack__A                        
2000ccb8  ti_sysbios_knl_Task_Instance_State_5_stack__A                        
2000ceb8  gADCBuffer                                                           
2000deb8  ti_sysbios_heaps_HeapMem_Instance_State_0_buf__A                     
2000e2b8  ti_sysbios_family_arm_m3_Hwi_dispatchTable                           
2000e618  __CIOBUF_                                                            
2000e738  sample                                                               
2000e838  xdc_runtime_SysMin_Module_State_0_outbuf__A                          
2000e8b8  str                                                                  
2000e8ec  sContext                                                             
2000e92c  Volts                                                                
2000e930  ti_sysbios_knl_Mailbox_Instance_State_0_allocBuf__A                  
2000e940  fifo                                                                 
2000e94c  parmbuf                                                              
2000e954  fScale                                                               
2000e958  gADCSamplingRate                                                     
2000e960  i                                                                    
2000e964  trigger                                                              
2000e968  y                                                                    
2000e96c  y2                                                                   
2000e970  Lcd_ScreenHeigth                                                     
2000e972  Lcd_ScreenWidth                                                      
2000e974  Lcd_TouchTrim                                                        
2000e976  Lcd_FlagRead                                                         
2000e977  Lcd_FontSolid                                                        
2000e978  Lcd_Orientation                                                      
2000e979  Lcd_PenSolid                                                         
2000e97a  buttonPress                                                          
2000e980  __stack                                                              
2000ec80  __STACK_END                                                          
e000e000  ti_sysbios_family_arm_m3_Hwi_nvic                                    
ffffffff  __TI_pprof_out_hndl                                                  
ffffffff  __TI_prof_data_size                                                  
ffffffff  __TI_prof_data_start                                                 
ffffffff  __binit__                                                            
ffffffff  __c_args__                                                           
ffffffff  binit                                                                
UNDEFED   SHT$$INIT_ARRAY$$Base                                                
UNDEFED   SHT$$INIT_ARRAY$$Limit                                               

[688 symbols]
