******************************************************************************
                  TI ARM Linker PC v20.2.7                     
******************************************************************************
>> Linked Mon Apr  8 12:02:42 2024

OUTPUT FILE NAME:   <ece3849_lab2_starter.out>
ENTRY POINT SYMBOL: "_c_int00"  address: 00003421


MEMORY CONFIGURATION

         name            origin    length      used     unused   attr    fill
----------------------  --------  ---------  --------  --------  ----  --------
  FLASH                 00000000   00100000  00006fe9  000f9017  R  X
  SRAM                  20000000   00040000  000017ac  0003e854  RW X


SEGMENT ALLOCATION MAP

run origin  load origin   length   init length attrs members
----------  ----------- ---------- ----------- ----- -------
00000000    00000000    00006ff0   00006ff0    r-x
  00000000    00000000    0000003c   0000003c    r-- .resetVecs
  00000040    00000040    00004d6a   00004d6a    r-x .text
  00004dac    00004dac    00002033   00002033    r-- .const
  00006de0    00006de0    00000210   00000210    r-- .cinit
20000000    20000000    000017b0   00000000    rw-
  20000000    20000000    00000360   00000000    rw- .vecs
  20000360    20000360    00000d08   00000000    rw- .bss
  20001068    20001068    00000444   00000000    rw- .data
  200014b0    200014b0    00000300   00000000    rw- .stack


SECTION ALLOCATION MAP

 output                                  attributes/
section   page    origin      length       input sections
--------  ----  ----------  ----------   ----------------
.text      0    00000040    00004d6a     
                  00000040    00000430     sysbios.aem4f : BIOS.obj (.text:ti_sysbios_family_arm_m3_Hwi_excDumpRegs__I)
                  00000470    0000034c     ti.targets.arm.rtsarm.aem4f : System.oem4f (.text:xdc_runtime_System_doPrint__I)
                  000007bc    00000004     rtsv7M4_T_le_v4SPD16_eabi.lib : exit.c.obj (.text:abort:abort)
                  000007c0    000002a4     sysbios.aem4f : BIOS.obj (.text:ti_sysbios_knl_Semaphore_pend__E)
                  00000a64    00000004                   : BIOS.obj (.text:ti_sysbios_family_arm_lm4_Timer_masterEnable__I)
                  00000a68    0000026c                   : BIOS.obj (.text:ti_sysbios_heaps_HeapMem_free__E)
                  00000cd4    00000004     ti.targets.arm.rtsarm.aem4f : Error.oem4f (.text:xdc_runtime_Error_getSite__E)
                  00000cd8    00000250     sysbios.aem4f : BIOS.obj (.text:ti_sysbios_heaps_HeapMem_alloc__E)
                  00000f28    00000204     Boot.aem4f : Boot_sysctl.oem4f (.text:ti_catalog_arm_cortexm4_tiva_ce_Boot_sysCtlClockFreqSetI__I)
                  0000112c    00000004     ti.targets.arm.rtsarm.aem4f : System.oem4f (.text:xdc_runtime_System_aprintf_va__F)
                  00001130    000001f4     sysbios.aem4f : BIOS.obj (.text:ti_sysbios_family_arm_m3_Hwi_excHandlerMax__I)
                  00001324    00000004     ti.targets.arm.rtsarm.aem4f : System.oem4f (.text:xdc_runtime_System_printf_va__F)
                  00001328    00000174     sysbios.aem4f : BIOS.obj (.text:ti_sysbios_family_arm_m3_Hwi_excBusFault__I)
                  0000149c    00000002     rtsv7M4_T_le_v4SPD16_eabi.lib : _lock.c.obj (.text:_nop)
                  0000149e    00000002                                   : div0.asm.obj (.text)
                  000014a0    00000164     sysbios.aem4f : BIOS.obj (.text:ti_sysbios_family_arm_m3_Hwi_excUsageFault__I)
                  00001604    00000004     --HOLE-- [fill = 0]
                  00001608    00000148                   : BIOS.obj (.text:ti_sysbios_family_arm_m3_Hwi_excMemFault__I)
                  00001750    0000013c                   : BIOS.obj (.text:ti_sysbios_heaps_HeapMem_Instance_init__E)
                  0000188c    00000130     driverlib.lib : gpio.obj (.text:GPIOPadConfigSet)
                  000019bc    00000118     ti.targets.arm.rtsarm.aem4f : Error.oem4f (.text:xdc_runtime_Error_policyDefault__E)
                  00001ad4    00000004     --HOLE-- [fill = 0]
                  00001ad8    00000108     sysbios.aem4f : BIOS.obj (.text:ti_sysbios_family_arm_lm4_Timer_start__E)
                  00001be0    00000100     ti.targets.arm.rtsarm.aem4f : Core-mem.oem4f (.text:xdc_runtime_Core_createObject__I)
                  00001ce0    000000fc     rtos_pem4f.oem4f (.text:xdc_runtime_System_printfExtend__I)
                  00001ddc    000000f8     ti.targets.arm.rtsarm.aem4f : Startup.oem4f (.text:xdc_runtime_Startup_startMods__I)
                  00001ed4    000000f4     sysbios.aem4f : m3_Hwi_asm.obj (.text:ti_sysbios_family_arm_m3_Hwi_dispatch__I)
                  00001fc8    000000ec                   : BIOS.obj (.text:ti_sysbios_knl_Semaphore_post__E)
                  000020b4    00000004     --HOLE-- [fill = 0]
                  000020b8    000000dc     main.obj (.text:main)
                  00002194    000000cc     ti.targets.arm.rtsarm.aem4f : Core-smem.oem4f (.text:xdc_runtime_Core_constructObject__I)
                  00002260    000000bc     sysbios.aem4f : BIOS.obj (.text:ti_sysbios_family_arm_m3_Hwi_excDebugMon__I)
                  0000231c    00000004     --HOLE-- [fill = 0]
                  00002320    000000bc                   : BIOS.obj (.text:ti_sysbios_family_arm_m3_Hwi_excHardFault__I)
                  000023dc    00000004     --HOLE-- [fill = 0]
                  000023e0    000000b4                   : BIOS.obj (.text:ti_sysbios_gates_GateMutex_enter__E)
                  00002494    00000004     --HOLE-- [fill = 0]
                  00002498    000000b4                   : BIOS.obj (.text:ti_sysbios_knl_Task_checkStacks__E)
                  0000254c    00000004     --HOLE-- [fill = 0]
                  00002550    000000ac                   : BIOS.obj (.text:ti_sysbios_family_arm_lm4_Timer_enableTiva__I)
                  000025fc    000000a0     auto_init.aem4f : auto_init.oem4f (.text)
                  0000269c    000000a0     ti.targets.arm.rtsarm.aem4f : Text.oem4f (.text:xdc_runtime_Text_putMod__E)
                  0000273c    0000009c     rtsv7M4_T_le_v4SPD16_eabi.lib : memcpy_t2.asm.obj (.text)
                  000027d8    0000009c     sysbios.aem4f : BIOS.obj (.text:ti_sysbios_knl_Semaphore_Instance_init__E)
                  00002874    0000009a     ti.targets.arm.rtsarm.aem4f : Text.oem4f (.text:xdc_runtime_Text_putSite__E)
                  0000290e    00000002     --HOLE-- [fill = 0]
                  00002910    00000098     Boot.aem4f : Boot.oem4f (.text:ti_catalog_arm_cortexm4_tiva_ce_Boot_sysCtlClockFreqSet__E)
                  000029a8    00000094     sysbios.aem4f : BIOS.obj (.text:ti_sysbios_family_arm_m3_Hwi_initNVIC__E)
                  00002a3c    0000008c                   : m3_TaskSupport_asm.obj (.text:ti_sysbios_family_arm_m3_TaskSupport_buildTaskStack)
                  00002ac8    0000008c                   : BIOS.obj (.text:ti_sysbios_knl_Task_postInit__I)
                  00002b54    00000004     --HOLE-- [fill = 0]
                  00002b58    00000084                   : BIOS.obj (.text:ti_sysbios_family_arm_m3_Hwi_postInit__I)
                  00002bdc    00000080     rtsv7M4_T_le_v4SPD16_eabi.lib : s_floorf.c.obj (.text:floorf)
                  00002c5c    0000007a                                   : memset_t2.asm.obj (.text)
                  00002cd6    00000002     --HOLE-- [fill = 0]
                  00002cd8    00000070     sysbios.aem4f : BIOS.obj (.text:ti_sysbios_knl_Clock_workFunc__E)
                  00002d48    00000070                   : BIOS.obj (.text:ti_sysbios_knl_Task_exit__E)
                  00002db8    0000006e     rtsv7M4_T_le_v4SPD16_eabi.lib : s_roundf.c.obj (.text:roundf)
                  00002e26    00000002     --HOLE-- [fill = 0]
                  00002e28    0000006d     ti.targets.arm.rtsarm.aem4f : System.oem4f (.text:xdc_runtime_System_formatNum__I)
                  00002e95    00000003     --HOLE-- [fill = 0]
                  00002e98    0000006c     sysbios.aem4f : BIOS.obj (.text:ti_sysbios_knl_Swi_restoreHwi__E)
                  00002f04    0000006c     ti.targets.arm.rtsarm.aem4f : Error.oem4f (.text:xdc_runtime_Error_print__E)
                  00002f70    0000006c                                 : Memory.oem4f (.text:xdc_runtime_Memory_alloc__E)
                  00002fdc    00000068     rtsv7M4_T_le_v4SPD16_eabi.lib : copy_decompress_lzss.c.obj (.text:decompress:lzss:__TI_decompress_lzss)
                  00003044    00000004     --HOLE-- [fill = 0]
                  00003048    00000068     sysbios.aem4f : BIOS.obj (.text:ti_sysbios_family_arm_lm4_TimestampProvider_initTimerHandle__I)
                  000030b0    00000066     ti.targets.arm.rtsarm.aem4f : Core-mem.oem4f (.text:xdc_runtime_Core_deleteObject__I)
                  00003116    00000002     --HOLE-- [fill = 0]
                  00003118    00000064     sysbios.aem4f : BIOS.obj (.text:ti_sysbios_family_arm_lm4_Timer_Module_startup__E)
                  0000317c    00000004     --HOLE-- [fill = 0]
                  00003180    00000064                   : BIOS.obj (.text:ti_sysbios_family_arm_m3_Hwi_dispatchC__I)
                  000031e4    00000004     --HOLE-- [fill = 0]
                  000031e8    00000060                   : BIOS.obj (.text:ti_sysbios_knl_Task_schedule__I)
                  00003248    0000005c                   : BIOS.obj (.text:ti_sysbios_knl_Swi_run__I)
                  000032a4    00000004     --HOLE-- [fill = 0]
                  000032a8    0000005c                   : BIOS.obj (.text:ti_sysbios_knl_Swi_schedule__I)
                  00003304    00000004     --HOLE-- [fill = 0]
                  00003308    0000005c                   : BIOS.obj (.text:ti_sysbios_knl_Task_Module_startup__E)
                  00003364    00000004     --HOLE-- [fill = 0]
                  00003368    0000005c                   : BIOS.obj (.text:ti_sysbios_knl_Task_startCore__E)
                  000033c4    0000005b     ti.targets.arm.rtsarm.aem4f : Text.oem4f (.text:xdc_runtime_Text_putLab__E)
                  0000341f    00000001     --HOLE-- [fill = 0]
                  00003420    00000058     boot.aem4f : boot.oem4f (.text)
                  00003478    00000058     rtsv7M4_T_le_v4SPD16_eabi.lib : hostwrite.c.obj (.text:HOSTwrite)
                  000034d0    00000058     sysbios.aem4f : m3_Hwi_asm_switch.obj (.text:ti_sysbios_family_arm_m3_Hwi_initStacks__E)
                  00003528    00000054                   : BIOS.obj (.text:ti_sysbios_family_arm_lm4_Timer_initDevice__I)
                  0000357c    00000054     ti.targets.arm.rtsarm.aem4f : Assert.oem4f (.text:xdc_runtime_Assert_raise__I)
                  000035d0    00000050     Boot.aem4f : Boot_sysctl.oem4f (.text:_SysCtlFrequencyGet)
                  00003620    00000050     sysbios.aem4f : BIOS.obj (.text:ti_sysbios_family_arm_m3_Hwi_Module_startup__E)
                  00003670    00000050     ti.targets.arm.rtsarm.aem4f : Startup.oem4f (.text:xdc_runtime_Startup_exec__E)
                  000036c0    00000050                                 : Text.oem4f (.text:xdc_runtime_Text_visitRope2__I)
                  00003710    0000004c     rtsv7M4_T_le_v4SPD16_eabi.lib : cpy_tbl.c.obj (.text:copy_in)
                  0000375c    00000004     --HOLE-- [fill = 0]
                  00003760    0000004c     sysbios.aem4f : BIOS.obj (.text:ti_sysbios_heaps_HeapMem_getStats__E)
                  000037ac    00000004     --HOLE-- [fill = 0]
                  000037b0    0000004c                   : BIOS.obj (.text:ti_sysbios_knl_Swi_runLoop__I)
                  000037fc    00000004     --HOLE-- [fill = 0]
                  00003800    0000004c                   : BIOS.obj (.text:ti_sysbios_knl_Task_allBlockedFunction__I)
                  0000384c    00000048     driverlib.lib : gpio.obj (.text:GPIOPinConfigure)
                  00003894    00000004     --HOLE-- [fill = 0]
                  00003898    00000048     sysbios.aem4f : BIOS.obj (.text:ti_sysbios_family_arm_lm4_Timer_enableTimers__I)
                  000038e0    00000048                   : BIOS.obj (.text:ti_sysbios_family_arm_m3_Hwi_disableInterrupt__E)
                  00003928    00000048                   : BIOS.obj (.text:ti_sysbios_family_arm_m3_Hwi_enableInterrupt__E)
                  00003970    00000048                   : BIOS.obj (.text:ti_sysbios_family_arm_m3_Hwi_excReserved__I)
                  000039b8    00000048                   : BIOS.obj (.text:ti_sysbios_knl_Mailbox_Module_startup__E)
                  00003a00    00000046     ti.targets.arm.rtsarm.aem4f : Core-params.oem4f (.text:xdc_runtime_Core_assignParams__I)
                  00003a46    00000002     --HOLE-- [fill = 0]
                  00003a48    00000044     sysbios.aem4f : BIOS.obj (.text:ti_sysbios_family_arm_lm4_Timer_isrStub__E)
                  00003a8c    00000004     --HOLE-- [fill = 0]
                  00003a90    00000044                   : BIOS.obj (.text:ti_sysbios_family_arm_m3_Hwi_getStackInfo__E)
                  00003ad4    00000004     --HOLE-- [fill = 0]
                  00003ad8    00000044                   : BIOS.obj (.text:ti_sysbios_knl_Swi_post__E)
                  00003b1c    00000044     ti.targets.arm.rtsarm.aem4f : Error.oem4f (.text:xdc_runtime_Error_setX__E)
                  00003b60    00000044                                 : SysMin.oem4f (.text:xdc_runtime_SysMin_flush__E)
                  00003ba4    00000044                                 : Text.oem4f (.text:xdc_runtime_Text_xprintf__I)
                  00003be8    00000040     rtsv7M4_T_le_v4SPD16_eabi.lib : u_divt2.asm.obj (.text)
                  00003c28    00000040     sysbios.aem4f : BIOS.obj (.text:ti_sysbios_family_arm_lm4_Timer_startup__E)
                  00003c68    0000003c                   : BIOS.obj (.text:ti_sysbios_family_arm_m3_Hwi_excSvCall__I)
                  00003ca4    00000004     --HOLE-- [fill = 0]
                  00003ca8    0000003c                   : BIOS.obj (.text:ti_sysbios_heaps_HeapMem_init__I)
                  00003ce4    00000004     --HOLE-- [fill = 0]
                  00003ce8    0000003c                   : BIOS.obj (.text:ti_sysbios_knl_Swi_restore__E)
                  00003d24    00000038     rtsv7M4_T_le_v4SPD16_eabi.lib : trgmsg.c.obj (.text:__TI_writemsg)
                  00003d5c    00000004     --HOLE-- [fill = 0]
                  00003d60    00000038     sysbios.aem4f : BIOS.obj (.text:ti_sysbios_family_arm_m3_Hwi_excNoIsr__I)
                  00003d98    00000038                   : BIOS.obj (.text:ti_sysbios_knl_Task_processVitalTaskFlag__I)
                  00003dd0    00000038     ti.targets.arm.rtsarm.aem4f : SysMin.oem4f (.text:xdc_runtime_SysMin_putch__E)
                  00003e08    00000038                                 : System.oem4f (.text:xdc_runtime_System_atexit__E)
                  00003e40    00000034     driverlib.lib : sysctl.obj (.text:SysCtlPeripheralEnable)
                  00003e74    00000034     rtsv7M4_T_le_v4SPD16_eabi.lib : trgmsg.c.obj (.text:__TI_readmsg)
                  00003ea8    00000034     sysbios.aem4f : BIOS.obj (.text:ti_sysbios_family_arm_m3_Hwi_excNmi__I)
                  00003edc    00000004     --HOLE-- [fill = 0]
                  00003ee0    00000034                   : BIOS.obj (.text:ti_sysbios_hal_Hwi_checkStack)
                  00003f14    00000034     ti.targets.arm.rtsarm.aem4f : Core-label.oem4f (.text:xdc_runtime_Core_assignLabel__I)
                  00003f48    00000033                                 : Text.oem4f (.text:xdc_runtime_Text_printVisFxn__I)
                  00003f7b    00000005     --HOLE-- [fill = 0]
                  00003f80    00000032     sysbios.aem4f : BIOS.obj (.text:ti_sysbios_hal_Hwi_initStack)
                  00003fb2    00000006     ti.targets.arm.rtsarm.aem4f : System.oem4f (.text:xdc_runtime_System_Module_startup__E)
                  00003fb8    00000030     rtos_pem4f.oem4f (.text:ti_sysbios_BIOS_atExitFunc__I)
                  00003fe8    00000030     sysbios.aem4f : BIOS.obj (.text:ti_sysbios_family_arm_lm4_Timer_stop__E)
                  00004018    00000030                   : BIOS.obj (.text:ti_sysbios_family_arm_m3_TaskSupport_start__E)
                  00004048    00000030     rtos_pem4f.oem4f (.text:ti_sysbios_gates_GateHwi_Object__create__S)
                  00004078    00000030     rtos_pem4f.oem4f (.text:ti_sysbios_gates_GateMutex_Object__create__S)
                  000040a8    00000030     rtos_pem4f.oem4f (.text:ti_sysbios_heaps_HeapMem_Object__create__S)
                  000040d8    00000030     sysbios.aem4f : BIOS.obj (.text:ti_sysbios_knl_Mailbox_postInit__I)
                  00004108    00000030     rtos_pem4f.oem4f (.text:ti_sysbios_knl_Semaphore_construct)
                  00004138    00000030     sysbios.aem4f : BIOS.obj (.text:ti_sysbios_knl_Semaphore_pendTimeout__I)
                  00004168    00000030                   : BIOS.obj (.text:ti_sysbios_knl_Task_unblockI__E)
                  00004198    00000030     ti.targets.arm.rtsarm.aem4f : SysMin.oem4f (.text:xdc_runtime_SysMin_abort__E)
                  000041c8    00000030                                 : System.oem4f (.text:xdc_runtime_System_processAtExit__E)
                  000041f8    0000002c     rtos_pem4f.oem4f (.text:ti_sysbios_knl_Clock_doTick__I)
                  00004224    00000004     --HOLE-- [fill = 0]
                  00004228    0000002c     rtos_pem4f.oem4f (.text:ti_sysbios_knl_Queue_construct)
                  00004254    00000004     --HOLE-- [fill = 0]
                  00004258    0000002c     sysbios.aem4f : BIOS.obj (.text:ti_sysbios_knl_Task_restore__E)
                  00004284    0000002c     ti.targets.arm.rtsarm.aem4f : Text.oem4f (.text:xdc_runtime_Text_cordText__E)
                  000042b0    0000002a     driverlib.lib : gpio.obj (.text:GPIODirModeSet)
                  000042da    0000002a     ti.targets.arm.rtsarm.aem4f : System.oem4f (.text:xdc_runtime_System_putchar__I)
                  00004304    00000004     --HOLE-- [fill = 0]
                  00004308    00000028     sysbios.aem4f : BIOS.obj (.text:ti_sysbios_knl_Clock_addI__E)
                  00004330    00000028                   : BIOS.obj (.text:ti_sysbios_knl_Swi_Module_startup__E)
                  00004358    00000026                   : m3_Hwi_asm.obj (.text:ti_sysbios_family_arm_m3_Hwi_pendSV__I)
                  0000437e    00000026     ti.targets.arm.rtsarm.aem4f : System.oem4f (.text:xdc_runtime_System_avprintf__E)
                  000043a4    00000004     --HOLE-- [fill = 0]
                  000043a8    00000024     rtos_pem4f.oem4f (.text:ti_sysbios_BIOS_errorRaiseHook__I)
                  000043cc    00000004     --HOLE-- [fill = 0]
                  000043d0    00000024     rtos_pem4f.oem4f (.text:ti_sysbios_BIOS_registerRTSLock__I)
                  000043f4    00000004     --HOLE-- [fill = 0]
                  000043f8    00000024     rtos_pem4f.oem4f (.text:ti_sysbios_BIOS_removeRTSLock__I)
                  0000441c    00000004     --HOLE-- [fill = 0]
                  00004420    00000024     rtos_pem4f.oem4f (.text:ti_sysbios_BIOS_startFunc__I)
                  00004444    00000004     --HOLE-- [fill = 0]
                  00004448    00000024     rtos_pem4f.oem4f (.text:ti_sysbios_gates_GateMutex_Object__delete__S)
                  0000446c    00000004     --HOLE-- [fill = 0]
                  00004470    00000024     sysbios.aem4f : BIOS.obj (.text:ti_sysbios_knl_Clock_Module_startup__E)
                  00004494    00000004     --HOLE-- [fill = 0]
                  00004498    00000024                   : BIOS.obj (.text:ti_sysbios_knl_Task_restoreHwi__E)
                  000044bc    00000024     ti.targets.arm.rtsarm.aem4f : System.oem4f (.text:xdc_runtime_System_vprintf__E)
                  000044e0    00000022     driverlib.lib : pwm.obj (.text:PWMGenConfigure)
                  00004502    00000006     --HOLE-- [fill = 0]
                  00004508    00000022     sysbios.aem4f : BIOS.obj (.text:ti_sysbios_family_arm_lm4_Timer_write__I)
                  0000452a    00000006     --HOLE-- [fill = 0]
                  00004530    00000022     rtos_pem4f.oem4f (.text:xdc_runtime_SysMin_output__I)
                  00004552    00000002     --HOLE-- [fill = 0]
                  00004554    00000020     Boot.aem4f : Boot_sysctl.oem4f (.text:_SysCtlMemTimingGet)
                  00004574    00000004     --HOLE-- [fill = 0]
                  00004578    00000020     rtos_pem4f.oem4f (.text:ti_sysbios_BIOS_rtsLock__I)
                  00004598    00000020     sysbios.aem4f : m3_Hwi_asm.obj (.text:ti_sysbios_family_arm_m3_Hwi_excHandlerAsm__I)
                  000045b8    00000020                   : BIOS.obj (.text:ti_sysbios_family_arm_m3_Hwi_excHandler__I)
                  000045d8    00000020     rtos_pem4f.oem4f (.text:ti_sysbios_gates_GateHwi_Object__delete__S)
                  000045f8    00000020     rtos_pem4f.oem4f (.text:ti_sysbios_heaps_HeapMem_Object__delete__S)
                  00004618    00000020     sysbios.aem4f : BIOS.obj (.text:ti_sysbios_knl_Idle_run__E)
                  00004638    00000020     rtos_pem4f.oem4f (.text:ti_sysbios_knl_Semaphore_Object__destruct__S)
                  00004658    00000020     ti.targets.arm.rtsarm.aem4f : Registry.oem4f (.text:xdc_runtime_Registry_findById__E)
                  00004678    00000020                                 : SysMin.oem4f (.text:xdc_runtime_SysMin_Module_startup__E)
                  00004698    0000001e     driverlib.lib : pwm.obj (.text:PWMPulseWidthSet)
                  000046b6    0000001e     sysbios.aem4f : m3_Hwi_asm_switch.obj (.text:ti_sysbios_family_xxx_Hwi_switchAndRunFunc)
                  000046d4    00000004     --HOLE-- [fill = 0]
                  000046d8    0000001c                   : BIOS.obj (.text:ti_sysbios_gates_GateMutex_Instance_init__E)
                  000046f4    00000004     --HOLE-- [fill = 0]
                  000046f8    0000001c     rtos_pem4f.oem4f (.text:ti_sysbios_knl_Queue_Object__destruct__S)
                  00004714    00000004     --HOLE-- [fill = 0]
                  00004718    0000001c     sysbios.aem4f : BIOS.obj (.text:ti_sysbios_knl_Queue_put__E)
                  00004734    00000004     --HOLE-- [fill = 0]
                  00004738    0000001c                   : BIOS.obj (.text:ti_sysbios_knl_Task_enter__I)
                  00004754    0000001c     ti.targets.arm.rtsarm.aem4f : Error.oem4f (.text:xdc_runtime_Error_raiseX__E)
                  00004770    0000001c                                 : Memory.oem4f (.text:xdc_runtime_Memory_valloc__E)
                  0000478c    0000001c                                 : SysMin.oem4f (.text:xdc_runtime_SysMin_exit__E)
                  000047a8    0000001c                                 : System.oem4f (.text:xdc_runtime_System_abort__E)
                  000047c4    00000004     --HOLE-- [fill = 0]
                  000047c8    0000001a     rtos_pem4f.oem4f (.text:ti_sysbios_family_arm_m3_Hwi_Handle__label__S)
                  000047e2    00000006     --HOLE-- [fill = 0]
                  000047e8    0000001a     rtos_pem4f.oem4f (.text:ti_sysbios_gates_GateHwi_Handle__label__S)
                  00004802    00000006     --HOLE-- [fill = 0]
                  00004808    0000001a     rtos_pem4f.oem4f (.text:ti_sysbios_gates_GateMutex_Handle__label__S)
                  00004822    00000006     --HOLE-- [fill = 0]
                  00004828    0000001a     rtos_pem4f.oem4f (.text:ti_sysbios_heaps_HeapMem_Handle__label__S)
                  00004842    00000006     --HOLE-- [fill = 0]
                  00004848    0000001a     rtos_pem4f.oem4f (.text:ti_sysbios_knl_Swi_Handle__label__S)
                  00004862    00000006     --HOLE-- [fill = 0]
                  00004868    0000001a     rtos_pem4f.oem4f (.text:ti_sysbios_knl_Task_Handle__label__S)
                  00004882    00000006     --HOLE-- [fill = 0]
                  00004888    0000001a     rtos_pem4f.oem4f (.text:xdc_runtime_System_aprintf__E)
                  000048a2    00000006     --HOLE-- [fill = 0]
                  000048a8    0000001a     rtos_pem4f.oem4f (.text:xdc_runtime_System_printf__E)
                  000048c2    00000002     --HOLE-- [fill = 0]
                  000048c4    00000018     rtsv7M4_T_le_v4SPD16_eabi.lib : args_main.c.obj (.text:_args_main)
                  000048dc    00000004     --HOLE-- [fill = 0]
                  000048e0    00000018     rtos_pem4f.oem4f (.text:ti_sysbios_BIOS_rtsUnlock__I)
                  000048f8    00000018     rtos_pem4f.oem4f (.text:ti_sysbios_family_arm_lm4_Timer_Module__startupDone__F)
                  00004910    00000018     rtos_pem4f.oem4f (.text:ti_sysbios_family_arm_m3_Hwi_Module__startupDone__F)
                  00004928    00000018     sysbios.aem4f : m3_TaskSupport_asm.obj (.text:ti_sysbios_family_arm_m3_TaskSupport_swap__E)
                  00004940    00000018                   : BIOS.obj (.text:ti_sysbios_gates_GateMutex_leave__E)
                  00004958    00000018     ti.targets.arm.rtsarm.aem4f : Error.oem4f (.text:xdc_runtime_Error_check__E)
                  00004970    00000018                                 : System.oem4f (.text:xdc_runtime_System_exit__E)
                  00004988    00000018                                 : Text.oem4f (.text:xdc_runtime_Text_ropeText__E)
                  000049a0    00000016     rtos_pem4f.oem4f (.text:ti_sysbios_BIOS_exitFunc__I)
                  000049b6    00000002     --HOLE-- [fill = 0]
                  000049b8    00000016     sysbios.aem4f : BIOS.obj (.text:ti_sysbios_knl_Task_unblock__E)
                  000049ce    00000002     --HOLE-- [fill = 0]
                  000049d0    00000014     driverlib.lib : pwm.obj (.text:PWMClockSet)
                  000049e4    00000014     rtsv7M4_T_le_v4SPD16_eabi.lib : strlen.c.obj (.text:strlen)
                  000049f8    00000014     rtos_pem4f.oem4f (.text:ti_sysbios_family_arm_m3_Hwi_Object__get__S)
                  00004a0c    00000004     --HOLE-- [fill = 0]
                  00004a10    00000014     sysbios.aem4f : BIOS.obj (.text:ti_sysbios_family_arm_m3_Hwi_switchFromBootStack__E)
                  00004a24    00000004     --HOLE-- [fill = 0]
                  00004a28    00000014     rtos_pem4f.oem4f (.text:ti_sysbios_heaps_HeapMem_Object__get__S)
                  00004a3c    00000004     --HOLE-- [fill = 0]
                  00004a40    00000014     rtos_pem4f.oem4f (.text:ti_sysbios_knl_Swi_Object__get__S)
                  00004a54    00000012     driverlib.lib : gpio.obj (.text:GPIOPinTypePWM)
                  00004a66    00000012                   : pwm.obj (.text:PWMOutputState)
                  00004a78    00000012     sysbios.aem4f : BIOS.obj (.text:ti_sysbios_hal_Hwi_Module_startup__E)
                  00004a8a    00000006     --HOLE-- [fill = 0]
                  00004a90    00000012     rtos_pem4f.oem4f (.text:xdc_runtime_Startup_exec__I)
                  00004aa2    00000006     --HOLE-- [fill = 0]
                  00004aa8    00000010     rtos_pem4f.oem4f (.text:.bootCodeSection:ti_catalog_arm_cortexm4_tiva_ce_Boot_init__I)
                  00004ab8    00000010     driverlib.lib : interrupt.obj (.text:IntMasterDisable)
                  00004ac8    00000010                   : interrupt.obj (.text:IntMasterEnable)
                  00004ad8    00000010                   : pwm.obj (.text:PWMGenPeriodSet)
                  00004ae8    00000010     sysbios.aem4f : BIOS.obj (.text:ti_sysbios_BIOS_setThreadType__E)
                  00004af8    00000010                   : BIOS.obj (.text:ti_sysbios_BIOS_start__E)
                  00004b08    00000010                   : m3_TaskSupport_asm.obj (.text:ti_sysbios_family_arm_m3_TaskSupport_glue)
                  00004b18    00000010                   : BIOS.obj (.text:ti_sysbios_gates_GateMutex_Instance_finalize__E)
                  00004b28    00000010     rtos_pem4f.oem4f (.text:ti_sysbios_knl_Mailbox_Object__get__S)
                  00004b38    00000010     sysbios.aem4f : BIOS.obj (.text:ti_sysbios_knl_Semaphore_Instance_finalize__E)
                  00004b48    00000010                   : BIOS.obj (.text:ti_sysbios_knl_Swi_disable__E)
                  00004b58    00000010     rtos_pem4f.oem4f (.text:ti_sysbios_knl_Task_Object__get__S)
                  00004b68    00000010     sysbios.aem4f : BIOS.obj (.text:ti_sysbios_knl_Task_disable__E)
                  00004b78    00000010     ti.targets.arm.rtsarm.aem4f : Gate.oem4f (.text:xdc_runtime_Gate_leaveSystem__E)
                  00004b88    00000010                                 : Memory.oem4f (.text:xdc_runtime_Memory_free__E)
                  00004b98    00000010                                 : SysMin.oem4f (.text:xdc_runtime_SysMin_ready__E)
                  00004ba8    00000010                                 : System.oem4f (.text:xdc_runtime_System_vsnprintf__E)
                  00004bb8    00000010     rtos_pem4f.oem4f (.text:xdc_runtime_Text_visitRope__I)
                  00004bc8    0000000e     rtsv7M4_T_le_v4SPD16_eabi.lib : copy_decompress_none.c.obj (.text:decompress:none:__TI_decompress_none)
                  00004bd6    00000002     --HOLE-- [fill = 0]
                  00004bd8    0000000e     sysbios.aem4f : BIOS.obj (.text:ti_sysbios_knl_Idle_loop__E)
                  00004be6    00000002     --HOLE-- [fill = 0]
                  00004be8    0000000e                   : BIOS.obj (.text:ti_sysbios_knl_Queue_empty__E)
                  00004bf6    0000000c     driverlib.lib : cpu.obj (.text:CPUcpsid)
                  00004c02    0000000c                   : cpu.obj (.text:CPUcpsie)
                  00004c0e    0000000c                   : pwm.obj (.text:PWMGenEnable)
                  00004c1a    00000002     --HOLE-- [fill = 0]
                  00004c1c    0000000c     rtsv7M4_T_le_v4SPD16_eabi.lib : _lock.c.obj (.text:_register_lock)
                  00004c28    0000000c                                   : _lock.c.obj (.text:_register_unlock)
                  00004c34    0000000c                                   : copy_zero_init.c.obj (.text:decompress:ZI:__TI_zero_init)
                  00004c40    0000000c     sysbios.aem4f : BIOS.obj (.text:ti_sysbios_family_arm_lm4_Timer_getMaxTicks__E)
                  00004c4c    00000004     --HOLE-- [fill = 0]
                  00004c50    0000000c                   : BIOS.obj (.text:ti_sysbios_family_arm_m3_TaskSupport_checkStack__E)
                  00004c5c    00000004     --HOLE-- [fill = 0]
                  00004c60    0000000c                   : BIOS.obj (.text:ti_sysbios_gates_GateHwi_enter__E)
                  00004c6c    00000004     --HOLE-- [fill = 0]
                  00004c70    0000000c     rtos_pem4f.oem4f (.text:ti_sysbios_knl_Queue_Object__get__S)
                  00004c7c    0000000c     ti.targets.arm.rtsarm.aem4f : Error.oem4f (.text:xdc_runtime_Error_init__E)
                  00004c88    0000000c                                 : Gate.oem4f (.text:xdc_runtime_Gate_enterSystem__E)
                  00004c94    0000000c                                 : Memory.oem4f (.text:xdc_runtime_Memory_calloc__E)
                  00004ca0    0000000c                                 : Memory.oem4f (.text:xdc_runtime_Memory_getMaxDefaultTypeAlign__E)
                  00004cac    00000004     --HOLE-- [fill = 0]
                  00004cb0    0000000a     main.obj (.text:task0_func)
                  00004cba    00000006     --HOLE-- [fill = 0]
                  00004cc0    0000000a     rtos_pem4f.oem4f (.text:xdc_runtime_IHeap_alloc)
                  00004cca    00000006     --HOLE-- [fill = 0]
                  00004cd0    0000000a     rtos_pem4f.oem4f (.text:xdc_runtime_IHeap_free)
                  00004cda    00000008     sysbios.aem4f : BIOS.obj (.text:ti_sysbios_family_arm_lm4_Timer_masterDisable__I)
                  00004ce2    00000006     --HOLE-- [fill = 0]
                  00004ce8    00000008                   : BIOS.obj (.text:ti_sysbios_family_arm_m3_Hwi_doSwiRestore__I)
                  00004cf0    00000008                   : BIOS.obj (.text:ti_sysbios_family_arm_m3_Hwi_startup__E)
                  00004cf8    00000006                   : BIOS.obj (.text:ti_sysbios_family_arm_lm4_TimestampProvider_Module_startup__E)
                  00004cfe    00000002     --HOLE-- [fill = 0]
                  00004d00    00000006                   : BIOS.obj (.text:ti_sysbios_family_arm_m3_Hwi_doTaskRestore__I)
                  00004d06    00000002     --HOLE-- [fill = 0]
                  00004d08    00000006                   : BIOS.obj (.text:ti_sysbios_gates_GateHwi_leave__E)
                  00004d0e    00000002     --HOLE-- [fill = 0]
                  00004d10    00000006                   : BIOS.obj (.text:ti_sysbios_heaps_HeapMem_isBlocking__E)
                  00004d16    00000002     --HOLE-- [fill = 0]
                  00004d18    00000006                   : BIOS.obj (.text:ti_sysbios_knl_Queue_Instance_init__E)
                  00004d1e    00000002     --HOLE-- [fill = 0]
                  00004d20    00000006                   : BIOS.obj (.text:ti_sysbios_knl_Swi_startup__E)
                  00004d26    00000002     --HOLE-- [fill = 0]
                  00004d28    00000004     rtos_pem4f.oem4f (.text:ti_sysbios_BIOS_RtsGateProxy_enter__E)
                  00004d2c    00000004     --HOLE-- [fill = 0]
                  00004d30    00000004     rtos_pem4f.oem4f (.text:ti_sysbios_BIOS_RtsGateProxy_leave__E)
                  00004d34    00000004     --HOLE-- [fill = 0]
                  00004d38    00000004     rtos_pem4f.oem4f (.text:ti_sysbios_family_arm_m3_TaskSupport_Module__startupDone__S)
                  00004d3c    00000004     --HOLE-- [fill = 0]
                  00004d40    00000004     sysbios.aem4f : BIOS.obj (.text:ti_sysbios_gates_GateHwi_query__E)
                  00004d44    00000004     --HOLE-- [fill = 0]
                  00004d48    00000004                   : BIOS.obj (.text:ti_sysbios_gates_GateMutex_query__E)
                  00004d4c    00000004     --HOLE-- [fill = 0]
                  00004d50    00000004     rtos_pem4f.oem4f (.text:ti_sysbios_heaps_HeapMem_Module_GateProxy_enter__E)
                  00004d54    00000004     --HOLE-- [fill = 0]
                  00004d58    00000004     rtos_pem4f.oem4f (.text:ti_sysbios_heaps_HeapMem_Module_GateProxy_leave__E)
                  00004d5c    00000004     --HOLE-- [fill = 0]
                  00004d60    00000004     rtos_pem4f.oem4f (.text:ti_sysbios_knl_Clock_TimerProxy_getMaxTicks__E)
                  00004d64    00000004     --HOLE-- [fill = 0]
                  00004d68    00000004     rtos_pem4f.oem4f (.text:ti_sysbios_knl_Queue_destruct)
                  00004d6c    00000004     --HOLE-- [fill = 0]
                  00004d70    00000004     rtos_pem4f.oem4f (.text:ti_sysbios_knl_Semaphore_destruct)
                  00004d74    00000004     --HOLE-- [fill = 0]
                  00004d78    00000004     sysbios.aem4f : BIOS.obj (.text:ti_sysbios_knl_Task_startup__E)
                  00004d7c    00000004     --HOLE-- [fill = 0]
                  00004d80    00000004     rtos_pem4f.oem4f (.text:xdc_runtime_System_Module_GateProxy_enter__E)
                  00004d84    00000004     --HOLE-- [fill = 0]
                  00004d88    00000004     rtos_pem4f.oem4f (.text:xdc_runtime_System_Module_GateProxy_leave__E)
                  00004d8c    00000004     --HOLE-- [fill = 0]
                  00004d90    00000002     rtos_pem4f.oem4f (.text:ti_sysbios_BIOS_nullFunc__I)
                  00004d92    00000006     --HOLE-- [fill = 0]
                  00004d98    00000002     sysbios.aem4f : BIOS.obj (.text:ti_sysbios_gates_GateHwi_Instance_init__E)
                  00004d9a    00000006     --HOLE-- [fill = 0]
                  00004da0    00000002                   : BIOS.obj (.text:ti_sysbios_knl_Clock_logTick__E)
                  00004da2    00000006     --HOLE-- [fill = 0]
                  00004da8    00000002     rtos_pem4f.oem4f (.text:xdc_runtime_Startup_reset__I)

.const     0    00004dac    00002033     
                  00004dac    0000190e     rtos_pem4f.oem4f (.const:xdc_runtime_Text_charTab__A)
                  000066ba    00000002     rtos_pem4f.oem4f (.const:ti_catalog_arm_cortexm4_tiva_ce_Boot_Module__id__C)
                  000066bc    00000120     Boot.aem4f : Boot_sysctl.oem4f (.const:g_pppui32XTALtoVCO)
                  000067dc    000000c8     rtos_pem4f.oem4f (.const:xdc_runtime_Text_nodeTab__A)
                  000068a4    00000090     driverlib.lib : gpio.obj (.const:g_pui32GPIOBaseAddrs)
                  00006934    0000006c     Boot.aem4f : Boot_sysctl.oem4f (.const:g_pui32Xtals)
                  000069a0    00000048     rtos_pem4f.oem4f (.const:.string)
                  000069e8    00000030     Boot.aem4f : Boot_sysctl.oem4f (.const:g_sXTALtoMEMTIM)
                  00006a18    00000028     rtos_pem4f.oem4f (.const:ti_sysbios_heaps_HeapMem_Module__FXNS__C)
                  00006a40    00000028     rtos_pem4f.oem4f (.const:xdc_runtime_Startup_sfxnTab__A)
                  00006a68    00000024     rtos_pem4f.oem4f (.const:ti_sysbios_gates_GateHwi_Module__FXNS__C)
                  00006a8c    00000024     rtos_pem4f.oem4f (.const:ti_sysbios_gates_GateMutex_Module__FXNS__C)
                  00006ab0    00000024     rtos_pem4f.oem4f (.const:ti_sysbios_heaps_HeapMem_Object__PARAMS__C)
                  00006ad4    00000024     rtos_pem4f.oem4f (.const:ti_sysbios_knl_Semaphore_Object__PARAMS__C)
                  00006af8    00000020     rtos_pem4f.oem4f (.const:ti_sysbios_gates_GateHwi_Object__DESC__C)
                  00006b18    00000020     rtos_pem4f.oem4f (.const:ti_sysbios_gates_GateMutex_Object__DESC__C)
                  00006b38    00000020     rtos_pem4f.oem4f (.const:ti_sysbios_heaps_HeapMem_Object__DESC__C)
                  00006b58    00000020     rtos_pem4f.oem4f (.const:ti_sysbios_knl_Queue_Object__DESC__C)
                  00006b78    00000020     rtos_pem4f.oem4f (.const:ti_sysbios_knl_Semaphore_Object__DESC__C)
                  00006b98    00000018     rtos_pem4f.oem4f (.const:ti_sysbios_gates_GateHwi_Object__PARAMS__C)
                  00006bb0    00000018     rtos_pem4f.oem4f (.const:ti_sysbios_gates_GateMutex_Object__PARAMS__C)
                  00006bc8    00000018     rtos_pem4f.oem4f (.const:ti_sysbios_knl_Queue_Object__PARAMS__C)
                  00006be0    00000018     rtos_pem4f.oem4f (.const:xdc_runtime_Startup_firstFxns__A)
                  00006bf8    00000014     rtos_pem4f.oem4f (.const:xdc_runtime_Startup_sfxnRts__A)
                  00006c0c    00000008     Boot.aem4f : Boot_sysctl.oem4f (.const)
                  00006c14    00000008     rtos_pem4f.oem4f (.const:ti_sysbios_family_arm_m3_Hwi_excHookFuncs__A)
                  00006c1c    00000008     rtos_pem4f.oem4f (.const:ti_sysbios_knl_Idle_funcList__C)
                  00006c24    00000008     rtos_pem4f.oem4f (.const:xdc_runtime_Startup_firstFxns__C)
                  00006c2c    00000008     rtos_pem4f.oem4f (.const:xdc_runtime_Startup_lastFxns__C)
                  00006c34    00000004     rtos_pem4f.oem4f (.const:ti_catalog_arm_cortexm4_tiva_ce_Boot_A_mustNotUseEnhancedClockMode__C)
                  00006c38    00000004     rtos_pem4f.oem4f (.const:ti_catalog_arm_cortexm4_tiva_ce_Boot_Module__diagsEnabled__C)
                  00006c3c    00000004     rtos_pem4f.oem4f (.const:ti_catalog_arm_cortexm4_tiva_ce_Boot_Module__diagsIncluded__C)
                  00006c40    00000004     rtos_pem4f.oem4f (.const:ti_catalog_arm_cortexm4_tiva_ce_Boot_Module__diagsMask__C)
                  00006c44    00000004     rtos_pem4f.oem4f (.const:ti_sysbios_family_arm_lm4_Timer_enableFunc__C)
                  00006c48    00000004     rtos_pem4f.oem4f (.const:ti_sysbios_family_arm_lm4_Timer_numTimerDevices__C)
                  00006c4c    00000004     rtos_pem4f.oem4f (.const:ti_sysbios_family_arm_lm4_Timer_startupNeeded__C)
                  00006c50    00000004     rtos_pem4f.oem4f (.const:ti_sysbios_family_arm_lm4_TimestampProvider_Module__diagsEnabled__C)
                  00006c54    00000004     rtos_pem4f.oem4f (.const:ti_sysbios_family_arm_lm4_TimestampProvider_Module__diagsIncluded__C)
                  00006c58    00000004     rtos_pem4f.oem4f (.const:ti_sysbios_family_arm_lm4_TimestampProvider_Module__diagsMask__C)
                  00006c5c    00000004     rtos_pem4f.oem4f (.const:ti_sysbios_family_arm_m3_Hwi_E_NMI__C)
                  00006c60    00000004     rtos_pem4f.oem4f (.const:ti_sysbios_family_arm_m3_Hwi_E_busFault__C)
                  00006c64    00000004     rtos_pem4f.oem4f (.const:ti_sysbios_family_arm_m3_Hwi_E_debugMon__C)
                  00006c68    00000004     rtos_pem4f.oem4f (.const:ti_sysbios_family_arm_m3_Hwi_E_hardFault__C)
                  00006c6c    00000004     rtos_pem4f.oem4f (.const:ti_sysbios_family_arm_m3_Hwi_E_memFault__C)
                  00006c70    00000004     rtos_pem4f.oem4f (.const:ti_sysbios_family_arm_m3_Hwi_E_noIsr__C)
                  00006c74    00000004     rtos_pem4f.oem4f (.const:ti_sysbios_family_arm_m3_Hwi_E_reserved__C)
                  00006c78    00000004     rtos_pem4f.oem4f (.const:ti_sysbios_family_arm_m3_Hwi_E_svCall__C)
                  00006c7c    00000004     rtos_pem4f.oem4f (.const:ti_sysbios_family_arm_m3_Hwi_E_usageFault__C)
                  00006c80    00000004     rtos_pem4f.oem4f (.const:ti_sysbios_family_arm_m3_Hwi_NUM_INTERRUPTS__C)
                  00006c84    00000004     rtos_pem4f.oem4f (.const:ti_sysbios_family_arm_m3_Hwi_Object__count__C)
                  00006c88    00000004     rtos_pem4f.oem4f (.const:ti_sysbios_family_arm_m3_Hwi_ccr__C)
                  00006c8c    00000004     rtos_pem4f.oem4f (.const:ti_sysbios_family_arm_m3_Hwi_excHandlerFunc__C)
                  00006c90    00000004     rtos_pem4f.oem4f (.const:ti_sysbios_family_arm_m3_Hwi_excHookFuncs__C)
                  00006c94    00000004     rtos_pem4f.oem4f (.const:ti_sysbios_family_arm_m3_Hwi_nullIsrFunc__C)
                  00006c98    00000004     rtos_pem4f.oem4f (.const:ti_sysbios_family_arm_m3_Hwi_priGroup__C)
                  00006c9c    00000004     rtos_pem4f.oem4f (.const:ti_sysbios_gates_GateMutex_A_badContext__C)
                  00006ca0    00000004     rtos_pem4f.oem4f (.const:ti_sysbios_gates_GateMutex_Instance_State_sem__O)
                  00006ca4    00000004     rtos_pem4f.oem4f (.const:ti_sysbios_gates_GateMutex_Module__diagsEnabled__C)
                  00006ca8    00000004     rtos_pem4f.oem4f (.const:ti_sysbios_gates_GateMutex_Module__diagsIncluded__C)
                  00006cac    00000004     rtos_pem4f.oem4f (.const:ti_sysbios_gates_GateMutex_Module__diagsMask__C)
                  00006cb0    00000004     rtos_pem4f.oem4f (.const:ti_sysbios_hal_Hwi_E_stackOverflow__C)
                  00006cb4    00000004     rtos_pem4f.oem4f (.const:ti_sysbios_heaps_HeapMem_A_align__C)
                  00006cb8    00000004     rtos_pem4f.oem4f (.const:ti_sysbios_heaps_HeapMem_A_heapSize__C)
                  00006cbc    00000004     rtos_pem4f.oem4f (.const:ti_sysbios_heaps_HeapMem_A_invalidFree__C)
                  00006cc0    00000004     rtos_pem4f.oem4f (.const:ti_sysbios_heaps_HeapMem_A_zeroBlock__C)
                  00006cc4    00000004     rtos_pem4f.oem4f (.const:ti_sysbios_heaps_HeapMem_E_memory__C)
                  00006cc8    00000004     rtos_pem4f.oem4f (.const:ti_sysbios_heaps_HeapMem_Module__diagsEnabled__C)
                  00006ccc    00000004     rtos_pem4f.oem4f (.const:ti_sysbios_heaps_HeapMem_Module__diagsIncluded__C)
                  00006cd0    00000004     rtos_pem4f.oem4f (.const:ti_sysbios_heaps_HeapMem_Module__diagsMask__C)
                  00006cd4    00000004     rtos_pem4f.oem4f (.const:ti_sysbios_heaps_HeapMem_Module__gateObj__C)
                  00006cd8    00000004     rtos_pem4f.oem4f (.const:ti_sysbios_heaps_HeapMem_Object__count__C)
                  00006cdc    00000004     rtos_pem4f.oem4f (.const:ti_sysbios_heaps_HeapMem_reqAlign__C)
                  00006ce0    00000004     rtos_pem4f.oem4f (.const:ti_sysbios_knl_Clock_Module_State_clockQ__O)
                  00006ce4    00000004     rtos_pem4f.oem4f (.const:ti_sysbios_knl_Idle_funcList__A)
                  00006ce8    00000004     rtos_pem4f.oem4f (.const:ti_sysbios_knl_Mailbox_Instance_State_freeQue__O)
                  00006cec    00000004     rtos_pem4f.oem4f (.const:ti_sysbios_knl_Mailbox_Object__count__C)
                  00006cf0    00000004     rtos_pem4f.oem4f (.const:ti_sysbios_knl_Mailbox_maxTypeAlign__C)
                  00006cf4    00000004     rtos_pem4f.oem4f (.const:ti_sysbios_knl_Semaphore_A_badContext__C)
                  00006cf8    00000004     rtos_pem4f.oem4f (.const:ti_sysbios_knl_Semaphore_A_noEvents__C)
                  00006cfc    00000004     rtos_pem4f.oem4f (.const:ti_sysbios_knl_Semaphore_A_overflow__C)
                  00006d00    00000004     rtos_pem4f.oem4f (.const:ti_sysbios_knl_Semaphore_A_pendTaskDisabled__C)
                  00006d04    00000004     rtos_pem4f.oem4f (.const:ti_sysbios_knl_Semaphore_Instance_State_pendQ__O)
                  00006d08    00000004     rtos_pem4f.oem4f (.const:ti_sysbios_knl_Semaphore_Module__diagsEnabled__C)
                  00006d0c    00000004     rtos_pem4f.oem4f (.const:ti_sysbios_knl_Semaphore_Module__diagsIncluded__C)
                  00006d10    00000004     rtos_pem4f.oem4f (.const:ti_sysbios_knl_Semaphore_Module__diagsMask__C)
                  00006d14    00000004     rtos_pem4f.oem4f (.const:ti_sysbios_knl_Swi_Object__count__C)
                  00006d18    00000004     rtos_pem4f.oem4f (.const:ti_sysbios_knl_Task_E_spOutOfBounds__C)
                  00006d1c    00000004     rtos_pem4f.oem4f (.const:ti_sysbios_knl_Task_E_stackOverflow__C)
                  00006d20    00000004     rtos_pem4f.oem4f (.const:ti_sysbios_knl_Task_Module_State_inactiveQ__O)
                  00006d24    00000004     rtos_pem4f.oem4f (.const:ti_sysbios_knl_Task_Object__count__C)
                  00006d28    00000004     rtos_pem4f.oem4f (.const:ti_sysbios_knl_Task_allBlockedFunc__C)
                  00006d2c    00000004     rtos_pem4f.oem4f (.const:ti_sysbios_knl_Task_numConstructedTasks__C)
                  00006d30    00000004     rtos_pem4f.oem4f (.const:xdc_runtime_Assert_E_assertFailed__C)
                  00006d34    00000004     rtos_pem4f.oem4f (.const:xdc_runtime_Core_A_initializedParams__C)
                  00006d38    00000004     rtos_pem4f.oem4f (.const:xdc_runtime_Core_Module__diagsEnabled__C)
                  00006d3c    00000004     rtos_pem4f.oem4f (.const:xdc_runtime_Core_Module__diagsIncluded__C)
                  00006d40    00000004     rtos_pem4f.oem4f (.const:xdc_runtime_Core_Module__diagsMask__C)
                  00006d44    00000004     rtos_pem4f.oem4f (.const:xdc_runtime_Error_E_memory__C)
                  00006d48    00000004     rtos_pem4f.oem4f (.const:xdc_runtime_Error_Module__diagsEnabled__C)
                  00006d4c    00000004     rtos_pem4f.oem4f (.const:xdc_runtime_Error_Module__diagsIncluded__C)
                  00006d50    00000004     rtos_pem4f.oem4f (.const:xdc_runtime_Error_Module__diagsMask__C)
                  00006d54    00000004     rtos_pem4f.oem4f (.const:xdc_runtime_Error_Module__loggerFxn8__C)
                  00006d58    00000004     rtos_pem4f.oem4f (.const:xdc_runtime_Error_Module__loggerObj__C)
                  00006d5c    00000004     rtos_pem4f.oem4f (.const:xdc_runtime_Error_policyFxn__C)
                  00006d60    00000004     rtos_pem4f.oem4f (.const:xdc_runtime_Error_raiseHook__C)
                  00006d64    00000004     rtos_pem4f.oem4f (.const:xdc_runtime_IGateProvider_Interface__BASE__C)
                  00006d68    00000004     rtos_pem4f.oem4f (.const:xdc_runtime_IHeap_Interface__BASE__C)
                  00006d6c    00000004     rtos_pem4f.oem4f (.const:xdc_runtime_IModule_Interface__BASE__C)
                  00006d70    00000004     rtos_pem4f.oem4f (.const:xdc_runtime_Log_L_error__C)
                  00006d74    00000004     rtos_pem4f.oem4f (.const:xdc_runtime_Memory_defaultHeapInstance__C)
                  00006d78    00000004     rtos_pem4f.oem4f (.const:xdc_runtime_Startup_execImpl__C)
                  00006d7c    00000004     rtos_pem4f.oem4f (.const:xdc_runtime_Startup_maxPasses__C)
                  00006d80    00000004     rtos_pem4f.oem4f (.const:xdc_runtime_Startup_sfxnRts__C)
                  00006d84    00000004     rtos_pem4f.oem4f (.const:xdc_runtime_Startup_sfxnTab__C)
                  00006d88    00000004     rtos_pem4f.oem4f (.const:xdc_runtime_SysMin_bufSize__C)
                  00006d8c    00000004     rtos_pem4f.oem4f (.const:xdc_runtime_SysMin_outputFunc__C)
                  00006d90    00000004     rtos_pem4f.oem4f (.const:xdc_runtime_System_Module__gateObj__C)
                  00006d94    00000004     rtos_pem4f.oem4f (.const:xdc_runtime_System_abortFxn__C)
                  00006d98    00000004     rtos_pem4f.oem4f (.const:xdc_runtime_System_exitFxn__C)
                  00006d9c    00000004     rtos_pem4f.oem4f (.const:xdc_runtime_System_extendFxn__C)
                  00006da0    00000004     rtos_pem4f.oem4f (.const:xdc_runtime_System_maxAtexitHandlers__C)
                  00006da4    00000004     rtos_pem4f.oem4f (.const:xdc_runtime_Text_charTab__C)
                  00006da8    00000004     rtos_pem4f.oem4f (.const:xdc_runtime_Text_nameEmpty__C)
                  00006dac    00000004     rtos_pem4f.oem4f (.const:xdc_runtime_Text_nameStatic__C)
                  00006db0    00000004     rtos_pem4f.oem4f (.const:xdc_runtime_Text_nameUnknown__C)
                  00006db4    00000004     rtos_pem4f.oem4f (.const:xdc_runtime_Text_nodeTab__C)
                  00006db8    00000004     rtos_pem4f.oem4f (.const:xdc_runtime_Text_visitRopeFxn__C)
                  00006dbc    00000002     rtos_pem4f.oem4f (.const:ti_sysbios_family_arm_lm4_TimestampProvider_Module__id__C)
                  00006dbe    00000002     rtos_pem4f.oem4f (.const:ti_sysbios_family_arm_lm4_TimestampProvider_useClockTimer__C)
                  00006dc0    00000002     rtos_pem4f.oem4f (.const:ti_sysbios_family_arm_m3_Hwi_Module__id__C)
                  00006dc2    00000002     rtos_pem4f.oem4f (.const:ti_sysbios_gates_GateMutex_Module__id__C)
                  00006dc4    00000002     rtos_pem4f.oem4f (.const:ti_sysbios_hal_Hwi_Module__id__C)
                  00006dc6    00000002     rtos_pem4f.oem4f (.const:ti_sysbios_heaps_HeapMem_Module__id__C)
                  00006dc8    00000002     rtos_pem4f.oem4f (.const:ti_sysbios_knl_Semaphore_Module__id__C)
                  00006dca    00000002     rtos_pem4f.oem4f (.const:ti_sysbios_knl_Task_Module__id__C)
                  00006dcc    00000002     rtos_pem4f.oem4f (.const:xdc_runtime_Core_Module__id__C)
                  00006dce    00000002     rtos_pem4f.oem4f (.const:xdc_runtime_Error_Module__loggerDefined__C)
                  00006dd0    00000002     rtos_pem4f.oem4f (.const:xdc_runtime_Error_maxDepth__C)
                  00006dd2    00000002     rtos_pem4f.oem4f (.const:xdc_runtime_Memory_Module__id__C)
                  00006dd4    00000002     rtos_pem4f.oem4f (.const:xdc_runtime_SysMin_flushAtExit__C)
                  00006dd6    00000002     rtos_pem4f.oem4f (.const:xdc_runtime_Text_charCnt__C)
                  00006dd8    00000002     rtos_pem4f.oem4f (.const:xdc_runtime_Text_isLoaded__C)
                  00006dda    00000002     rtos_pem4f.oem4f (.const:xdc_runtime_Text_registryModsLastId__C)
                  00006ddc    00000002     rtos_pem4f.oem4f (.const:xdc_runtime_Text_unnamedModsLastId__C)
                  00006dde    00000001     rtos_pem4f.oem4f (.const:xdc_runtime_Error_policy__C)

.cinit     0    00006de0    00000210     
                  00006de0    000001d9     (.cinit..data.load) [load image, compression = lzss]
                  00006fb9    00000003     --HOLE-- [fill = 0]
                  00006fbc    0000000c     (__TI_handler_table)
                  00006fc8    00000008     (.cinit..bss.load) [load image, compression = zero_init]
                  00006fd0    00000008     (.cinit..vecs.load) [load image, compression = zero_init]
                  00006fd8    00000018     (__TI_cinit_table)

.init_array 
*          0    00000000    00000000     UNINITIALIZED

.resetVecs 
*          0    00000000    0000003c     
                  00000000    0000003c     rtos_pem4f.oem4f (.resetVecs)

.bss       0    20000360    00000d08     UNINITIALIZED
                  20000360    00000400     rtos_pem4f.oem4f (.bss:taskStackSection)
                  20000760    00000400     (.common:ti_sysbios_heaps_HeapMem_Instance_State_0_buf__A)
                  20000b60    00000360     (.common:ti_sysbios_family_arm_m3_Hwi_dispatchTable)
                  20000ec0    00000120     rtsv7M4_T_le_v4SPD16_eabi.lib : trgmsg.c.obj (.bss:_CIOBUF_)
                  20000fe0    00000080     (.common:xdc_runtime_SysMin_Module_State_0_outbuf__A)
                  20001060    00000008     (.common:parmbuf)

.data      0    20001068    00000444     UNINITIALIZED
                  20001068    00000098     rtos_pem4f.oem4f (.data:ti_sysbios_knl_Task_Object__table__V)
                  20001100    00000080     rtos_pem4f.oem4f (.data:ti_sysbios_knl_Swi_Module_State_0_readyQ__A)
                  20001180    00000080     rtos_pem4f.oem4f (.data:ti_sysbios_knl_Task_Module_State_0_readyQ__A)
                  20001200    00000044     rtos_pem4f.oem4f (.data:ti_sysbios_knl_Task_Module__state__V)
                  20001244    00000040     rtos_pem4f.oem4f (.data:ti_sysbios_family_arm_lm4_Timer_Module_State_0_device__A)
                  20001284    00000040     rtos_pem4f.oem4f (.data:ti_sysbios_family_arm_lm4_Timer_Object__table__V)
                  200012c4    00000038     rtos_pem4f.oem4f (.data:ti_sysbios_gates_GateMutex_Object__table__V)
                  200012fc    00000034     rtos_pem4f.oem4f (.data:ti_sysbios_family_arm_m3_Hwi_Module__state__V)
                  20001330    00000030     rtos_pem4f.oem4f (.data:ti_sysbios_knl_Swi_Object__table__V)
                  20001360    0000002c     rtos_pem4f.oem4f (.data:ti_sysbios_knl_Clock_Module__state__V)
                  2000138c    00000024     rtos_pem4f.oem4f (.data:ti_sysbios_BIOS_Module__state__V)
                  200013b0    00000020     rtos_pem4f.oem4f (.data:ti_sysbios_family_arm_lm4_Timer_Module_State_0_handles__A)
                  200013d0    0000001c     rtos_pem4f.oem4f (.data:ti_sysbios_knl_Swi_Module__state__V)
                  200013ec    00000018     rtos_pem4f.oem4f (.data:ti_sysbios_family_arm_m3_Hwi_Object__table__V)
                  20001404    00000018     rtos_pem4f.oem4f (.data:ti_sysbios_heaps_HeapMem_Object__table__V)
                  2000141c    0000000c     rtos_pem4f.oem4f (.data:ti_sysbios_family_arm_lm4_Timer_Module__state__V)
                  20001428    0000000c     rtos_pem4f.oem4f (.data:xdc_runtime_SysMin_Module__state__V)
                  20001434    00000008     rtsv7M4_T_le_v4SPD16_eabi.lib : _lock.c.obj (.data:$O1$$)
                  2000143c    00000008     rtos_pem4f.oem4f (.data:ti_sysbios_family_arm_lm4_TimestampProvider_Module__state__V)
                  20001444    00000008     rtos_pem4f.oem4f (.data:ti_sysbios_gates_GateHwi_Module__root__V)
                  2000144c    00000008     rtos_pem4f.oem4f (.data:ti_sysbios_gates_GateMutex_Module__root__V)
                  20001454    00000008     rtos_pem4f.oem4f (.data:ti_sysbios_heaps_HeapMem_Module__root__V)
                  2000145c    00000008     rtos_pem4f.oem4f (.data:ti_sysbios_knl_Queue_Module__root__V)
                  20001464    00000008     rtos_pem4f.oem4f (.data:ti_sysbios_knl_Semaphore_Module__root__V)
                  2000146c    00000008     rtos_pem4f.oem4f (.data:xdc_runtime_Registry_Module__state__V)
                  20001474    00000008     rtos_pem4f.oem4f (.data:xdc_runtime_Startup_Module__state__V)
                  2000147c    00000008     rtos_pem4f.oem4f (.data:xdc_runtime_System_Module_State_0_atexitHandlers__A)
                  20001484    00000008     rtos_pem4f.oem4f (.data:xdc_runtime_System_Module__state__V)
                  2000148c    00000004     main.obj (.data)
                  20001490    00000004     rtsv7M4_T_le_v4SPD16_eabi.lib : stkdepth_vars.c.obj (.data)
                  20001494    00000004     rtos_pem4f.oem4f (.data:ti_sysbios_family_arm_m3_Hwi_Module_State_0_excContext__A)
                  20001498    00000004     rtos_pem4f.oem4f (.data:ti_sysbios_family_arm_m3_Hwi_Module_State_0_excStack__A)
                  2000149c    00000004     rtos_pem4f.oem4f (.data:ti_sysbios_gates_GateHwi_Object__table__V)
                  200014a0    00000004     rtos_pem4f.oem4f (.data:ti_sysbios_knl_Task_Module_State_0_idleTask__A)
                  200014a4    00000004     rtos_pem4f.oem4f (.data:xdc_runtime_Memory_Module__state__V)
                  200014a8    00000002     rtos_pem4f.oem4f (.data:ti_sysbios_family_arm_m3_Hwi_Module_State_0_excActive__A)
                  200014aa    00000002     rtos_pem4f.oem4f (.data:xdc_runtime_Error_Module__state__V)

.stack     0    200014b0    00000300     UNINITIALIZED
                  200014b0    00000300     --HOLE--

.bootVecs 
*          0    00000000    00000008     DSECT
                  00000000    00000008     boot.aem4f : boot.oem4f (.bootVecs)

.vecs      0    20000000    00000360     UNINITIALIZED
                  20000000    00000360     rtos_pem4f.oem4f (.vecs)

xdc.meta   0    00000000    00000119     COPY SECTION
                  00000000    00000119     rtos_pem4f.oem4f (xdc.meta)

__llvm_prf_cnts 
*          0    20000000    00000000     UNINITIALIZED

MODULE SUMMARY

       Module                       code    ro data   rw data
       ------                       ----    -------   -------
    .\
       main.obj                     230     0         4      
    +--+----------------------------+-------+---------+---------+
       Total:                       230     0         4      
                                                             
    C:\Users\mathe\OneDrive\Desktop\CodeProject_ECE3849\ece3849_lab3_starter_D24\ece3849_lab3_starter\Debug\configPkg\package\cfg\
       rtos_pem4f.oem4f             1470    7707      4980   
    +--+----------------------------+-------+---------+---------+
       Total:                       1470    7707      4980   
                                                             
    C:/ti/tirtos_tivac_2_16_01_14/products/TivaWare_C_Series-2.1.1.71b/driverlib/ccs/Debug/driverlib.lib
       gpio.obj                     436     144       0      
       pwm.obj                      130     0         0      
       sysctl.obj                   52      0         0      
       interrupt.obj                32      0         0      
       cpu.obj                      24      0         0      
    +--+----------------------------+-------+---------+---------+
       Total:                       674     144       0      
                                                             
    C:\Users\mathe\OneDrive\Desktop\CodeProject_ECE3849\ece3849_lab3_starter_D24\ece3849_lab3_starter\src\sysbios\sysbios.aem4f
       BIOS.obj                     10324   0         0      
       m3_Hwi_asm.obj               314     0         0      
       m3_TaskSupport_asm.obj       180     0         0      
       m3_Hwi_asm_switch.obj        118     0         0      
    +--+----------------------------+-------+---------+---------+
       Total:                       10936   0         0      
                                                             
    C:\ti\ccs1260\ccs\tools\compiler\ti-cgt-arm_20.2.7.LTS\lib\rtsv7M4_T_le_v4SPD16_eabi.lib
       trgmsg.c.obj                 108     0         288    
       memcpy_t2.asm.obj            156     0         0      
       s_floorf.c.obj               128     0         0      
       memset_t2.asm.obj            122     0         0      
       s_roundf.c.obj               110     0         0      
       copy_decompress_lzss.c.obj   104     0         0      
       hostwrite.c.obj              88      0         0      
       cpy_tbl.c.obj                76      0         0      
       u_divt2.asm.obj              64      0         0      
       _lock.c.obj                  26      0         8      
       args_main.c.obj              24      0         0      
       strlen.c.obj                 20      0         0      
       copy_decompress_none.c.obj   14      0         0      
       copy_zero_init.c.obj         12      0         0      
       hostopen.c.obj               0       0         8      
       exit.c.obj                   4       0         0      
       stkdepth_vars.c.obj          0       0         4      
       div0.asm.obj                 2       0         0      
    +--+----------------------------+-------+---------+---------+
       Total:                       1058    0         308    
                                                             
    C:\ti\tirtos_tivac_2_16_01_14\products\bios_6_45_02_31\packages\ti\catalog\arm\cortexm4\tiva\ce\lib\Boot.aem4f
       Boot_sysctl.oem4f            628     452       0      
       Boot.oem4f                   152     0         0      
    +--+----------------------------+-------+---------+---------+
       Total:                       780     452       0      
                                                             
    C:\ti\tirtos_tivac_2_16_01_14\products\bios_6_45_02_31\packages\ti\targets\arm\rtsarm\lib\auto_init.aem4f
       auto_init.oem4f              160     0         0      
    +--+----------------------------+-------+---------+---------+
       Total:                       160     0         0      
                                                             
    C:\ti\tirtos_tivac_2_16_01_14\products\bios_6_45_02_31\packages\ti\targets\arm\rtsarm\lib\boot.aem4f
       boot.oem4f                   88      0         0      
    +--+----------------------------+-------+---------+---------+
       Total:                       88      0         0      
                                                             
    C:\ti\tirtos_tivac_2_16_01_14\products\bios_6_45_02_31\packages\ti\targets\arm\rtsarm\lib\ti.targets.arm.rtsarm.aem4f
       System.oem4f                 1255    0         0      
       Text.oem4f                   672     0         0      
       Error.oem4f                  524     0         0      
       Core-mem.oem4f               358     0         0      
       Startup.oem4f                328     0         0      
       SysMin.oem4f                 248     0         0      
       Core-smem.oem4f              204     0         0      
       Memory.oem4f                 176     0         0      
       Assert.oem4f                 84      0         0      
       Core-params.oem4f            70      0         0      
       Core-label.oem4f             52      0         0      
       Registry.oem4f               32      0         0      
       Gate.oem4f                   28      0         0      
    +--+----------------------------+-------+---------+---------+
       Total:                       4031    0         0      
                                                             
       Stack:                       0       0         768    
       Linker Generated:            0       525       0      
    +--+----------------------------+-------+---------+---------+
       Grand Total:                 19427   8828      6060   


LINKER GENERATED COPY TABLES

__TI_cinit_table @ 00006fd8 records: 3, size/record: 8, table size: 24
	.data: load addr=00006de0, load size=000001d9 bytes, run addr=20001068, run size=00000444 bytes, compression=lzss
	.bss: load addr=00006fc8, load size=00000008 bytes, run addr=20000360, run size=00000d08 bytes, compression=zero_init
	.vecs: load addr=00006fd0, load size=00000008 bytes, run addr=20000000, run size=00000360 bytes, compression=zero_init


LINKER GENERATED HANDLER TABLE

__TI_handler_table @ 00006fbc records: 3, size/record: 4, table size: 12
	index: 0, handler: __TI_decompress_lzss
	index: 1, handler: __TI_decompress_none
	index: 2, handler: __TI_zero_init


GLOBAL SYMBOLS: SORTED ALPHABETICALLY BY Name 

address   name                                                                 
-------   ----                                                                 
000007bd  C$$EXIT                                                              
00003d53  C$$IO$$                                                              
00004bf7  CPUcpsid                                                             
00004c03  CPUcpsie                                                             
000042b1  GPIODirModeSet                                                       
0000188d  GPIOPadConfigSet                                                     
0000384d  GPIOPinConfigure                                                     
00004a55  GPIOPinTypePWM                                                       
00003479  HOSTwrite                                                            
00004ab9  IntMasterDisable                                                     
00004ac9  IntMasterEnable                                                      
000049d1  PWMClockSet                                                          
000044e1  PWMGenConfigure                                                      
00004c0f  PWMGenEnable                                                         
00004ad9  PWMGenPeriodSet                                                      
00004a67  PWMOutputState                                                       
00004699  PWMPulseWidthSet                                                     
UNDEFED   SHT$$INIT_ARRAY$$Base                                                
UNDEFED   SHT$$INIT_ARRAY$$Limit                                               
00003e41  SysCtlPeripheralEnable                                               
00000000  __ASM__                                                              
20000ec0  __CIOBUF_                                                            
00000097  __ISA__                                                              
000000aa  __PLAT__                                                             
200017b0  __STACK_END                                                          
00000300  __STACK_SIZE                                                         
000000cb  __TARG__                                                             
00006fd8  __TI_CINIT_Base                                                      
00006ff0  __TI_CINIT_Limit                                                     
00006fbc  __TI_Handler_Table_Base                                              
00006fc8  __TI_Handler_Table_Limit                                             
000025fd  __TI_auto_init                                                       
00002fdd  __TI_decompress_lzss                                                 
00004bc9  __TI_decompress_none                                                 
ffffffff  __TI_pprof_out_hndl                                                  
ffffffff  __TI_prof_data_size                                                  
ffffffff  __TI_prof_data_start                                                 
00003e75  __TI_readmsg                                                         
00006de0  __TI_static_base__                                                   
00003d25  __TI_writemsg                                                        
00004c35  __TI_zero_init                                                       
000000f1  __TRDR__                                                             
0000149f  __aeabi_idiv0                                                        
0000149f  __aeabi_ldiv0                                                        
00002c5d  __aeabi_memclr                                                       
00002c5d  __aeabi_memclr4                                                      
00002c5d  __aeabi_memclr8                                                      
0000273d  __aeabi_memcpy                                                       
0000273d  __aeabi_memcpy4                                                      
0000273d  __aeabi_memcpy8                                                      
00002c5f  __aeabi_memset                                                       
00002c5f  __aeabi_memset4                                                      
00002c5f  __aeabi_memset8                                                      
00003be9  __aeabi_uidiv                                                        
00003be9  __aeabi_uidivmod                                                     
ffffffff  __binit__                                                            
ffffffff  __c_args__                                                           
200014b0  __stack                                                              
20000000  __start___llvm_prf_cnts                                              
20000000  __stop___llvm_prf_cnts                                               
000048c5  _args_main                                                           
00003421  _c_int00                                                             
20001434  _lock                                                                
0000149d  _nop                                                                 
00004c1d  _register_lock                                                       
00004c29  _register_unlock                                                     
20001438  _unlock                                                              
000007bd  abort                                                                
ffffffff  binit                                                                
00003711  copy_in                                                              
00002bdd  floorf                                                               
2000148c  gSystemClock                                                         
000020b9  main                                                                 
20001490  main_func_sp                                                         
0000273d  memcpy                                                               
00002c65  memset                                                               
20001060  parmbuf                                                              
00002db9  roundf                                                               
000049e5  strlen                                                               
00004cb1  task0_func                                                           
00006c34  ti_catalog_arm_cortexm4_tiva_ce_Boot_A_mustNotUseEnhancedClockMode__C
00006c38  ti_catalog_arm_cortexm4_tiva_ce_Boot_Module__diagsEnabled__C         
00006c3c  ti_catalog_arm_cortexm4_tiva_ce_Boot_Module__diagsIncluded__C        
00006c40  ti_catalog_arm_cortexm4_tiva_ce_Boot_Module__diagsMask__C            
000066ba  ti_catalog_arm_cortexm4_tiva_ce_Boot_Module__id__C                   
00004aa9  ti_catalog_arm_cortexm4_tiva_ce_Boot_init__I                         
00000f29  ti_catalog_arm_cortexm4_tiva_ce_Boot_sysCtlClockFreqSetI__I          
00002911  ti_catalog_arm_cortexm4_tiva_ce_Boot_sysCtlClockFreqSet__E           
2000138c  ti_sysbios_BIOS_Module__state__V                                     
00004809  ti_sysbios_BIOS_RtsGateProxy_Handle__label__S                        
00004449  ti_sysbios_BIOS_RtsGateProxy_Object__delete__S                       
00004d29  ti_sysbios_BIOS_RtsGateProxy_enter__E                                
00004d31  ti_sysbios_BIOS_RtsGateProxy_leave__E                                
00004d49  ti_sysbios_BIOS_RtsGateProxy_query__E                                
00003fb9  ti_sysbios_BIOS_atExitFunc__I                                        
000043a9  ti_sysbios_BIOS_errorRaiseHook__I                                    
000049a1  ti_sysbios_BIOS_exitFunc__I                                          
00004d91  ti_sysbios_BIOS_nullFunc__I                                          
000043d1  ti_sysbios_BIOS_registerRTSLock__I                                   
000043f9  ti_sysbios_BIOS_removeRTSLock__I                                     
00004579  ti_sysbios_BIOS_rtsLock__I                                           
000048e1  ti_sysbios_BIOS_rtsUnlock__I                                         
00004ae9  ti_sysbios_BIOS_setThreadType__E                                     
00004421  ti_sysbios_BIOS_startFunc__I                                         
00004af9  ti_sysbios_BIOS_start__E                                             
20001244  ti_sysbios_family_arm_lm4_Timer_Module_State_0_device__A             
200013b0  ti_sysbios_family_arm_lm4_Timer_Module_State_0_handles__A            
000048f9  ti_sysbios_family_arm_lm4_Timer_Module__startupDone__F               
000048f9  ti_sysbios_family_arm_lm4_Timer_Module__startupDone__S               
2000141c  ti_sysbios_family_arm_lm4_Timer_Module__state__V                     
00003119  ti_sysbios_family_arm_lm4_Timer_Module_startup__E                    
20001284  ti_sysbios_family_arm_lm4_Timer_Object__table__V                     
00006c44  ti_sysbios_family_arm_lm4_Timer_enableFunc__C                        
00003899  ti_sysbios_family_arm_lm4_Timer_enableTimers__I                      
00002551  ti_sysbios_family_arm_lm4_Timer_enableTiva__I                        
00004c41  ti_sysbios_family_arm_lm4_Timer_getMaxTicks__E                       
00003529  ti_sysbios_family_arm_lm4_Timer_initDevice__I                        
00003a49  ti_sysbios_family_arm_lm4_Timer_isrStub__E                           
00004cdb  ti_sysbios_family_arm_lm4_Timer_masterDisable__I                     
00000a65  ti_sysbios_family_arm_lm4_Timer_masterEnable__I                      
00006c48  ti_sysbios_family_arm_lm4_Timer_numTimerDevices__C                   
00001ad9  ti_sysbios_family_arm_lm4_Timer_start__E                             
00006c4c  ti_sysbios_family_arm_lm4_Timer_startupNeeded__C                     
00003c29  ti_sysbios_family_arm_lm4_Timer_startup__E                           
00003fe9  ti_sysbios_family_arm_lm4_Timer_stop__E                              
00004509  ti_sysbios_family_arm_lm4_Timer_write__I                             
00006c50  ti_sysbios_family_arm_lm4_TimestampProvider_Module__diagsEnabled__C  
00006c54  ti_sysbios_family_arm_lm4_TimestampProvider_Module__diagsIncluded__C 
00006c58  ti_sysbios_family_arm_lm4_TimestampProvider_Module__diagsMask__C     
00006dbc  ti_sysbios_family_arm_lm4_TimestampProvider_Module__id__C            
2000143c  ti_sysbios_family_arm_lm4_TimestampProvider_Module__state__V         
00004cf9  ti_sysbios_family_arm_lm4_TimestampProvider_Module_startup__E        
00003049  ti_sysbios_family_arm_lm4_TimestampProvider_initTimerHandle__I       
00006dbe  ti_sysbios_family_arm_lm4_TimestampProvider_useClockTimer__C         
00006c5c  ti_sysbios_family_arm_m3_Hwi_E_NMI__C                                
00006c60  ti_sysbios_family_arm_m3_Hwi_E_busFault__C                           
00006c64  ti_sysbios_family_arm_m3_Hwi_E_debugMon__C                           
00006c68  ti_sysbios_family_arm_m3_Hwi_E_hardFault__C                          
00006c6c  ti_sysbios_family_arm_m3_Hwi_E_memFault__C                           
00006c70  ti_sysbios_family_arm_m3_Hwi_E_noIsr__C                              
00006c74  ti_sysbios_family_arm_m3_Hwi_E_reserved__C                           
00006c78  ti_sysbios_family_arm_m3_Hwi_E_svCall__C                             
00006c7c  ti_sysbios_family_arm_m3_Hwi_E_usageFault__C                         
000047c9  ti_sysbios_family_arm_m3_Hwi_Handle__label__S                        
200014a8  ti_sysbios_family_arm_m3_Hwi_Module_State_0_excActive__A             
20001494  ti_sysbios_family_arm_m3_Hwi_Module_State_0_excContext__A            
20001498  ti_sysbios_family_arm_m3_Hwi_Module_State_0_excStack__A              
00006dc0  ti_sysbios_family_arm_m3_Hwi_Module__id__C                           
00004911  ti_sysbios_family_arm_m3_Hwi_Module__startupDone__F                  
00004911  ti_sysbios_family_arm_m3_Hwi_Module__startupDone__S                  
200012fc  ti_sysbios_family_arm_m3_Hwi_Module__state__V                        
00003621  ti_sysbios_family_arm_m3_Hwi_Module_startup__E                       
00006c80  ti_sysbios_family_arm_m3_Hwi_NUM_INTERRUPTS__C                       
00006c84  ti_sysbios_family_arm_m3_Hwi_Object__count__C                        
000049f9  ti_sysbios_family_arm_m3_Hwi_Object__get__S                          
200013ec  ti_sysbios_family_arm_m3_Hwi_Object__table__V                        
00006c88  ti_sysbios_family_arm_m3_Hwi_ccr__C                                  
000038e1  ti_sysbios_family_arm_m3_Hwi_disableInterrupt__E                     
00003181  ti_sysbios_family_arm_m3_Hwi_dispatchC__I                            
20000b60  ti_sysbios_family_arm_m3_Hwi_dispatchTable                           
00001ed5  ti_sysbios_family_arm_m3_Hwi_dispatch__I                             
00004ce9  ti_sysbios_family_arm_m3_Hwi_doSwiRestore__I                         
00004d01  ti_sysbios_family_arm_m3_Hwi_doTaskRestore__I                        
00003929  ti_sysbios_family_arm_m3_Hwi_enableInterrupt__E                      
00001329  ti_sysbios_family_arm_m3_Hwi_excBusFault__I                          
00002261  ti_sysbios_family_arm_m3_Hwi_excDebugMon__I                          
00000041  ti_sysbios_family_arm_m3_Hwi_excDumpRegs__I                          
00004599  ti_sysbios_family_arm_m3_Hwi_excHandlerAsm__I                        
00006c8c  ti_sysbios_family_arm_m3_Hwi_excHandlerFunc__C                       
00001131  ti_sysbios_family_arm_m3_Hwi_excHandlerMax__I                        
000045b9  ti_sysbios_family_arm_m3_Hwi_excHandler__I                           
00002321  ti_sysbios_family_arm_m3_Hwi_excHardFault__I                         
00006c14  ti_sysbios_family_arm_m3_Hwi_excHookFuncs__A                         
00006c90  ti_sysbios_family_arm_m3_Hwi_excHookFuncs__C                         
[...]
00004c51  ti_sysbios_knl_Task_SupportProxy_checkStack__E                       
00004c61  ti_sysbios_gates_GateHwi_enter__E                                    
00004c71  ti_sysbios_knl_Queue_Object__get__S                                  
00004c7d  xdc_runtime_Error_init__E                                            
00004c89  xdc_runtime_Gate_enterSystem__E                                      
00004c95  xdc_runtime_Memory_calloc__E                                         
00004ca1  xdc_runtime_Memory_getMaxDefaultTypeAlign__E                         
00004cb1  task0_func                                                           
00004cc1  xdc_runtime_Memory_HeapProxy_alloc__E                                
00004cd1  xdc_runtime_Memory_HeapProxy_free__E                                 
00004cdb  ti_sysbios_family_arm_lm4_Timer_masterDisable__I                     
00004ce9  ti_sysbios_family_arm_m3_Hwi_doSwiRestore__I                         
00004cf1  ti_sysbios_family_arm_m3_Hwi_startup__E                              
00004cf1  ti_sysbios_hal_Hwi_HwiProxy_startup__E                               
00004cf1  ti_sysbios_hal_Hwi_startup__E                                        
00004cf9  ti_sysbios_family_arm_lm4_TimestampProvider_Module_startup__E        
00004d01  ti_sysbios_family_arm_m3_Hwi_doTaskRestore__I                        
00004d09  ti_sysbios_gates_GateHwi_leave__E                                    
00004d11  ti_sysbios_heaps_HeapMem_isBlocking__E                               
00004d19  ti_sysbios_knl_Queue_Instance_init__E                                
00004d21  ti_sysbios_knl_Swi_startup__E                                        
00004d29  ti_sysbios_BIOS_RtsGateProxy_enter__E                                
00004d31  ti_sysbios_BIOS_RtsGateProxy_leave__E                                
00004d39  ti_sysbios_family_arm_m3_TaskSupport_Module__startupDone__S          
00004d39  ti_sysbios_knl_Task_SupportProxy_Module__startupDone__S              
00004d41  ti_sysbios_gates_GateHwi_query__E                                    
00004d41  xdc_runtime_Main_Module_GateProxy_query__E                           
00004d41  xdc_runtime_System_Module_GateProxy_query__E                         
00004d49  ti_sysbios_BIOS_RtsGateProxy_query__E                                
00004d49  ti_sysbios_gates_GateMutex_query__E                                  
00004d49  ti_sysbios_heaps_HeapMem_Module_GateProxy_query__E                   
00004d51  ti_sysbios_heaps_HeapMem_Module_GateProxy_enter__E                   
00004d59  ti_sysbios_heaps_HeapMem_Module_GateProxy_leave__E                   
00004d61  ti_sysbios_knl_Clock_TimerProxy_getMaxTicks__E                       
00004d69  ti_sysbios_knl_Queue_destruct                                        
00004d71  ti_sysbios_knl_Semaphore_destruct                                    
00004d79  ti_sysbios_knl_Task_startup__E                                       
00004d81  xdc_runtime_System_Module_GateProxy_enter__E                         
00004d89  xdc_runtime_System_Module_GateProxy_leave__E                         
00004d91  ti_sysbios_BIOS_nullFunc__I                                          
00004d99  ti_sysbios_gates_GateHwi_Instance_init__E                            
00004da1  ti_sysbios_knl_Clock_logTick__E                                      
00004da9  xdc_runtime_Startup_reset__I                                         
00004dac  xdc_runtime_Text_charTab__A                                          
000066ba  ti_catalog_arm_cortexm4_tiva_ce_Boot_Module__id__C                   
000067dc  xdc_runtime_Text_nodeTab__A                                          
00006a18  ti_sysbios_heaps_HeapMem_Module__FXNS__C                             
00006a40  xdc_runtime_Startup_sfxnTab__A                                       
00006a68  ti_sysbios_gates_GateHwi_Module__FXNS__C                             
00006a8c  ti_sysbios_gates_GateMutex_Module__FXNS__C                           
00006ab0  ti_sysbios_heaps_HeapMem_Object__PARAMS__C                           
00006ad4  ti_sysbios_knl_Semaphore_Object__PARAMS__C                           
00006af8  ti_sysbios_gates_GateHwi_Object__DESC__C                             
00006b18  ti_sysbios_gates_GateMutex_Object__DESC__C                           
00006b38  ti_sysbios_heaps_HeapMem_Object__DESC__C                             
00006b58  ti_sysbios_knl_Queue_Object__DESC__C                                 
00006b78  ti_sysbios_knl_Semaphore_Object__DESC__C                             
00006b98  ti_sysbios_gates_GateHwi_Object__PARAMS__C                           
00006bb0  ti_sysbios_gates_GateMutex_Object__PARAMS__C                         
00006bc8  ti_sysbios_knl_Queue_Object__PARAMS__C                               
00006be0  xdc_runtime_Startup_firstFxns__A                                     
00006bf8  xdc_runtime_Startup_sfxnRts__A                                       
00006c14  ti_sysbios_family_arm_m3_Hwi_excHookFuncs__A                         
00006c1c  ti_sysbios_knl_Idle_funcList__C                                      
00006c24  xdc_runtime_Startup_firstFxns__C                                     
00006c2c  xdc_runtime_Startup_lastFxns__C                                      
00006c34  ti_catalog_arm_cortexm4_tiva_ce_Boot_A_mustNotUseEnhancedClockMode__C
00006c38  ti_catalog_arm_cortexm4_tiva_ce_Boot_Module__diagsEnabled__C         
00006c3c  ti_catalog_arm_cortexm4_tiva_ce_Boot_Module__diagsIncluded__C        
00006c40  ti_catalog_arm_cortexm4_tiva_ce_Boot_Module__diagsMask__C            
00006c44  ti_sysbios_family_arm_lm4_Timer_enableFunc__C                        
00006c48  ti_sysbios_family_arm_lm4_Timer_numTimerDevices__C                   
00006c4c  ti_sysbios_family_arm_lm4_Timer_startupNeeded__C                     
00006c50  ti_sysbios_family_arm_lm4_TimestampProvider_Module__diagsEnabled__C  
00006c54  ti_sysbios_family_arm_lm4_TimestampProvider_Module__diagsIncluded__C 
00006c58  ti_sysbios_family_arm_lm4_TimestampProvider_Module__diagsMask__C     
00006c5c  ti_sysbios_family_arm_m3_Hwi_E_NMI__C                                
00006c60  ti_sysbios_family_arm_m3_Hwi_E_busFault__C                           
00006c64  ti_sysbios_family_arm_m3_Hwi_E_debugMon__C                           
00006c68  ti_sysbios_family_arm_m3_Hwi_E_hardFault__C                          
00006c6c  ti_sysbios_family_arm_m3_Hwi_E_memFault__C                           
00006c70  ti_sysbios_family_arm_m3_Hwi_E_noIsr__C                              
00006c74  ti_sysbios_family_arm_m3_Hwi_E_reserved__C                           
00006c78  ti_sysbios_family_arm_m3_Hwi_E_svCall__C                             
00006c7c  ti_sysbios_family_arm_m3_Hwi_E_usageFault__C                         
00006c80  ti_sysbios_family_arm_m3_Hwi_NUM_INTERRUPTS__C                       
00006c84  ti_sysbios_family_arm_m3_Hwi_Object__count__C                        
00006c88  ti_sysbios_family_arm_m3_Hwi_ccr__C                                  
00006c8c  ti_sysbios_family_arm_m3_Hwi_excHandlerFunc__C                       
00006c90  ti_sysbios_family_arm_m3_Hwi_excHookFuncs__C                         
00006c94  ti_sysbios_family_arm_m3_Hwi_nullIsrFunc__C                          
00006c98  ti_sysbios_family_arm_m3_Hwi_priGroup__C                             
00006c9c  ti_sysbios_gates_GateMutex_A_badContext__C                           
00006ca0  ti_sysbios_gates_GateMutex_Instance_State_sem__O                     
00006ca4  ti_sysbios_gates_GateMutex_Module__diagsEnabled__C                   
00006ca8  ti_sysbios_gates_GateMutex_Module__diagsIncluded__C                  
00006cac  ti_sysbios_gates_GateMutex_Module__diagsMask__C                      
00006cb0  ti_sysbios_hal_Hwi_E_stackOverflow__C                                
00006cb4  ti_sysbios_heaps_HeapMem_A_align__C                                  
00006cb8  ti_sysbios_heaps_HeapMem_A_heapSize__C                               
00006cbc  ti_sysbios_heaps_HeapMem_A_invalidFree__C                            
00006cc0  ti_sysbios_heaps_HeapMem_A_zeroBlock__C                              
00006cc4  ti_sysbios_heaps_HeapMem_E_memory__C                                 
00006cc8  ti_sysbios_heaps_HeapMem_Module__diagsEnabled__C                     
00006ccc  ti_sysbios_heaps_HeapMem_Module__diagsIncluded__C                    
00006cd0  ti_sysbios_heaps_HeapMem_Module__diagsMask__C                        
00006cd4  ti_sysbios_heaps_HeapMem_Module__gateObj__C                          
00006cd8  ti_sysbios_heaps_HeapMem_Object__count__C                            
00006cdc  ti_sysbios_heaps_HeapMem_reqAlign__C                                 
00006ce0  ti_sysbios_knl_Clock_Module_State_clockQ__O                          
00006ce4  ti_sysbios_knl_Idle_funcList__A                                      
00006ce8  ti_sysbios_knl_Mailbox_Instance_State_freeQue__O                     
00006cec  ti_sysbios_knl_Mailbox_Object__count__C                              
00006cf0  ti_sysbios_knl_Mailbox_maxTypeAlign__C                               
00006cf4  ti_sysbios_knl_Semaphore_A_badContext__C                             
00006cf8  ti_sysbios_knl_Semaphore_A_noEvents__C                               
00006cfc  ti_sysbios_knl_Semaphore_A_overflow__C                               
00006d00  ti_sysbios_knl_Semaphore_A_pendTaskDisabled__C                       
00006d04  ti_sysbios_knl_Semaphore_Instance_State_pendQ__O                     
00006d08  ti_sysbios_knl_Semaphore_Module__diagsEnabled__C                     
00006d0c  ti_sysbios_knl_Semaphore_Module__diagsIncluded__C                    
00006d10  ti_sysbios_knl_Semaphore_Module__diagsMask__C                        
00006d14  ti_sysbios_knl_Swi_Object__count__C                                  
00006d18  ti_sysbios_knl_Task_E_spOutOfBounds__C                               
00006d1c  ti_sysbios_knl_Task_E_stackOverflow__C                               
00006d20  ti_sysbios_knl_Task_Module_State_inactiveQ__O                        
00006d24  ti_sysbios_knl_Task_Object__count__C                                 
00006d28  ti_sysbios_knl_Task_allBlockedFunc__C                                
00006d2c  ti_sysbios_knl_Task_numConstructedTasks__C                           
00006d30  xdc_runtime_Assert_E_assertFailed__C                                 
00006d34  xdc_runtime_Core_A_initializedParams__C                              
00006d38  xdc_runtime_Core_Module__diagsEnabled__C                             
00006d3c  xdc_runtime_Core_Module__diagsIncluded__C                            
00006d40  xdc_runtime_Core_Module__diagsMask__C                                
00006d44  xdc_runtime_Error_E_memory__C                                        
00006d48  xdc_runtime_Error_Module__diagsEnabled__C                            
00006d4c  xdc_runtime_Error_Module__diagsIncluded__C                           
00006d50  xdc_runtime_Error_Module__diagsMask__C                               
00006d54  xdc_runtime_Error_Module__loggerFxn8__C                              
00006d58  xdc_runtime_Error_Module__loggerObj__C                               
00006d5c  xdc_runtime_Error_policyFxn__C                                       
00006d60  xdc_runtime_Error_raiseHook__C                                       
00006d64  xdc_runtime_IGateProvider_Interface__BASE__C                         
00006d68  xdc_runtime_IHeap_Interface__BASE__C                                 
00006d6c  xdc_runtime_IModule_Interface__BASE__C                               
00006d70  xdc_runtime_Log_L_error__C                                           
00006d74  xdc_runtime_Memory_defaultHeapInstance__C                            
00006d78  xdc_runtime_Startup_execImpl__C                                      
00006d7c  xdc_runtime_Startup_maxPasses__C                                     
00006d80  xdc_runtime_Startup_sfxnRts__C                                       
00006d84  xdc_runtime_Startup_sfxnTab__C                                       
00006d88  xdc_runtime_SysMin_bufSize__C                                        
00006d8c  xdc_runtime_SysMin_outputFunc__C                                     
00006d90  xdc_runtime_System_Module__gateObj__C                                
00006d94  xdc_runtime_System_abortFxn__C                                       
00006d98  xdc_runtime_System_exitFxn__C                                        
00006d9c  xdc_runtime_System_extendFxn__C                                      
00006da0  xdc_runtime_System_maxAtexitHandlers__C                              
00006da4  xdc_runtime_Text_charTab__C                                          
00006da8  xdc_runtime_Text_nameEmpty__C                                        
00006dac  xdc_runtime_Text_nameStatic__C                                       
00006db0  xdc_runtime_Text_nameUnknown__C                                      
00006db4  xdc_runtime_Text_nodeTab__C                                          
00006db8  xdc_runtime_Text_visitRopeFxn__C                                     
00006dbc  ti_sysbios_family_arm_lm4_TimestampProvider_Module__id__C            
00006dbe  ti_sysbios_family_arm_lm4_TimestampProvider_useClockTimer__C         
00006dc0  ti_sysbios_family_arm_m3_Hwi_Module__id__C                           
00006dc2  ti_sysbios_gates_GateMutex_Module__id__C                             
00006dc4  ti_sysbios_hal_Hwi_Module__id__C                                     
00006dc6  ti_sysbios_heaps_HeapMem_Module__id__C                               
00006dc8  ti_sysbios_knl_Semaphore_Module__id__C                               
00006dca  ti_sysbios_knl_Task_Module__id__C                                    
00006dcc  xdc_runtime_Core_Module__id__C                                       
00006dce  xdc_runtime_Error_Module__loggerDefined__C                           
00006dd0  xdc_runtime_Error_maxDepth__C                                        
00006dd2  xdc_runtime_Memory_Module__id__C                                     
00006dd4  xdc_runtime_SysMin_flushAtExit__C                                    
00006dd6  xdc_runtime_Text_charCnt__C                                          
00006dd8  xdc_runtime_Text_isLoaded__C                                         
00006dda  xdc_runtime_Text_registryModsLastId__C                               
00006ddc  xdc_runtime_Text_unnamedModsLastId__C                                
00006dde  xdc_runtime_Error_policy__C                                          
00006de0  __TI_static_base__                                                   
00006fbc  __TI_Handler_Table_Base                                              
00006fc8  __TI_Handler_Table_Limit                                             
00006fd8  __TI_CINIT_Base                                                      
00006ff0  __TI_CINIT_Limit                                                     
20000000  __start___llvm_prf_cnts                                              
20000000  __stop___llvm_prf_cnts                                               
20000000  ti_sysbios_family_arm_m3_Hwi_ramVectors                              
20000360  ti_sysbios_knl_Task_Instance_State_0_stack__A                        
20000560  ti_sysbios_knl_Task_Instance_State_1_stack__A                        
20000760  ti_sysbios_heaps_HeapMem_Instance_State_0_buf__A                     
20000b60  ti_sysbios_family_arm_m3_Hwi_dispatchTable                           
20000ec0  __CIOBUF_                                                            
20000fe0  xdc_runtime_SysMin_Module_State_0_outbuf__A                          
20001060  parmbuf                                                              
20001068  ti_sysbios_knl_Task_Object__table__V                                 
20001100  ti_sysbios_knl_Swi_Module_State_0_readyQ__A                          
20001180  ti_sysbios_knl_Task_Module_State_0_readyQ__A                         
20001200  ti_sysbios_knl_Task_Module__state__V                                 
20001244  ti_sysbios_family_arm_lm4_Timer_Module_State_0_device__A             
20001284  ti_sysbios_family_arm_lm4_Timer_Object__table__V                     
200012c4  ti_sysbios_gates_GateMutex_Object__table__V                          
200012fc  ti_sysbios_family_arm_m3_Hwi_Module__state__V                        
20001330  ti_sysbios_knl_Swi_Object__table__V                                  
20001360  ti_sysbios_knl_Clock_Module__state__V                                
2000138c  ti_sysbios_BIOS_Module__state__V                                     
200013b0  ti_sysbios_family_arm_lm4_Timer_Module_State_0_handles__A            
200013d0  ti_sysbios_knl_Swi_Module__state__V                                  
200013ec  ti_sysbios_family_arm_m3_Hwi_Object__table__V                        
20001404  ti_sysbios_heaps_HeapMem_Object__table__V                            
2000141c  ti_sysbios_family_arm_lm4_Timer_Module__state__V                     
20001428  xdc_runtime_SysMin_Module__state__V                                  
20001434  _lock                                                                
20001438  _unlock                                                              
2000143c  ti_sysbios_family_arm_lm4_TimestampProvider_Module__state__V         
20001444  ti_sysbios_gates_GateHwi_Module__root__V                             
2000144c  ti_sysbios_gates_GateMutex_Module__root__V                           
20001454  ti_sysbios_heaps_HeapMem_Module__root__V                             
2000145c  ti_sysbios_knl_Queue_Module__root__V                                 
20001464  ti_sysbios_knl_Semaphore_Module__root__V                             
2000146c  xdc_runtime_Registry_Module__state__V                                
20001474  xdc_runtime_Startup_Module__state__V                                 
2000147c  xdc_runtime_System_Module_State_0_atexitHandlers__A                  
20001484  xdc_runtime_System_Module__state__V                                  
2000148c  gSystemClock                                                         
20001490  main_func_sp                                                         
20001494  ti_sysbios_family_arm_m3_Hwi_Module_State_0_excContext__A            
20001498  ti_sysbios_family_arm_m3_Hwi_Module_State_0_excStack__A              
2000149c  ti_sysbios_gates_GateHwi_Object__table__V                            
200014a0  ti_sysbios_knl_Task_Module_State_0_idleTask__A                       
200014a4  xdc_runtime_Memory_Module__state__V                                  
200014a8  ti_sysbios_family_arm_m3_Hwi_Module_State_0_excActive__A             
200014aa  xdc_runtime_Error_Module__state__V                                   
200014b0  __stack                                                              
200017b0  __STACK_END                                                          
e000e000  ti_sysbios_family_arm_m3_Hwi_nvic                                    
ffffffff  __TI_pprof_out_hndl                                                  
ffffffff  __TI_prof_data_size                                                  
ffffffff  __TI_prof_data_start                                                 
ffffffff  __binit__                                                            
ffffffff  __c_args__                                                           
ffffffff  binit                                                                
UNDEFED   SHT$$INIT_ARRAY$$Base                                                
UNDEFED   SHT$$INIT_ARRAY$$Limit                                               

[520 symbols]
