******************************************************************************
                  TI ARM Linker PC v20.2.7                     
******************************************************************************
>> Linked Thu Apr 11 21:18:44 2024

OUTPUT FILE NAME:   <ece3849_lab2_msimantirakis_tdmakoye.out>
ENTRY POINT SYMBOL: "_c_int00_noargs"  address: 0000464d


MEMORY CONFIGURATION

         name            origin    length      used     unused   attr    fill
----------------------  --------  ---------  --------  --------  ----  --------
  FLASH                 00000000   00100000  00005494  000fab6c  R  X
  SRAM                  20000000   00040000  000098fe  00036702  RW X


SEGMENT ALLOCATION MAP

run origin  load origin   length   init length attrs members
----------  ----------- ---------- ----------- ----- -------
00000000    00000000    00005498   00005498    r-x
  00000000    00000000    00000208   00000208    r-- .intvecs
  00000208    00000208    00004920   00004920    r-x .text
  00004b28    00004b28    00000924   00000924    r-- .const
  00005450    00005450    00000048   00000048    r-- .cinit
20000000    20000000    00009900   00000000    rw-
  20000000    20000000    00008064   00000000    rw- .data
  20008064    20008064    0000109a   00000000    rw- .bss
  20009100    20009100    00000800   00000000    rw- .stack


SECTION ALLOCATION MAP

 output                                  attributes/
section   page    origin      length       input sections
--------  ----  ----------  ----------   ----------------
.intvecs   0    00000000    00000208     
                  00000000    00000208     tm4c1294ncpdt_startup_ccs.obj (.intvecs)

.text      0    00000208    00004920     
                  00000208    00000a4e     rtsv7M4_T_le_v4SPD16_eabi.lib : _printfi.c.obj (.text:__TI_printfi)
                  00000c56    00000002                                   : div0.asm.obj (.text)
                  00000c58    00000712     main.obj (.text)
                  0000136a    00000006     driverlib.lib : gpio.obj (.text:GPIOPinRead)
                  00001370    00000698     buttons.obj (.text)
                  00001a08    0000068c     Crystalfontz128x128_ST7735.obj (.text)
                  00002094    00000270     rtsv7M4_T_le_v4SPD16_eabi.lib : _printfi.c.obj (.text:_pconv_a)
                  00002304    00000256     grlib.lib : string.obj (.text:GrFontGlyphRender)
                  0000255a    00000006     driverlib.lib : gpio.obj (.text:GPIOPinWrite)
                  00002560    00000254     sampling.obj (.text)
                  000027b4    00000204     driverlib.lib : sysctl.obj (.text:SysCtlClockFreqSet)
                  000029b8    000001d0     rtsv7M4_T_le_v4SPD16_eabi.lib : _printfi.c.obj (.text:_pconv_g)
                  00002b88    000001c8     HAL_EK_TM4C1294XL_Crystalfontz128x128_ST7735.obj (.text)
                  00002d50    000001b6     rtsv7M4_T_le_v4SPD16_eabi.lib : fd_add_t2.asm.obj (.text)
                  00002f06    00000002     --HOLE-- [fill = 0]
                  00002f08    0000013c                                   : _printfi.c.obj (.text:_pconv_e)
                  00003044    00000136                                   : fd_div_t2.asm.obj (.text)
                  0000317a    00000130     driverlib.lib : gpio.obj (.text:GPIOPadConfigSet)
                  000032aa    00000002     --HOLE-- [fill = 0]
                  000032ac    00000124     rtsv7M4_T_le_v4SPD16_eabi.lib : _printfi.c.obj (.text:fcvt)
                  000033d0    00000110                                   : s_scalbn.c.obj (.text:scalbn)
                  000034e0    00000106     grlib.lib : line.obj (.text:GrLineDraw)
                  000035e6    000000fc     rtsv7M4_T_le_v4SPD16_eabi.lib : fd_mul_t2.asm.obj (.text)
                  000036e2    000000c4     grlib.lib : string.obj (.text:GrDefaultStringRenderer)
                  000037a6    000000c0               : line.obj (.text:GrLineClip)
                  00003866    00000002     --HOLE-- [fill = 0]
                  00003868    000000b1     rtsv7M4_T_le_v4SPD16_eabi.lib : _printfi.c.obj (.text:_ltostr)
                  00003919    00000001     --HOLE-- [fill = 0]
                  0000391a    00000006     grlib.lib : string.obj (.text:GrContextFontSet)
                  00003920    000000a2     sysctl_pll.obj (.text)
                  000039c2    0000009c     rtsv7M4_T_le_v4SPD16_eabi.lib : memcpy_t2.asm.obj (.text)
                  00003a5e    00000096                                   : ull_div_t2.asm.obj (.text)
                  00003af4    00000086     grlib.lib : rectangle.obj (.text:GrRectFill)
                  00003b7a    00000086     rtsv7M4_T_le_v4SPD16_eabi.lib : fd_cmp_t2.asm.obj (.text:__aeabi_cdcmple)
                  00003c00    00000086                                   : fd_cmp_t2.asm.obj (.text:__aeabi_cdrcmple)
                  00003c86    00000002     --HOLE-- [fill = 0]
                  00003c88    00000080                                   : s_floorf.c.obj (.text:floorf)
                  00003d08    0000007a     driverlib.lib : adc.obj (.text:ADCSequenceStepConfigure)
                  00003d82    0000007a     rtsv7M4_T_le_v4SPD16_eabi.lib : memset_t2.asm.obj (.text)
                  00003dfc    0000006e                                   : _printfi.c.obj (.text:_mcpy)
                  00003e6a    0000006e                                   : s_roundf.c.obj (.text:roundf)
                  00003ed8    00000068     grlib.lib : context.obj (.text:GrContextInit)
                  00003f40    00000068     driverlib.lib : interrupt.obj (.text:IntEnable)
                  00003fa8    00000068     rtsv7M4_T_le_v4SPD16_eabi.lib : copy_decompress_lzss.c.obj (.text:decompress:lzss:__TI_decompress_lzss)
                  00004010    00000064                                   : s_frexp.c.obj (.text:frexp)
                  00004074    00000060     driverlib.lib : timer.obj (.text:TimerConfigure)
                  000040d4    0000005a     grlib.lib : string.obj (.text:FontWideGlyphDataGet)
                  0000412e    00000056     rtsv7M4_T_le_v4SPD16_eabi.lib : _printfi.c.obj (.text:_pconv_f)
                  00004184    00000054                                   : _ltoa.c.obj (.text:__TI_ltoa)
                  000041d8    00000052                                   : _printfi.c.obj (.text:_ecpy)
                  0000422a    00000002     --HOLE-- [fill = 0]
                  0000422c    0000004c                                   : atoi.c.obj (.text:atoi)
                  00004278    0000004c                                   : snprintf.c.obj (.text:snprintf)
                  000042c4    0000004a     grlib.lib : string.obj (.text:UpdateContextCharMapping)
                  0000430e    00000002     --HOLE-- [fill = 0]
                  00004310    00000048     driverlib.lib : gpio.obj (.text:GPIOPinConfigure)
                  00004358    00000048                   : sysctl.obj (.text:_SysCtlFrequencyGet)
                  000043a0    00000048     rtsv7M4_T_le_v4SPD16_eabi.lib : fd_toi_t2.asm.obj (.text)
                  000043e8    00000046     grlib.lib : line.obj (.text:GrLineDrawH)
                  0000442e    00000046               : line.obj (.text:GrLineDrawV)
                  00004474    00000044     rtsv7M4_T_le_v4SPD16_eabi.lib : autoinit.c.obj (.text:__TI_auto_init_nobinit_nopinit:__TI_auto_init_nobinit_nopinit)
                  000044b8    0000003e     driverlib.lib : adc.obj (.text:ADCSequenceConfigure)
                  000044f6    0000003e     rtsv7M4_T_le_v4SPD16_eabi.lib : _printfi.c.obj (.text:_fcpy)
                  00004534    0000003c     driverlib.lib : ssi.obj (.text:SSIConfigSetExpClk)
                  00004570    0000003a     grlib.lib : string.obj (.text:FontGlyphDataGet)
                  000045aa    00000038     rtsv7M4_T_le_v4SPD16_eabi.lib : fs_tod_t2.asm.obj (.text)
                  000045e2    00000036     grlib.lib : line.obj (.text:GrClipCodeGet)
                  00004618    00000034     driverlib.lib : sysctl.obj (.text:SysCtlPeripheralEnable)
                  0000464c    00000034     rtsv7M4_T_le_v4SPD16_eabi.lib : boot_cortex_m.c.obj (.text:_c_int00_noargs:_c_int00_noargs)
                  00004680    00000030                                   : snprintf.c.obj (.text:_outs)
                  000046b0    0000002e     driverlib.lib : adc.obj (.text:ADCIntStatus)
                  000046de    0000002e     grlib.lib : string.obj (.text:GrStringNextCharGet)
                  0000470c    0000002e     rtsv7M4_T_le_v4SPD16_eabi.lib : i_tofd_t2.asm.obj (.text)
                  0000473a    0000002a     driverlib.lib : gpio.obj (.text:GPIODirModeSet)
                  00004764    00000026     grlib.lib : string.obj (.text:GrFontInfoGet)
                  0000478a    00000002     --HOLE-- [fill = 0]
                  0000478c    00000024     driverlib.lib : interrupt.obj (.text:IntPrioritySet)
                  000047b0    00000022     grlib.lib : string.obj (.text:GrFontGlyphDataGet)
                  000047d2    00000022     driverlib.lib : pwm.obj (.text:PWMGenConfigure)
                  000047f4    0000001e                   : adc.obj (.text:ADCSequenceDataGet)
                  00004812    0000001e     grlib.lib : string.obj (.text:GrFontCodepageGet)
                  00004830    0000001e     driverlib.lib : pwm.obj (.text:PWMPulseWidthSet)
                  0000484e    00000002     --HOLE-- [fill = 0]
                  00004850    0000001c                   : sysctl.obj (.text:_SysCtlMemTimingGet)
                  0000486c    0000001c     rtsv7M4_T_le_v4SPD16_eabi.lib : memccpy.c.obj (.text:memccpy)
                  00004888    0000001a                                   : s_copysign.c.obj (.text:copysign)
                  000048a2    00000006     driverlib.lib : sysctl.obj (.text:SysCtlDelay)
                  000048a8    0000001a     tm4c1294ncpdt_startup_ccs.obj (.text)
                  000048c2    00000018     driverlib.lib : adc.obj (.text:ADCClockConfigSet)
                  000048da    00000018                   : adc.obj (.text:ADCProcessorTrigger)
                  000048f2    00000018                   : gpio.obj (.text:GPIOPinTypeGPIOOutput)
                  0000490a    00000018     rtsv7M4_T_le_v4SPD16_eabi.lib : snprintf.c.obj (.text:_outc)
                  00004922    00000016     grlib.lib : string.obj (.text:GrStringDraw)
                  00004938    00000016     rtsv7M4_T_le_v4SPD16_eabi.lib : strchr.c.obj (.text:strchr)
                  0000494e    00000002     --HOLE-- [fill = 0]
                  00004950    00000014     driverlib.lib : pwm.obj (.text:PWMClockSet)
                  00004964    00000014                   : timer.obj (.text:TimerDisable)
                  00004978    00000014     rtsv7M4_T_le_v4SPD16_eabi.lib : strlen.c.obj (.text:strlen)
                  0000498c    00000012     driverlib.lib : gpio.obj (.text:GPIOPinTypeADC)
                  0000499e    00000012                   : gpio.obj (.text:GPIOPinTypeGPIOInput)
                  000049b0    00000012                   : gpio.obj (.text:GPIOPinTypePWM)
                  000049c2    00000012                   : gpio.obj (.text:GPIOPinTypeSSI)
                  000049d4    00000012                   : pwm.obj (.text:PWMOutputState)
                  000049e6    00000012                   : timer.obj (.text:TimerLoadSet)
                  000049f8    00000012     rtsv7M4_T_le_v4SPD16_eabi.lib : wcslen.c.obj (.text:wcslen)
                  00004a0a    00000010     driverlib.lib : adc.obj (.text:ADCIntEnable)
                  00004a1a    00000002     --HOLE-- [fill = 0]
                  00004a1c    00000010                   : fpu.obj (.text:FPUEnable)
                  00004a2c    00000010                   : fpu.obj (.text:FPULazyStackingEnable)
                  00004a3c    00000010                   : interrupt.obj (.text:IntMasterDisable)
                  00004a4c    00000010                   : interrupt.obj (.text:IntMasterEnable)
                  00004a5c    00000010                   : pwm.obj (.text:PWMGenPeriodSet)
                  00004a6c    0000000e                   : adc.obj (.text:ADCSequenceDisable)
                  00004a7a    0000000e                   : adc.obj (.text:ADCSequenceEnable)
                  00004a88    0000000e                   : timer.obj (.text:TimerEnable)
                  00004a96    0000000e     rtsv7M4_T_le_v4SPD16_eabi.lib : copy_decompress_none.c.obj (.text:decompress:none:__TI_decompress_none)
                  00004aa4    0000000c     driverlib.lib : cpu.obj (.text:CPUcpsid)
                  00004ab0    0000000c                   : cpu.obj (.text:CPUcpsie)
                  00004abc    0000000c                   : pwm.obj (.text:PWMGenEnable)
                  00004ac8    0000000c     rtsv7M4_T_le_v4SPD16_eabi.lib : copy_zero_init.c.obj (.text:decompress:ZI:__TI_zero_init)
                  00004ad4    0000000a     driverlib.lib : adc.obj (.text:ADCIntClear)
                  00004ade    0000000a                   : ssi.obj (.text:SSIDataPut)
                  00004ae8    0000000a                   : ssi.obj (.text:SSIEnable)
                  00004af2    0000000a                   : timer.obj (.text:TimerIntStatus)
                  00004afc    00000008     grlib.lib : charmap.obj (.text:GrMapISO8859_1_Unicode)
                  00004b04    00000008     driverlib.lib : ssi.obj (.text:SSIBusy)
                  00004b0c    00000008                   : timer.obj (.text:TimerIntEnable)
                  00004b14    00000008     rtsv7M4_T_le_v4SPD16_eabi.lib : errno.c.obj (.text:__aeabi_errno_addr)
                  00004b1c    00000004     driverlib.lib : timer.obj (.text:TimerIntClear)
                  00004b20    00000004     rtsv7M4_T_le_v4SPD16_eabi.lib : pre_init.c.obj (.text:_system_pre_init)
                  00004b24    00000004                                   : exit.c.obj (.text:abort:abort)

.const     0    00004b28    00000924     
                  00004b28    000002f8     grlib.lib : fontfixed6x8.obj (.const:.string:g_pui8FontFixed6x8Data)
                  00004e20    00000120     driverlib.lib : sysctl.obj (.const:g_pppui32XTALtoVCO)
                  00004f40    00000101     rtsv7M4_T_le_v4SPD16_eabi.lib : ctype.c.obj (.const:.string:_ctypes_)
                  00005041    00000003     --HOLE-- [fill = 0]
                  00005044    000000c8     grlib.lib : fontfixed6x8.obj (.const:g_sFontFixed6x8)
                  0000510c    0000009c     driverlib.lib : interrupt.obj (.const:g_pui32Regs)
                  000051a8    00000090     main.obj (.const:.string)
                  00005238    00000090     driverlib.lib : gpio.obj (.const:g_pui32GPIOBaseAddrs)
                  000052c8    00000070                   : interrupt.obj (.const)
                  00005338    0000006c                   : sysctl.obj (.const:g_pui32Xtals)
                  000053a4    00000030                   : sysctl.obj (.const:g_sXTALtoMEMTIM)
                  000053d4    00000028     Crystalfontz128x128_ST7735.obj (.const:g_sCrystalfontz128x128)
                  000053fc    00000014     main.obj (.const:$P$T1$2)
                  00005410    00000014     main.obj (.const:gVoltageScaleStr)
                  00005424    00000010     grlib.lib : context.obj (.const)
                  00005434    00000008     main.obj (.const:$P$T0$1)
                  0000543c    00000008     driverlib.lib : sysctl.obj (.const)
                  00005444    00000008     main.obj (.const:gTriggerSlopeStr)

.cinit     0    00005450    00000048     
                  00005450    0000001e     (.cinit..data.load) [load image, compression = lzss]
                  0000546e    00000002     --HOLE-- [fill = 0]
                  00005470    0000000c     (__TI_handler_table)
                  0000547c    00000004     --HOLE-- [fill = 0]
                  00005480    00000008     (.cinit..bss.load) [load image, compression = zero_init]
                  00005488    00000010     (__TI_cinit_table)

.init_array 
*          0    00000000    00000000     UNINITIALIZED

.data      0    20000000    00008064     UNINITIALIZED
                  20000000    00008000     Crystalfontz128x128_ST7735.obj (.data:Lcd_buffer)
                  20008000    00000024     buttons.obj (.data:count$2)
                  20008024    0000001c     main.obj (.data)
                  20008040    00000010     buttons.obj (.data)
                  20008050    00000008     buttons.obj (.data:gJoystick)
                  20008058    00000005     sampling.obj (.data)
                  2000805d    00000003     --HOLE--
                  20008060    00000004     rtsv7M4_T_le_v4SPD16_eabi.lib : errno.c.obj (.data)

.bss       0    20008064    0000109a     UNINITIALIZED
                  20008064    00001000     (.common:gADCBuffer)
                  20009064    00000034     (.common:str)
                  20009098    0000002c     (.common:sContext)
                  200090c4    00000014     buttons.obj (.bss:state$1)
                  200090d8    0000000c     (.common:fifo)
                  200090e4    00000004     (.common:fScale)
                  200090e8    00000004     (.common:gADCSamplingRate)
                  200090ec    00000004     (.common:gSystemClock)
                  200090f0    00000004     (.common:g_psGrLibDefaults)
                  200090f4    00000002     (.common:Lcd_ScreenHeigth)
                  200090f6    00000002     (.common:Lcd_ScreenWidth)
                  200090f8    00000002     (.common:Lcd_TouchTrim)
                  200090fa    00000001     (.common:Lcd_FlagRead)
                  200090fb    00000001     (.common:Lcd_FontSolid)
                  200090fc    00000001     (.common:Lcd_Orientation)
                  200090fd    00000001     (.common:Lcd_PenSolid)

.stack     0    20009100    00000800     UNINITIALIZED
                  20009100    00000004     rtsv7M4_T_le_v4SPD16_eabi.lib : boot_cortex_m.c.obj (.stack)
                  20009104    000007fc     --HOLE--

__llvm_prf_cnts 
*          0    20000000    00000000     UNINITIALIZED

MODULE SUMMARY

       Module                                             code    ro data   rw data
       ------                                             ----    -------   -------
    .\
       Crystalfontz128x128_ST7735.obj                     1676    40        32778  
       buttons.obj                                        1688    0         4192   
       main.obj                                           1810    200       132    
       sampling.obj                                       596     0         5      
       tm4c1294ncpdt_startup_ccs.obj                      26      520       0      
       HAL_EK_TM4C1294XL_Crystalfontz128x128_ST7735.obj   456     0         0      
       sysctl_pll.obj                                     162     0         0      
    +--+--------------------------------------------------+-------+---------+---------+
       Total:                                             6414    760       37107  
                                                                                   
    C:/ti/tirtos_tivac_2_16_01_14/products/TivaWare_C_Series-2.1.1.71b/driverlib/ccs/Debug/driverlib.lib
       sysctl.obj                                         674     452       0      
       gpio.obj                                           526     144       0      
       interrupt.obj                                      172     268       0      
       adc.obj                                            362     0         0      
       timer.obj                                          170     0         0      
       pwm.obj                                            130     0         0      
       ssi.obj                                            88      0         0      
       fpu.obj                                            32      0         0      
       cpu.obj                                            24      0         0      
    +--+--------------------------------------------------+-------+---------+---------+
       Total:                                             2178    864       0      
                                                                                   
    C:/ti/tirtos_tivac_2_16_01_14/products/TivaWare_C_Series-2.1.1.71b/grlib/ccs/Debug/grlib.lib
       string.obj                                         1192    0         0      
       fontfixed6x8.obj                                   0       960       0      
       line.obj                                           648     0         0      
       rectangle.obj                                      134     0         0      
       context.obj                                        104     16        4      
       charmap.obj                                        8       0         0      
    +--+--------------------------------------------------+-------+---------+---------+
       Total:                                             2086    976       4      
                                                                                   
    C:\ti\ccs1260\ccs\tools\compiler\ti-cgt-arm_20.2.7.LTS\lib\rtsv7M4_T_le_v4SPD16_eabi.lib
       _printfi.c.obj                                     4851    0         0      
       fd_add_t2.asm.obj                                  438     0         0      
       fd_div_t2.asm.obj                                  310     0         0      
       s_scalbn.c.obj                                     272     0         0      
       fd_cmp_t2.asm.obj                                  268     0         0      
       ctype.c.obj                                        0       257       0      
       fd_mul_t2.asm.obj                                  252     0         0      
       memcpy_t2.asm.obj                                  156     0         0      
       ull_div_t2.asm.obj                                 150     0         0      
       snprintf.c.obj                                     148     0         0      
       s_floorf.c.obj                                     128     0         0      
       memset_t2.asm.obj                                  122     0         0      
       s_roundf.c.obj                                     110     0         0      
       copy_decompress_lzss.c.obj                         104     0         0      
       s_frexp.c.obj                                      100     0         0      
       _ltoa.c.obj                                        84      0         0      
       atoi.c.obj                                         76      0         0      
       fd_toi_t2.asm.obj                                  72      0         0      
       autoinit.c.obj                                     68      0         0      
       fs_tod_t2.asm.obj                                  56      0         0      
       boot_cortex_m.c.obj                                52      0         0      
       i_tofd_t2.asm.obj                                  46      0         0      
       memccpy.c.obj                                      28      0         0      
       s_copysign.c.obj                                   26      0         0      
       strchr.c.obj                                       22      0         0      
       strlen.c.obj                                       20      0         0      
       wcslen.c.obj                                       18      0         0      
       copy_decompress_none.c.obj                         14      0         0      
       copy_zero_init.c.obj                               12      0         0      
       errno.c.obj                                        8       0         4      
       exit.c.obj                                         4       0         0      
       pre_init.c.obj                                     4       0         0      
       div0.asm.obj                                       2       0         0      
    +--+--------------------------------------------------+-------+---------+---------+
       Total:                                             8021    257       4      
                                                                                   
       Stack:                                             0       0         2048   
       Linker Generated:                                  0       66        0      
    +--+--------------------------------------------------+-------+---------+---------+
       Grand Total:                                       18699   2923      39163  


LINKER GENERATED COPY TABLES

__TI_cinit_table @ 00005488 records: 2, size/record: 8, table size: 16
	.data: load addr=00005450, load size=0000001e bytes, run addr=20000000, run size=00008064 bytes, compression=lzss
	.bss: load addr=00005480, load size=00000008 bytes, run addr=20008064, run size=0000109a bytes, compression=zero_init


LINKER GENERATED HANDLER TABLE

__TI_handler_table @ 00005470 records: 3, size/record: 4, table size: 12
	index: 0, handler: __TI_decompress_lzss
	index: 1, handler: __TI_decompress_none
	index: 2, handler: __TI_zero_init


GLOBAL SYMBOLS: SORTED ALPHABETICALLY BY Name 

address   name                              
-------   ----                              
000048c3  ADCClockConfigSet                 
00004ad5  ADCIntClear                       
00004a0b  ADCIntEnable                      
000046b1  ADCIntStatus                      
000048db  ADCProcessorTrigger               
000044b9  ADCSequenceConfigure              
000047f5  ADCSequenceDataGet                
00004a6d  ADCSequenceDisable                
00004a7b  ADCSequenceEnable                 
00003d09  ADCSequenceStepConfigure          
00002641  ADC_ISR                           
00002561  ADC_Init                          
000017c9  ButtonAutoRepeat                  
00001599  ButtonDebounce                    
00001931  ButtonISR                         
00001371  ButtonInit                        
00001659  ButtonReadJoystick                
00004b25  C$$EXIT                           
00004aa5  CPUcpsid                          
00004ab1  CPUcpsie                          
00001a09  Crystalfontz128x128_Init          
00001ad9  Crystalfontz128x128_SetDrawFrame  
00001bd1  Crystalfontz128x128_SetOrientation
00004a1d  FPUEnable                         
00004a2d  FPULazyStackingEnable             
00002739  FallingTrigger                    
0000473b  GPIODirModeSet                    
0000317b  GPIOPadConfigSet                  
00004311  GPIOPinConfigure                  
0000136b  GPIOPinRead                       
0000498d  GPIOPinTypeADC                    
0000499f  GPIOPinTypeGPIOInput              
000048f3  GPIOPinTypeGPIOOutput             
000049b1  GPIOPinTypePWM                    
000049c3  GPIOPinTypeSSI                    
0000255b  GPIOPinWrite                      
0000391b  GrContextFontSet                  
00003ed9  GrContextInit                     
000036e3  GrDefaultStringRenderer           
00004813  GrFontCodepageGet                 
000047b1  GrFontGlyphDataGet                
00002305  GrFontGlyphRender                 
00004765  GrFontInfoGet                     
000034e1  GrLineDraw                        
000043e9  GrLineDrawH                       
0000442f  GrLineDrawV                       
00004afd  GrMapISO8859_1_Unicode            
00003af5  GrRectFill                        
00004923  GrStringDraw                      
000046df  GrStringNextCharGet               
00002b89  HAL_LCD_PortInit                  
00002c21  HAL_LCD_SpiInit                   
00002cb9  HAL_LCD_writeCommand              
00002d39  HAL_LCD_writeData                 
00003f41  IntEnable                         
00004a3d  IntMasterDisable                  
00004a4d  IntMasterEnable                   
0000478d  IntPrioritySet                    
200090fa  Lcd_FlagRead                      
200090fb  Lcd_FontSolid                     
200090fc  Lcd_Orientation                   
200090fd  Lcd_PenSolid                      
200090f4  Lcd_ScreenHeigth                  
200090f6  Lcd_ScreenWidth                   
200090f8  Lcd_TouchTrim                     
20000000  Lcd_buffer                        
00004951  PWMClockSet                       
000047d3  PWMGenConfigure                   
00004abd  PWMGenEnable                      
00004a5d  PWMGenPeriodSet                   
000049d5  PWMOutputState                    
00004831  PWMPulseWidthSet                  
000048a9  ResetISR                          
000026b9  RisingTrigger                     
00004b05  SSIBusy                           
00004535  SSIConfigSetExpClk                
00004adf  SSIDataPut                        
00004ae9  SSIEnable                         
00000d21  Signal_Init                       
000027b5  SysCtlClockFreqSet                
000048a3  SysCtlDelay                       
00003921  SysCtlFrequencyGet                
00004619  SysCtlPeripheralEnable            
00004075  TimerConfigure                    
00004965  TimerDisable                      
00004a89  TimerEnable                       
00004b1d  TimerIntClear                     
00004b0d  TimerIntEnable                    
00004af3  TimerIntStatus                    
000049e7  TimerLoadSet                      
2000803c  VoltsIndex                        
20009900  __STACK_END                       
00000800  __STACK_SIZE                      
20009300  __STACK_TOP                       
00005488  __TI_CINIT_Base                   
00005498  __TI_CINIT_Limit                  
00005470  __TI_Handler_Table_Base           
0000547c  __TI_Handler_Table_Limit          
00004475  __TI_auto_init_nobinit_nopinit    
00003fa9  __TI_decompress_lzss              
00004a97  __TI_decompress_none              
00004185  __TI_ltoa                         
ffffffff  __TI_pprof_out_hndl               
00000209  __TI_printfi                      
ffffffff  __TI_prof_data_size               
ffffffff  __TI_prof_data_start              
00000000  __TI_static_base__                
00004ac9  __TI_zero_init                    
00003b7b  __aeabi_cdcmpeq                   
00003b7b  __aeabi_cdcmple                   
00003c01  __aeabi_cdrcmple                  
000043a1  __aeabi_d2iz                      
00002d5b  __aeabi_dadd                      
00003045  __aeabi_ddiv                      
000035e7  __aeabi_dmul                      
00002d51  __aeabi_dsub                      
00004b15  __aeabi_errno_addr                
000045ab  __aeabi_f2d                       
0000470d  __aeabi_i2d                       
00000c57  __aeabi_idiv0                     
00000c57  __aeabi_ldiv0                     
00003d83  __aeabi_memclr                    
00003d83  __aeabi_memclr4                   
00003d83  __aeabi_memclr8                   
000039c3  __aeabi_memcpy                    
000039c3  __aeabi_memcpy4                   
000039c3  __aeabi_memcpy8                   
00003d85  __aeabi_memset                    
00003d85  __aeabi_memset4                   
00003d85  __aeabi_memset8                   
00003a5f  __aeabi_uldivmod                  
ffffffff  __binit__                         
ffffffff  __c_args__                        
UNDEFED   __mpu_init                        
20009100  __stack                           
20000000  __start___llvm_prf_cnts           
20000000  __stop___llvm_prf_cnts            
0000464d  _c_int00_noargs                   
00004f40  _ctypes_                          
UNDEFED   _system_post_cinit                
00004b21  _system_pre_init                  
00004b25  abort                             
0000422d  atoi                              
ffffffff  binit                             
00004889  copysign                          
00004889  copysignl                         
20008034  count_loaded                      
20008030  count_unloaded                    
20008038  cpu_load                          
00000ca1  cpu_load_count                    
20008060  errno                             
200090e4  fScale                            
200090d8  fifo                              
000018c9  fifo_get                          
20008044  fifo_head                         
00001869  fifo_put                          
20008048  fifo_tail                         
20008028  flag                              
00003c89  floorf                            
00004011  frexp                             
00004011  frexpl                            
20008064  gADCBuffer                        
2000804c  gADCBufferIndex                   
20008058  gADCErrors                        
200090e8  gADCSamplingRate                  
20008040  gButtons                          
20008050  gJoystick                         
200090ec  gSystemClock                      
20008024  gTime                             
00005444  gTriggerSlopeStr                  
00005410  gVoltageScaleStr                  
00000000  g_pfnVectors                      
00005424  g_psDefaultCodePointMapTable      
000053d4  g_sCrystalfontz128x128            
00005044  g_sFontFixed6x8                   
00000e31  grid_lines                        
000033d1  ldexp                             
000033d1  ldexpl                            
00000ee9  main                              
0000486d  memccpy                           
000039c3  memcpy                            
00003d8b  memset                            
00000c59  new_time                          
00003e6b  roundf                            
20009098  sContext                          
000033d1  scalbn                            
000033d1  scalbnl                           
00004279  snprintf                          
20009064  str                               
00004939  strchr                            
00004979  strlen                            
2000802c  trig                              
2000805c  trigState                         
00000cf9  triggerSearch                     
000049f9  wcslen                            


GLOBAL SYMBOLS: SORTED BY Symbol Address 

address   name                              
-------   ----                              
00000000  __TI_static_base__                
00000000  g_pfnVectors                      
00000209  __TI_printfi                      
00000800  __STACK_SIZE                      
00000c57  __aeabi_idiv0                     
00000c57  __aeabi_ldiv0                     
00000c59  new_time                          
00000ca1  cpu_load_count                    
00000cf9  triggerSearch                     
00000d21  Signal_Init                       
00000e31  grid_lines                        
00000ee9  main                              
0000136b  GPIOPinRead                       
00001371  ButtonInit                        
00001599  ButtonDebounce                    
00001659  ButtonReadJoystick                
000017c9  ButtonAutoRepeat                  
00001869  fifo_put                          
000018c9  fifo_get                          
00001931  ButtonISR                         
00001a09  Crystalfontz128x128_Init          
00001ad9  Crystalfontz128x128_SetDrawFrame  
00001bd1  Crystalfontz128x128_SetOrientation
00002305  GrFontGlyphRender                 
0000255b  GPIOPinWrite                      
00002561  ADC_Init                          
00002641  ADC_ISR                           
000026b9  RisingTrigger                     
00002739  FallingTrigger                    
000027b5  SysCtlClockFreqSet                
00002b89  HAL_LCD_PortInit                  
00002c21  HAL_LCD_SpiInit                   
00002cb9  HAL_LCD_writeCommand              
00002d39  HAL_LCD_writeData                 
00002d51  __aeabi_dsub                      
00002d5b  __aeabi_dadd                      
00003045  __aeabi_ddiv                      
0000317b  GPIOPadConfigSet                  
000033d1  ldexp                             
000033d1  ldexpl                            
000033d1  scalbn                            
000033d1  scalbnl                           
000034e1  GrLineDraw                        
000035e7  __aeabi_dmul                      
000036e3  GrDefaultStringRenderer           
0000391b  GrContextFontSet                  
00003921  SysCtlFrequencyGet                
000039c3  __aeabi_memcpy                    
000039c3  __aeabi_memcpy4                   
000039c3  __aeabi_memcpy8                   
000039c3  memcpy                            
00003a5f  __aeabi_uldivmod                  
00003af5  GrRectFill                        
00003b7b  __aeabi_cdcmpeq                   
00003b7b  __aeabi_cdcmple                   
00003c01  __aeabi_cdrcmple                  
00003c89  floorf                            
00003d09  ADCSequenceStepConfigure          
00003d83  __aeabi_memclr                    
00003d83  __aeabi_memclr4                   
00003d83  __aeabi_memclr8                   
00003d85  __aeabi_memset                    
00003d85  __aeabi_memset4                   
00003d85  __aeabi_memset8                   
00003d8b  memset                            
00003e6b  roundf                            
00003ed9  GrContextInit                     
00003f41  IntEnable                         
00003fa9  __TI_decompress_lzss              
00004011  frexp                             
00004011  frexpl                            
00004075  TimerConfigure                    
00004185  __TI_ltoa                         
0000422d  atoi                              
00004279  snprintf                          
00004311  GPIOPinConfigure                  
000043a1  __aeabi_d2iz                      
000043e9  GrLineDrawH                       
0000442f  GrLineDrawV                       
00004475  __TI_auto_init_nobinit_nopinit    
000044b9  ADCSequenceConfigure              
00004535  SSIConfigSetExpClk                
000045ab  __aeabi_f2d                       
00004619  SysCtlPeripheralEnable            
0000464d  _c_int00_noargs                   
000046b1  ADCIntStatus                      
000046df  GrStringNextCharGet               
0000470d  __aeabi_i2d                       
0000473b  GPIODirModeSet                    
00004765  GrFontInfoGet                     
0000478d  IntPrioritySet                    
000047b1  GrFontGlyphDataGet                
000047d3  PWMGenConfigure                   
000047f5  ADCSequenceDataGet                
00004813  GrFontCodepageGet                 
00004831  PWMPulseWidthSet                  
0000486d  memccpy                           
00004889  copysign                          
00004889  copysignl                         
000048a3  SysCtlDelay                       
000048a9  ResetISR                          
000048c3  ADCClockConfigSet                 
000048db  ADCProcessorTrigger               
000048f3  GPIOPinTypeGPIOOutput             
00004923  GrStringDraw                      
00004939  strchr                            
00004951  PWMClockSet                       
00004965  TimerDisable                      
00004979  strlen                            
0000498d  GPIOPinTypeADC                    
0000499f  GPIOPinTypeGPIOInput              
000049b1  GPIOPinTypePWM                    
000049c3  GPIOPinTypeSSI                    
000049d5  PWMOutputState                    
000049e7  TimerLoadSet                      
000049f9  wcslen                            
00004a0b  ADCIntEnable                      
00004a1d  FPUEnable                         
00004a2d  FPULazyStackingEnable             
00004a3d  IntMasterDisable                  
00004a4d  IntMasterEnable                   
00004a5d  PWMGenPeriodSet                   
00004a6d  ADCSequenceDisable                
00004a7b  ADCSequenceEnable                 
00004a89  TimerEnable                       
00004a97  __TI_decompress_none              
00004aa5  CPUcpsid                          
00004ab1  CPUcpsie                          
00004abd  PWMGenEnable                      
00004ac9  __TI_zero_init                    
00004ad5  ADCIntClear                       
00004adf  SSIDataPut                        
00004ae9  SSIEnable                         
00004af3  TimerIntStatus                    
00004afd  GrMapISO8859_1_Unicode            
00004b05  SSIBusy                           
00004b0d  TimerIntEnable                    
00004b15  __aeabi_errno_addr                
00004b1d  TimerIntClear                     
00004b21  _system_pre_init                  
00004b25  C$$EXIT                           
00004b25  abort                             
00004f40  _ctypes_                          
00005044  g_sFontFixed6x8                   
000053d4  g_sCrystalfontz128x128            
00005410  gVoltageScaleStr                  
00005424  g_psDefaultCodePointMapTable      
00005444  gTriggerSlopeStr                  
00005470  __TI_Handler_Table_Base           
0000547c  __TI_Handler_Table_Limit          
00005488  __TI_CINIT_Base                   
00005498  __TI_CINIT_Limit                  
20000000  Lcd_buffer                        
20000000  __start___llvm_prf_cnts           
20000000  __stop___llvm_prf_cnts            
20008024  gTime                             
20008028  flag                              
2000802c  trig                              
20008030  count_unloaded                    
20008034  count_loaded                      
20008038  cpu_load                          
2000803c  VoltsIndex                        
20008040  gButtons                          
20008044  fifo_head                         
20008048  fifo_tail                         
2000804c  gADCBufferIndex                   
20008050  gJoystick                         
20008058  gADCErrors                        
2000805c  trigState                         
20008060  errno                             
20008064  gADCBuffer                        
20009064  str                               
20009098  sContext                          
200090d8  fifo                              
200090e4  fScale                            
200090e8  gADCSamplingRate                  
200090ec  gSystemClock                      
200090f4  Lcd_ScreenHeigth                  
200090f6  Lcd_ScreenWidth                   
200090f8  Lcd_TouchTrim                     
200090fa  Lcd_FlagRead                      
200090fb  Lcd_FontSolid                     
200090fc  Lcd_Orientation                   
200090fd  Lcd_PenSolid                      
20009100  __stack                           
20009300  __STACK_TOP                       
20009900  __STACK_END                       
ffffffff  __TI_pprof_out_hndl               
ffffffff  __TI_prof_data_size               
ffffffff  __TI_prof_data_start              
ffffffff  __binit__                         
ffffffff  __c_args__                        
ffffffff  binit                             
UNDEFED   __mpu_init                        
UNDEFED   _system_post_cinit                

[195 symbols]
