******************************************************************************
                  TI ARM Linker PC v20.2.7                     
******************************************************************************
>> Linked Thu Mar 28 18:27:09 2024

OUTPUT FILE NAME:   <ece3849_lab1_msimantirakis_tdmakoye.out>
ENTRY POINT SYMBOL: "_c_int00_noargs"  address: 0000269d


MEMORY CONFIGURATION

         name            origin    length      used     unused   attr    fill
----------------------  --------  ---------  --------  --------  ----  --------
  FLASH                 00000000   00100000  0000320e  000fcdf2  R  X
  SRAM                  20000000   00040000  0000986b  00036795  RW X


SEGMENT ALLOCATION MAP

run origin  load origin   length   init length attrs members
----------  ----------- ---------- ----------- ----- -------
00000000    00000000    00003210   00003210    r-x
  00000000    00000000    00000208   00000208    r-- .intvecs
  00000208    00000208    00002866   00002866    r-x .text
  00002a70    00002a70    00000760   00000760    r-- .const
  000031d0    000031d0    00000040   00000040    r-- .cinit
20000000    20000000    00009870   00000000    rw-
  20000000    20000000    00008041   00000000    rw- .data
  20008044    20008044    0000102a   00000000    rw- .bss
  20009070    20009070    00000800   00000000    rw- .stack


SECTION ALLOCATION MAP

 output                                  attributes/
section   page    origin      length       input sections
--------  ----  ----------  ----------   ----------------
.intvecs   0    00000000    00000208     
                  00000000    00000208     tm4c1294ncpdt_startup_ccs.obj (.intvecs)

.text      0    00000208    00002866     
                  00000208    0000068c     Crystalfontz128x128_ST7735.obj (.text)
                  00000894    00000004     driverlib.lib : timer.obj (.text:TimerIntClear)
                  00000898    00000636     buttons.obj (.text)
                  00000ece    00000002     --HOLE-- [fill = 0]
                  00000ed0    00000432     main.obj (.text)
                  00001302    00000256     grlib.lib : string.obj (.text:GrFontGlyphRender)
                  00001558    00000204     driverlib.lib : sysctl.obj (.text:SysCtlClockFreqSet)
                  0000175c    00000004     rtsv7M4_T_le_v4SPD16_eabi.lib : pre_init.c.obj (.text:_system_pre_init)
                  00001760    000001c8     HAL_EK_TM4C1294XL_Crystalfontz128x128_ST7735.obj (.text)
                  00001928    00000154     sampling.obj (.text)
                  00001a7c    00000130     driverlib.lib : gpio.obj (.text:GPIOPadConfigSet)
                  00001bac    00000106     grlib.lib : line.obj (.text:GrLineDraw)
                  00001cb2    000000c4               : string.obj (.text:GrDefaultStringRenderer)
                  00001d76    000000c0               : line.obj (.text:GrLineClip)
                  00001e36    00000002     --HOLE-- [fill = 0]
                  00001e38    000000a2     sysctl_pll.obj (.text)
                  00001eda    0000009c     rtsv7M4_T_le_v4SPD16_eabi.lib : memcpy_t2.asm.obj (.text)
                  00001f76    00000086     grlib.lib : rectangle.obj (.text:GrRectFill)
                  00001ffc    00000080     rtsv7M4_T_le_v4SPD16_eabi.lib : s_floorf.c.obj (.text:floorf)
                  0000207c    0000007a     driverlib.lib : adc.obj (.text:ADCSequenceStepConfigure)
                  000020f6    0000007a     rtsv7M4_T_le_v4SPD16_eabi.lib : memset_t2.asm.obj (.text)
                  00002170    0000006e                                   : s_roundf.c.obj (.text:roundf)
                  000021de    00000002     --HOLE-- [fill = 0]
                  000021e0    00000068     grlib.lib : context.obj (.text:GrContextInit)
                  00002248    00000068     driverlib.lib : interrupt.obj (.text:IntEnable)
                  000022b0    00000068     rtsv7M4_T_le_v4SPD16_eabi.lib : copy_decompress_lzss.c.obj (.text:decompress:lzss:__TI_decompress_lzss)
                  00002318    00000060     driverlib.lib : timer.obj (.text:TimerConfigure)
                  00002378    0000005a     grlib.lib : string.obj (.text:FontWideGlyphDataGet)
                  000023d2    0000004a               : string.obj (.text:UpdateContextCharMapping)
                  0000241c    00000048     driverlib.lib : gpio.obj (.text:GPIOPinConfigure)
                  00002464    00000048                   : sysctl.obj (.text:_SysCtlFrequencyGet)
                  000024ac    00000046     grlib.lib : line.obj (.text:GrLineDrawH)
                  000024f2    00000046               : line.obj (.text:GrLineDrawV)
                  00002538    00000044     rtsv7M4_T_le_v4SPD16_eabi.lib : autoinit.c.obj (.text:__TI_auto_init_nobinit_nopinit:__TI_auto_init_nobinit_nopinit)
                  0000257c    0000003e     driverlib.lib : adc.obj (.text:ADCSequenceConfigure)
                  000025ba    0000003c                   : ssi.obj (.text:SSIConfigSetExpClk)
                  000025f6    0000003a     grlib.lib : string.obj (.text:FontGlyphDataGet)
                  00002630    00000036               : line.obj (.text:GrClipCodeGet)
                  00002666    00000002     --HOLE-- [fill = 0]
                  00002668    00000034     driverlib.lib : sysctl.obj (.text:SysCtlPeripheralEnable)
                  0000269c    00000034     rtsv7M4_T_le_v4SPD16_eabi.lib : boot_cortex_m.c.obj (.text:_c_int00_noargs:_c_int00_noargs)
                  000026d0    0000002e     driverlib.lib : adc.obj (.text:ADCIntStatus)
                  000026fe    0000002e     grlib.lib : string.obj (.text:GrStringNextCharGet)
                  0000272c    0000002a     driverlib.lib : gpio.obj (.text:GPIODirModeSet)
                  00002756    00000026     grlib.lib : string.obj (.text:GrFontInfoGet)
                  0000277c    00000024     driverlib.lib : interrupt.obj (.text:IntPrioritySet)
                  000027a0    00000022     grlib.lib : string.obj (.text:GrFontGlyphDataGet)
                  000027c2    00000022     driverlib.lib : pwm.obj (.text:PWMGenConfigure)
                  000027e4    0000001e                   : adc.obj (.text:ADCSequenceDataGet)
                  00002802    0000001e     grlib.lib : string.obj (.text:GrFontCodepageGet)
                  00002820    0000001e     driverlib.lib : pwm.obj (.text:PWMPulseWidthSet)
                  0000283e    00000002     --HOLE-- [fill = 0]
                  00002840    0000001c                   : sysctl.obj (.text:_SysCtlMemTimingGet)
                  0000285c    00000004     rtsv7M4_T_le_v4SPD16_eabi.lib : exit.c.obj (.text:abort:abort)
                  00002860    0000001a     tm4c1294ncpdt_startup_ccs.obj (.text)
                  0000287a    00000018     driverlib.lib : adc.obj (.text:ADCClockConfigSet)
                  00002892    00000018                   : adc.obj (.text:ADCProcessorTrigger)
                  000028aa    00000018                   : gpio.obj (.text:GPIOPinTypeGPIOOutput)
                  000028c2    00000002     --HOLE-- [fill = 0]
                  000028c4    00000014                   : pwm.obj (.text:PWMClockSet)
                  000028d8    00000014                   : timer.obj (.text:TimerDisable)
                  000028ec    00000012                   : gpio.obj (.text:GPIOPinTypeADC)
                  000028fe    00000012                   : gpio.obj (.text:GPIOPinTypeGPIOInput)
                  00002910    00000012                   : gpio.obj (.text:GPIOPinTypePWM)
                  00002922    00000012                   : gpio.obj (.text:GPIOPinTypeSSI)
                  00002934    00000012                   : pwm.obj (.text:PWMOutputState)
                  00002946    00000012                   : timer.obj (.text:TimerLoadSet)
                  00002958    00000010                   : adc.obj (.text:ADCIntEnable)
                  00002968    00000010                   : fpu.obj (.text:FPUEnable)
                  00002978    00000010                   : fpu.obj (.text:FPULazyStackingEnable)
                  00002988    00000010                   : interrupt.obj (.text:IntMasterDisable)
                  00002998    00000010                   : interrupt.obj (.text:IntMasterEnable)
                  000029a8    00000010                   : pwm.obj (.text:PWMGenPeriodSet)
                  000029b8    0000000e                   : adc.obj (.text:ADCSequenceDisable)
                  000029c6    0000000e                   : adc.obj (.text:ADCSequenceEnable)
                  000029d4    0000000e                   : timer.obj (.text:TimerEnable)
                  000029e2    0000000e     rtsv7M4_T_le_v4SPD16_eabi.lib : copy_decompress_none.c.obj (.text:decompress:none:__TI_decompress_none)
                  000029f0    0000000c     driverlib.lib : cpu.obj (.text:CPUcpsid)
                  000029fc    0000000c                   : cpu.obj (.text:CPUcpsie)
                  00002a08    0000000c                   : pwm.obj (.text:PWMGenEnable)
                  00002a14    0000000c     rtsv7M4_T_le_v4SPD16_eabi.lib : copy_zero_init.c.obj (.text:decompress:ZI:__TI_zero_init)
                  00002a20    0000000a     driverlib.lib : adc.obj (.text:ADCIntClear)
                  00002a2a    0000000a                   : ssi.obj (.text:SSIDataPut)
                  00002a34    0000000a                   : ssi.obj (.text:SSIEnable)
                  00002a3e    00000008     grlib.lib : charmap.obj (.text:GrMapISO8859_1_Unicode)
                  00002a46    00000008     driverlib.lib : ssi.obj (.text:SSIBusy)
                  00002a4e    00000008                   : timer.obj (.text:TimerIntEnable)
                  00002a56    00000006                   : gpio.obj (.text:GPIOPinRead)
                  00002a5c    00000006                   : gpio.obj (.text:GPIOPinWrite)
                  00002a62    00000006     grlib.lib : string.obj (.text:GrContextFontSet)
                  00002a68    00000006     driverlib.lib : sysctl.obj (.text:SysCtlDelay)

.const     0    00002a70    00000760     
                  00002a70    000002f8     grlib.lib : fontfixed6x8.obj (.const:.string:g_pui8FontFixed6x8Data)
                  00002d68    00000120     driverlib.lib : sysctl.obj (.const:g_pppui32XTALtoVCO)
                  00002e88    000000c8     grlib.lib : fontfixed6x8.obj (.const:g_sFontFixed6x8)
                  00002f50    0000009c     driverlib.lib : interrupt.obj (.const:g_pui32Regs)
                  00002fec    00000090                   : gpio.obj (.const:g_pui32GPIOBaseAddrs)
                  0000307c    00000070                   : interrupt.obj (.const)
                  000030ec    0000006c                   : sysctl.obj (.const:g_pui32Xtals)
                  00003158    00000030                   : sysctl.obj (.const:g_sXTALtoMEMTIM)
                  00003188    00000028     Crystalfontz128x128_ST7735.obj (.const:g_sCrystalfontz128x128)
                  000031b0    00000010     grlib.lib : context.obj (.const)
                  000031c0    00000008     main.obj (.const:$P$T0$1)
                  000031c8    00000008     driverlib.lib : sysctl.obj (.const)

.cinit     0    000031d0    00000040     
                  000031d0    00000018     (.cinit..data.load) [load image, compression = lzss]
                  000031e8    0000000c     (__TI_handler_table)
                  000031f4    00000004     --HOLE-- [fill = 0]
                  000031f8    00000008     (.cinit..bss.load) [load image, compression = zero_init]
                  00003200    00000010     (__TI_cinit_table)

.init_array 
*          0    00000000    00000000     UNINITIALIZED

.data      0    20000000    00008041     UNINITIALIZED
                  20000000    00008000     Crystalfontz128x128_ST7735.obj (.data:Lcd_buffer)
                  20008000    00000024     buttons.obj (.data:count$2)
                  20008024    00000008     buttons.obj (.data:gJoystick)
                  2000802c    00000008     sampling.obj (.data)
                  20008034    00000006     buttons.obj (.data)
                  2000803a    00000002     --HOLE--
                  2000803c    00000005     main.obj (.data)

.bss       0    20008044    0000102a     UNINITIALIZED
                  20008044    00001000     (.common:gADCBuffer)
                  20009044    00000014     buttons.obj (.bss:state$1)
                  20009058    00000004     (.common:gADCSamplingRate)
                  2000905c    00000004     (.common:gSystemClock)
                  20009060    00000004     (.common:g_psGrLibDefaults)
                  20009064    00000002     (.common:Lcd_ScreenHeigth)
                  20009066    00000002     (.common:Lcd_ScreenWidth)
                  20009068    00000002     (.common:Lcd_TouchTrim)
                  2000906a    00000001     (.common:Lcd_FlagRead)
                  2000906b    00000001     (.common:Lcd_FontSolid)
                  2000906c    00000001     (.common:Lcd_Orientation)
                  2000906d    00000001     (.common:Lcd_PenSolid)

.stack     0    20009070    00000800     UNINITIALIZED
                  20009070    00000004     rtsv7M4_T_le_v4SPD16_eabi.lib : boot_cortex_m.c.obj (.stack)
                  20009074    000007fc     --HOLE--

__llvm_prf_cnts 
*          0    20000000    00000000     UNINITIALIZED

MODULE SUMMARY

       Module                                             code    ro data   rw data
       ------                                             ----    -------   -------
    .\
       Crystalfontz128x128_ST7735.obj                     1676    40        32778  
       main.obj                                           1074    8         4105   
       buttons.obj                                        1590    0         74     
       tm4c1294ncpdt_startup_ccs.obj                      26      520       0      
       HAL_EK_TM4C1294XL_Crystalfontz128x128_ST7735.obj   456     0         0      
       sampling.obj                                       340     0         8      
       sysctl_pll.obj                                     162     0         0      
    +--+--------------------------------------------------+-------+---------+---------+
       Total:                                             5324    568       36965  
                                                                                   
    C:/ti/tirtos_tivac_2_16_01_14/products/TivaWare_C_Series-2.1.1.71b/driverlib/ccs/Debug/driverlib.lib
       sysctl.obj                                         674     452       0      
       gpio.obj                                           526     144       0      
       interrupt.obj                                      172     268       0      
       adc.obj                                            362     0         0      
       timer.obj                                          160     0         0      
       pwm.obj                                            130     0         0      
       ssi.obj                                            88      0         0      
       fpu.obj                                            32      0         0      
       cpu.obj                                            24      0         0      
    +--+--------------------------------------------------+-------+---------+---------+
       Total:                                             2168    864       0      
                                                                                   
    C:/ti/tirtos_tivac_2_16_01_14/products/TivaWare_C_Series-2.1.1.71b/grlib/ccs/Debug/grlib.lib
       string.obj                                         1170    0         0      
       fontfixed6x8.obj                                   0       960       0      
       line.obj                                           648     0         0      
       rectangle.obj                                      134     0         0      
       context.obj                                        104     16        4      
       charmap.obj                                        8       0         0      
    +--+--------------------------------------------------+-------+---------+---------+
       Total:                                             2064    976       4      
                                                                                   
    C:\ti\ccs1260\ccs\tools\compiler\ti-cgt-arm_20.2.7.LTS\lib\rtsv7M4_T_le_v4SPD16_eabi.lib
       memcpy_t2.asm.obj                                  156     0         0      
       s_floorf.c.obj                                     128     0         0      
       memset_t2.asm.obj                                  122     0         0      
       s_roundf.c.obj                                     110     0         0      
       copy_decompress_lzss.c.obj                         104     0         0      
       autoinit.c.obj                                     68      0         0      
       boot_cortex_m.c.obj                                52      0         0      
       copy_decompress_none.c.obj                         14      0         0      
       copy_zero_init.c.obj                               12      0         0      
       exit.c.obj                                         4       0         0      
       pre_init.c.obj                                     4       0         0      
    +--+--------------------------------------------------+-------+---------+---------+
       Total:                                             774     0         0      
                                                                                   
       Stack:                                             0       0         2048   
       Linker Generated:                                  0       60        0      
    +--+--------------------------------------------------+-------+---------+---------+
       Grand Total:                                       10330   2468      39017  


LINKER GENERATED COPY TABLES

__TI_cinit_table @ 00003200 records: 2, size/record: 8, table size: 16
	.data: load addr=000031d0, load size=00000018 bytes, run addr=20000000, run size=00008041 bytes, compression=lzss
	.bss: load addr=000031f8, load size=00000008 bytes, run addr=20008044, run size=0000102a bytes, compression=zero_init


LINKER GENERATED HANDLER TABLE

__TI_handler_table @ 000031e8 records: 3, size/record: 4, table size: 12
	index: 0, handler: __TI_decompress_lzss
	index: 1, handler: __TI_decompress_none
	index: 2, handler: __TI_zero_init


GLOBAL SYMBOLS: SORTED ALPHABETICALLY BY Name 

address   name                              
-------   ----                              
0000287b  ADCClockConfigSet                 
00002a21  ADCIntClear                       
00002959  ADCIntEnable                      
000026d1  ADCIntStatus                      
00002893  ADCProcessorTrigger               
0000257d  ADCSequenceConfigure              
000027e5  ADCSequenceDataGet                
000029b9  ADCSequenceDisable                
000029c7  ADCSequenceEnable                 
0000207d  ADCSequenceStepConfigure          
00001a09  ADC_ISR                           
00001929  ADC_Init                          
00000cf1  ButtonAutoRepeat                  
00000ac1  ButtonDebounce                    
00000d91  ButtonISR                         
00000899  ButtonInit                        
00000b81  ButtonReadJoystick                
0000285d  C$$EXIT                           
000029f1  CPUcpsid                          
000029fd  CPUcpsie                          
00000209  Crystalfontz128x128_Init          
000002d9  Crystalfontz128x128_SetDrawFrame  
000003d1  Crystalfontz128x128_SetOrientation
00002969  FPUEnable                         
00002979  FPULazyStackingEnable             
0000272d  GPIODirModeSet                    
00001a7d  GPIOPadConfigSet                  
0000241d  GPIOPinConfigure                  
00002a57  GPIOPinRead                       
000028ed  GPIOPinTypeADC                    
000028ff  GPIOPinTypeGPIOInput              
000028ab  GPIOPinTypeGPIOOutput             
00002911  GPIOPinTypePWM                    
00002923  GPIOPinTypeSSI                    
00002a5d  GPIOPinWrite                      
00002a63  GrContextFontSet                  
000021e1  GrContextInit                     
00001cb3  GrDefaultStringRenderer           
00002803  GrFontCodepageGet                 
000027a1  GrFontGlyphDataGet                
00001303  GrFontGlyphRender                 
00002757  GrFontInfoGet                     
00001bad  GrLineDraw                        
000024ad  GrLineDrawH                       
000024f3  GrLineDrawV                       
00002a3f  GrMapISO8859_1_Unicode            
00001f77  GrRectFill                        
000026ff  GrStringNextCharGet               
00001761  HAL_LCD_PortInit                  
000017f9  HAL_LCD_SpiInit                   
00001891  HAL_LCD_writeCommand              
00001911  HAL_LCD_writeData                 
00002249  IntEnable                         
00002989  IntMasterDisable                  
00002999  IntMasterEnable                   
0000277d  IntPrioritySet                    
2000906a  Lcd_FlagRead                      
2000906b  Lcd_FontSolid                     
2000906c  Lcd_Orientation                   
2000906d  Lcd_PenSolid                      
20009064  Lcd_ScreenHeigth                  
20009066  Lcd_ScreenWidth                   
20009068  Lcd_TouchTrim                     
20000000  Lcd_buffer                        
000028c5  PWMClockSet                       
000027c3  PWMGenConfigure                   
00002a09  PWMGenEnable                      
000029a9  PWMGenPeriodSet                   
00002935  PWMOutputState                    
00002821  PWMPulseWidthSet                  
00002861  ResetISR                          
00002a47  SSIBusy                           
000025bb  SSIConfigSetExpClk                
00002a2b  SSIDataPut                        
00002a35  SSIEnable                         
00000f19  Signal_Init                       
00001559  SysCtlClockFreqSet                
00002a69  SysCtlDelay                       
00001e39  SysCtlFrequencyGet                
00002669  SysCtlPeripheralEnable            
00002319  TimerConfigure                    
000028d9  TimerDisable                      
000029d5  TimerEnable                       
00000895  TimerIntClear                     
00002a4f  TimerIntEnable                    
00002947  TimerLoadSet                      
20009870  __STACK_END                       
00000800  __STACK_SIZE                      
20009270  __STACK_TOP                       
00003200  __TI_CINIT_Base                   
00003210  __TI_CINIT_Limit                  
000031e8  __TI_Handler_Table_Base           
000031f4  __TI_Handler_Table_Limit          
00002539  __TI_auto_init_nobinit_nopinit    
000022b1  __TI_decompress_lzss              
000029e3  __TI_decompress_none              
ffffffff  __TI_pprof_out_hndl               
ffffffff  __TI_prof_data_size               
ffffffff  __TI_prof_data_start              
00000000  __TI_static_base__                
00002a15  __TI_zero_init                    
000020f7  __aeabi_memclr                    
000020f7  __aeabi_memclr4                   
000020f7  __aeabi_memclr8                   
00001edb  __aeabi_memcpy                    
00001edb  __aeabi_memcpy4                   
00001edb  __aeabi_memcpy8                   
000020f9  __aeabi_memset                    
000020f9  __aeabi_memset4                   
000020f9  __aeabi_memset8                   
ffffffff  __binit__                         
ffffffff  __c_args__                        
UNDEFED   __mpu_init                        
20009070  __stack                           
20000000  __start___llvm_prf_cnts           
20000000  __stop___llvm_prf_cnts            
0000269d  _c_int00_noargs                   
UNDEFED   _system_post_cinit                
0000175d  _system_pre_init                  
0000285d  abort                             
ffffffff  binit                             
20008040  flag                              
00001ffd  floorf                            
20008044  gADCBuffer                        
2000802c  gADCBufferIndex                   
20008030  gADCErrors                        
20009058  gADCSamplingRate                  
20008034  gButtons                          
20008024  gJoystick                         
2000905c  gSystemClock                      
2000803c  gTime                             
00000000  g_pfnVectors                      
000031b0  g_psDefaultCodePointMapTable      
00003188  g_sCrystalfontz128x128            
00002e88  g_sFontFixed6x8                   
00001029  main                              
00001edb  memcpy                            
000020ff  memset                            
00000ed1  new_time                          
00002171  roundf                            


GLOBAL SYMBOLS: SORTED BY Symbol Address 

address   name                              
-------   ----                              
00000000  __TI_static_base__                
00000000  g_pfnVectors                      
00000209  Crystalfontz128x128_Init          
000002d9  Crystalfontz128x128_SetDrawFrame  
000003d1  Crystalfontz128x128_SetOrientation
00000800  __STACK_SIZE                      
00000895  TimerIntClear                     
00000899  ButtonInit                        
00000ac1  ButtonDebounce                    
00000b81  ButtonReadJoystick                
00000cf1  ButtonAutoRepeat                  
00000d91  ButtonISR                         
00000ed1  new_time                          
00000f19  Signal_Init                       
00001029  main                              
00001303  GrFontGlyphRender                 
00001559  SysCtlClockFreqSet                
0000175d  _system_pre_init                  
00001761  HAL_LCD_PortInit                  
000017f9  HAL_LCD_SpiInit                   
00001891  HAL_LCD_writeCommand              
00001911  HAL_LCD_writeData                 
00001929  ADC_Init                          
00001a09  ADC_ISR                           
00001a7d  GPIOPadConfigSet                  
00001bad  GrLineDraw                        
00001cb3  GrDefaultStringRenderer           
00001e39  SysCtlFrequencyGet                
00001edb  __aeabi_memcpy                    
00001edb  __aeabi_memcpy4                   
00001edb  __aeabi_memcpy8                   
00001edb  memcpy                            
00001f77  GrRectFill                        
00001ffd  floorf                            
0000207d  ADCSequenceStepConfigure          
000020f7  __aeabi_memclr                    
000020f7  __aeabi_memclr4                   
000020f7  __aeabi_memclr8                   
000020f9  __aeabi_memset                    
000020f9  __aeabi_memset4                   
000020f9  __aeabi_memset8                   
000020ff  memset                            
00002171  roundf                            
000021e1  GrContextInit                     
00002249  IntEnable                         
000022b1  __TI_decompress_lzss              
00002319  TimerConfigure                    
0000241d  GPIOPinConfigure                  
000024ad  GrLineDrawH                       
000024f3  GrLineDrawV                       
00002539  __TI_auto_init_nobinit_nopinit    
0000257d  ADCSequenceConfigure              
000025bb  SSIConfigSetExpClk                
00002669  SysCtlPeripheralEnable            
0000269d  _c_int00_noargs                   
000026d1  ADCIntStatus                      
000026ff  GrStringNextCharGet               
0000272d  GPIODirModeSet                    
00002757  GrFontInfoGet                     
0000277d  IntPrioritySet                    
000027a1  GrFontGlyphDataGet                
000027c3  PWMGenConfigure                   
000027e5  ADCSequenceDataGet                
00002803  GrFontCodepageGet                 
00002821  PWMPulseWidthSet                  
0000285d  C$$EXIT                           
0000285d  abort                             
00002861  ResetISR                          
0000287b  ADCClockConfigSet                 
00002893  ADCProcessorTrigger               
000028ab  GPIOPinTypeGPIOOutput             
000028c5  PWMClockSet                       
000028d9  TimerDisable                      
000028ed  GPIOPinTypeADC                    
000028ff  GPIOPinTypeGPIOInput              
00002911  GPIOPinTypePWM                    
00002923  GPIOPinTypeSSI                    
00002935  PWMOutputState                    
00002947  TimerLoadSet                      
00002959  ADCIntEnable                      
00002969  FPUEnable                         
00002979  FPULazyStackingEnable             
00002989  IntMasterDisable                  
00002999  IntMasterEnable                   
000029a9  PWMGenPeriodSet                   
000029b9  ADCSequenceDisable                
000029c7  ADCSequenceEnable                 
000029d5  TimerEnable                       
000029e3  __TI_decompress_none              
000029f1  CPUcpsid                          
000029fd  CPUcpsie                          
00002a09  PWMGenEnable                      
00002a15  __TI_zero_init                    
00002a21  ADCIntClear                       
00002a2b  SSIDataPut                        
00002a35  SSIEnable                         
00002a3f  GrMapISO8859_1_Unicode            
00002a47  SSIBusy                           
00002a4f  TimerIntEnable                    
00002a57  GPIOPinRead                       
00002a5d  GPIOPinWrite                      
00002a63  GrContextFontSet                  
00002a69  SysCtlDelay                       
00002e88  g_sFontFixed6x8                   
00003188  g_sCrystalfontz128x128            
000031b0  g_psDefaultCodePointMapTable      
000031e8  __TI_Handler_Table_Base           
000031f4  __TI_Handler_Table_Limit          
00003200  __TI_CINIT_Base                   
00003210  __TI_CINIT_Limit                  
20000000  Lcd_buffer                        
20000000  __start___llvm_prf_cnts           
20000000  __stop___llvm_prf_cnts            
20008024  gJoystick                         
2000802c  gADCBufferIndex                   
20008030  gADCErrors                        
20008034  gButtons                          
2000803c  gTime                             
20008040  flag                              
20008044  gADCBuffer                        
20009058  gADCSamplingRate                  
2000905c  gSystemClock                      
20009064  Lcd_ScreenHeigth                  
20009066  Lcd_ScreenWidth                   
20009068  Lcd_TouchTrim                     
2000906a  Lcd_FlagRead                      
2000906b  Lcd_FontSolid                     
2000906c  Lcd_Orientation                   
2000906d  Lcd_PenSolid                      
20009070  __stack                           
20009270  __STACK_TOP                       
20009870  __STACK_END                       
ffffffff  __TI_pprof_out_hndl               
ffffffff  __TI_prof_data_size               
ffffffff  __TI_prof_data_start              
ffffffff  __binit__                         
ffffffff  __c_args__                        
ffffffff  binit                             
UNDEFED   __mpu_init                        
UNDEFED   _system_post_cinit                

[140 symbols]
