<?xml version="1.0" encoding="ISO-8859-1" ?>
<link_info>
   <banner>TI ARM Linker PC v20.2.7.LTS</banner>
   <copyright>Copyright (c) 1996-2018 Texas Instruments Incorporated</copyright>
   <link_time>0x65f9c41f</link_time>
   <link_errors>0x0</link_errors>
   <output_file>ece3849_lab0_msimantirakis.out</output_file>
   <entry_point>
      <name>_c_int00_noargs</name>
      <address>0x3b3d</address>
   </entry_point>
   <input_file_list>
      <input_file id="fl-2">
         <path>.\</path>
         <kind>object</kind>
         <file>Crystalfontz128x128_ST7735.obj</file>
         <name>Crystalfontz128x128_ST7735.obj</name>
      </input_file>
      <input_file id="fl-3">
         <path>.\</path>
         <kind>object</kind>
         <file>HAL_EK_TM4C1294XL_Crystalfontz128x128_ST7735.obj</file>
         <name>HAL_EK_TM4C1294XL_Crystalfontz128x128_ST7735.obj</name>
      </input_file>
      <input_file id="fl-4">
         <path>.\</path>
         <kind>object</kind>
         <file>buttons.obj</file>
         <name>buttons.obj</name>
      </input_file>
      <input_file id="fl-5">
         <path>.\</path>
         <kind>object</kind>
         <file>main.obj</file>
         <name>main.obj</name>
      </input_file>
      <input_file id="fl-6">
         <path>.\</path>
         <kind>object</kind>
         <file>sysctl_pll.obj</file>
         <name>sysctl_pll.obj</name>
      </input_file>
      <input_file id="fl-7">
         <path>.\</path>
         <kind>object</kind>
         <file>tm4c1294ncpdt_startup_ccs.obj</file>
         <name>tm4c1294ncpdt_startup_ccs.obj</name>
      </input_file>
      <input_file id="fl-d">
         <kind>object</kind>
         <file>&lt;internal&gt;</file>
         <name>&lt;internal&gt;</name>
      </input_file>
      <input_file id="fl-c3">
         <path>C:\ti\ccs1260\ccs\tools\compiler\ti-cgt-arm_20.2.7.LTS\lib\</path>
         <kind>archive</kind>
         <file>rtsv7M4_T_le_v4SPD16_eabi.lib</file>
         <name>s_roundf.c.obj</name>
      </input_file>
      <input_file id="fl-c4">
         <path>C:\ti\ccs1260\ccs\tools\compiler\ti-cgt-arm_20.2.7.LTS\lib\</path>
         <kind>archive</kind>
         <file>rtsv7M4_T_le_v4SPD16_eabi.lib</file>
         <name>snprintf.c.obj</name>
      </input_file>
      <input_file id="fl-c5">
         <path>C:\ti\ccs1260\ccs\tools\compiler\ti-cgt-arm_20.2.7.LTS\lib\</path>
         <kind>archive</kind>
         <file>rtsv7M4_T_le_v4SPD16_eabi.lib</file>
         <name>memcpy_t2.asm.obj</name>
      </input_file>
      <input_file id="fl-c6">
         <path>C:\ti\ccs1260\ccs\tools\compiler\ti-cgt-arm_20.2.7.LTS\lib\</path>
         <kind>archive</kind>
         <file>rtsv7M4_T_le_v4SPD16_eabi.lib</file>
         <name>copy_zero_init.c.obj</name>
      </input_file>
      <input_file id="fl-c7">
         <path>C:\ti\ccs1260\ccs\tools\compiler\ti-cgt-arm_20.2.7.LTS\lib\</path>
         <kind>archive</kind>
         <file>rtsv7M4_T_le_v4SPD16_eabi.lib</file>
         <name>copy_decompress_none.c.obj</name>
      </input_file>
      <input_file id="fl-c8">
         <path>C:\ti\ccs1260\ccs\tools\compiler\ti-cgt-arm_20.2.7.LTS\lib\</path>
         <kind>archive</kind>
         <file>rtsv7M4_T_le_v4SPD16_eabi.lib</file>
         <name>copy_decompress_lzss.c.obj</name>
      </input_file>
      <input_file id="fl-c9">
         <path>C:\ti\ccs1260\ccs\tools\compiler\ti-cgt-arm_20.2.7.LTS\lib\</path>
         <kind>archive</kind>
         <file>rtsv7M4_T_le_v4SPD16_eabi.lib</file>
         <name>boot_cortex_m.c.obj</name>
      </input_file>
      <input_file id="fl-ca">
         <path>C:\ti\ccs1260\ccs\tools\compiler\ti-cgt-arm_20.2.7.LTS\lib\</path>
         <kind>archive</kind>
         <file>rtsv7M4_T_le_v4SPD16_eabi.lib</file>
         <name>s_floorf.c.obj</name>
      </input_file>
      <input_file id="fl-cb">
         <path>C:\ti\ccs1260\ccs\tools\compiler\ti-cgt-arm_20.2.7.LTS\lib\</path>
         <kind>archive</kind>
         <file>rtsv7M4_T_le_v4SPD16_eabi.lib</file>
         <name>_printfi.c.obj</name>
      </input_file>
      <input_file id="fl-cc">
         <path>C:\ti\ccs1260\ccs\tools\compiler\ti-cgt-arm_20.2.7.LTS\lib\</path>
         <kind>archive</kind>
         <file>rtsv7M4_T_le_v4SPD16_eabi.lib</file>
         <name>fd_add_t2.asm.obj</name>
      </input_file>
      <input_file id="fl-cd">
         <path>C:\ti\ccs1260\ccs\tools\compiler\ti-cgt-arm_20.2.7.LTS\lib\</path>
         <kind>archive</kind>
         <file>rtsv7M4_T_le_v4SPD16_eabi.lib</file>
         <name>fd_cmp_t2.asm.obj</name>
      </input_file>
      <input_file id="fl-ce">
         <path>C:\ti\ccs1260\ccs\tools\compiler\ti-cgt-arm_20.2.7.LTS\lib\</path>
         <kind>archive</kind>
         <file>rtsv7M4_T_le_v4SPD16_eabi.lib</file>
         <name>fd_div_t2.asm.obj</name>
      </input_file>
      <input_file id="fl-cf">
         <path>C:\ti\ccs1260\ccs\tools\compiler\ti-cgt-arm_20.2.7.LTS\lib\</path>
         <kind>archive</kind>
         <file>rtsv7M4_T_le_v4SPD16_eabi.lib</file>
         <name>fd_mul_t2.asm.obj</name>
      </input_file>
      <input_file id="fl-d0">
         <path>C:\ti\ccs1260\ccs\tools\compiler\ti-cgt-arm_20.2.7.LTS\lib\</path>
         <kind>archive</kind>
         <file>rtsv7M4_T_le_v4SPD16_eabi.lib</file>
         <name>fd_toi_t2.asm.obj</name>
      </input_file>
      <input_file id="fl-d1">
         <path>C:\ti\ccs1260\ccs\tools\compiler\ti-cgt-arm_20.2.7.LTS\lib\</path>
         <kind>archive</kind>
         <file>rtsv7M4_T_le_v4SPD16_eabi.lib</file>
         <name>i_tofd_t2.asm.obj</name>
      </input_file>
      <input_file id="fl-d2">
         <path>C:\ti\ccs1260\ccs\tools\compiler\ti-cgt-arm_20.2.7.LTS\lib\</path>
         <kind>archive</kind>
         <file>rtsv7M4_T_le_v4SPD16_eabi.lib</file>
         <name>memset_t2.asm.obj</name>
      </input_file>
      <input_file id="fl-d3">
         <path>C:\ti\ccs1260\ccs\tools\compiler\ti-cgt-arm_20.2.7.LTS\lib\</path>
         <kind>archive</kind>
         <file>rtsv7M4_T_le_v4SPD16_eabi.lib</file>
         <name>ull_div_t2.asm.obj</name>
      </input_file>
      <input_file id="fl-d4">
         <path>C:\ti\ccs1260\ccs\tools\compiler\ti-cgt-arm_20.2.7.LTS\lib\</path>
         <kind>archive</kind>
         <file>rtsv7M4_T_le_v4SPD16_eabi.lib</file>
         <name>autoinit.c.obj</name>
      </input_file>
      <input_file id="fl-d5">
         <path>C:\ti\ccs1260\ccs\tools\compiler\ti-cgt-arm_20.2.7.LTS\lib\</path>
         <kind>archive</kind>
         <file>rtsv7M4_T_le_v4SPD16_eabi.lib</file>
         <name>pre_init.c.obj</name>
      </input_file>
      <input_file id="fl-d6">
         <path>C:\ti\ccs1260\ccs\tools\compiler\ti-cgt-arm_20.2.7.LTS\lib\</path>
         <kind>archive</kind>
         <file>rtsv7M4_T_le_v4SPD16_eabi.lib</file>
         <name>cpy_tbl.c.obj</name>
      </input_file>
      <input_file id="fl-d7">
         <path>C:\ti\ccs1260\ccs\tools\compiler\ti-cgt-arm_20.2.7.LTS\lib\</path>
         <kind>archive</kind>
         <file>rtsv7M4_T_le_v4SPD16_eabi.lib</file>
         <name>exit.c.obj</name>
      </input_file>
      <input_file id="fl-d8">
         <path>C:\ti\ccs1260\ccs\tools\compiler\ti-cgt-arm_20.2.7.LTS\lib\</path>
         <kind>archive</kind>
         <file>rtsv7M4_T_le_v4SPD16_eabi.lib</file>
         <name>_lock.c.obj</name>
      </input_file>
      <input_file id="fl-d9">
         <path>C:\ti\ccs1260\ccs\tools\compiler\ti-cgt-arm_20.2.7.LTS\lib\</path>
         <kind>archive</kind>
         <file>rtsv7M4_T_le_v4SPD16_eabi.lib</file>
         <name>_ltoa.c.obj</name>
      </input_file>
      <input_file id="fl-da">
         <path>C:\ti\ccs1260\ccs\tools\compiler\ti-cgt-arm_20.2.7.LTS\lib\</path>
         <kind>archive</kind>
         <file>rtsv7M4_T_le_v4SPD16_eabi.lib</file>
         <name>args_main.c.obj</name>
      </input_file>
      <input_file id="fl-db">
         <path>C:\ti\ccs1260\ccs\tools\compiler\ti-cgt-arm_20.2.7.LTS\lib\</path>
         <kind>archive</kind>
         <file>rtsv7M4_T_le_v4SPD16_eabi.lib</file>
         <name>atoi.c.obj</name>
      </input_file>
      <input_file id="fl-dc">
         <path>C:\ti\ccs1260\ccs\tools\compiler\ti-cgt-arm_20.2.7.LTS\lib\</path>
         <kind>archive</kind>
         <file>rtsv7M4_T_le_v4SPD16_eabi.lib</file>
         <name>ctype.c.obj</name>
      </input_file>
      <input_file id="fl-dd">
         <path>C:\ti\ccs1260\ccs\tools\compiler\ti-cgt-arm_20.2.7.LTS\lib\</path>
         <kind>archive</kind>
         <file>rtsv7M4_T_le_v4SPD16_eabi.lib</file>
         <name>memccpy.c.obj</name>
      </input_file>
      <input_file id="fl-de">
         <path>C:\ti\ccs1260\ccs\tools\compiler\ti-cgt-arm_20.2.7.LTS\lib\</path>
         <kind>archive</kind>
         <file>rtsv7M4_T_le_v4SPD16_eabi.lib</file>
         <name>strchr.c.obj</name>
      </input_file>
      <input_file id="fl-df">
         <path>C:\ti\ccs1260\ccs\tools\compiler\ti-cgt-arm_20.2.7.LTS\lib\</path>
         <kind>archive</kind>
         <file>rtsv7M4_T_le_v4SPD16_eabi.lib</file>
         <name>strlen.c.obj</name>
      </input_file>
      <input_file id="fl-e0">
         <path>C:\ti\ccs1260\ccs\tools\compiler\ti-cgt-arm_20.2.7.LTS\lib\</path>
         <kind>archive</kind>
         <file>rtsv7M4_T_le_v4SPD16_eabi.lib</file>
         <name>errno.c.obj</name>
      </input_file>
      <input_file id="fl-e1">
         <path>C:\ti\ccs1260\ccs\tools\compiler\ti-cgt-arm_20.2.7.LTS\lib\</path>
         <kind>archive</kind>
         <file>rtsv7M4_T_le_v4SPD16_eabi.lib</file>
         <name>wcslen.c.obj</name>
      </input_file>
      <input_file id="fl-e2">
         <path>C:\ti\ccs1260\ccs\tools\compiler\ti-cgt-arm_20.2.7.LTS\lib\</path>
         <kind>archive</kind>
         <file>rtsv7M4_T_le_v4SPD16_eabi.lib</file>
         <name>s_frexp.c.obj</name>
      </input_file>
      <input_file id="fl-e3">
         <path>C:\ti\ccs1260\ccs\tools\compiler\ti-cgt-arm_20.2.7.LTS\lib\</path>
         <kind>archive</kind>
         <file>rtsv7M4_T_le_v4SPD16_eabi.lib</file>
         <name>s_scalbn.c.obj</name>
      </input_file>
      <input_file id="fl-e4">
         <path>C:\ti\ccs1260\ccs\tools\compiler\ti-cgt-arm_20.2.7.LTS\lib\</path>
         <kind>archive</kind>
         <file>rtsv7M4_T_le_v4SPD16_eabi.lib</file>
         <name>div0.asm.obj</name>
      </input_file>
      <input_file id="fl-e5">
         <path>C:\ti\ccs1260\ccs\tools\compiler\ti-cgt-arm_20.2.7.LTS\lib\</path>
         <kind>archive</kind>
         <file>rtsv7M4_T_le_v4SPD16_eabi.lib</file>
         <name>s_copysign.c.obj</name>
      </input_file>
      <input_file id="fl-e6">
         <path>C:\ti\tirtos_tivac_2_16_01_14\products\TivaWare_C_Series-2.1.1.71b\grlib\ccs\Debug\</path>
         <kind>archive</kind>
         <file>grlib.lib</file>
         <name>context.obj</name>
      </input_file>
      <input_file id="fl-e7">
         <path>C:\ti\tirtos_tivac_2_16_01_14\products\TivaWare_C_Series-2.1.1.71b\grlib\ccs\Debug\</path>
         <kind>archive</kind>
         <file>grlib.lib</file>
         <name>rectangle.obj</name>
      </input_file>
      <input_file id="fl-e8">
         <path>C:\ti\tirtos_tivac_2_16_01_14\products\TivaWare_C_Series-2.1.1.71b\grlib\ccs\Debug\</path>
         <kind>archive</kind>
         <file>grlib.lib</file>
         <name>string.obj</name>
      </input_file>
      <input_file id="fl-e9">
         <path>C:\ti\tirtos_tivac_2_16_01_14\products\TivaWare_C_Series-2.1.1.71b\grlib\ccs\Debug\</path>
         <kind>archive</kind>
         <file>grlib.lib</file>
         <name>fontfixed6x8.obj</name>
      </input_file>
      <input_file id="fl-ea">
         <path>C:\ti\tirtos_tivac_2_16_01_14\products\TivaWare_C_Series-2.1.1.71b\grlib\ccs\Debug\</path>
         <kind>archive</kind>
         <file>grlib.lib</file>
         <name>charmap.obj</name>
      </input_file>
      <input_file id="fl-eb">
         <path>C:\ti\tirtos_tivac_2_16_01_14\products\TivaWare_C_Series-2.1.1.71b\grlib\ccs\Debug\</path>
         <kind>archive</kind>
         <file>grlib.lib</file>
         <name>line.obj</name>
      </input_file>
      <input_file id="fl-ec">
         <path>C:\ti\tirtos_tivac_2_16_01_14\products\TivaWare_C_Series-2.1.1.71b\driverlib\ccs\Debug\</path>
         <kind>archive</kind>
         <file>driverlib.lib</file>
         <name>adc.obj</name>
      </input_file>
      <input_file id="fl-ed">
         <path>C:\ti\tirtos_tivac_2_16_01_14\products\TivaWare_C_Series-2.1.1.71b\driverlib\ccs\Debug\</path>
         <kind>archive</kind>
         <file>driverlib.lib</file>
         <name>fpu.obj</name>
      </input_file>
      <input_file id="fl-ee">
         <path>C:\ti\tirtos_tivac_2_16_01_14\products\TivaWare_C_Series-2.1.1.71b\driverlib\ccs\Debug\</path>
         <kind>archive</kind>
         <file>driverlib.lib</file>
         <name>gpio.obj</name>
      </input_file>
      <input_file id="fl-ef">
         <path>C:\ti\tirtos_tivac_2_16_01_14\products\TivaWare_C_Series-2.1.1.71b\driverlib\ccs\Debug\</path>
         <kind>archive</kind>
         <file>driverlib.lib</file>
         <name>interrupt.obj</name>
      </input_file>
      <input_file id="fl-f0">
         <path>C:\ti\tirtos_tivac_2_16_01_14\products\TivaWare_C_Series-2.1.1.71b\driverlib\ccs\Debug\</path>
         <kind>archive</kind>
         <file>driverlib.lib</file>
         <name>ssi.obj</name>
      </input_file>
      <input_file id="fl-f1">
         <path>C:\ti\tirtos_tivac_2_16_01_14\products\TivaWare_C_Series-2.1.1.71b\driverlib\ccs\Debug\</path>
         <kind>archive</kind>
         <file>driverlib.lib</file>
         <name>sysctl.obj</name>
      </input_file>
      <input_file id="fl-f2">
         <path>C:\ti\tirtos_tivac_2_16_01_14\products\TivaWare_C_Series-2.1.1.71b\driverlib\ccs\Debug\</path>
         <kind>archive</kind>
         <file>driverlib.lib</file>
         <name>timer.obj</name>
      </input_file>
      <input_file id="fl-f3">
         <path>C:\ti\tirtos_tivac_2_16_01_14\products\TivaWare_C_Series-2.1.1.71b\driverlib\ccs\Debug\</path>
         <kind>archive</kind>
         <file>driverlib.lib</file>
         <name>cpu.obj</name>
      </input_file>
   </input_file_list>
   <object_component_list>
      <object_component id="oc-12">
         <name>.intvecs</name>
         <load_address>0x0</load_address>
         <run_address>0x0</run_address>
         <size>0x208</size>
         <input_file_ref idref="fl-7"/>
      </object_component>
      <object_component id="oc-2c8">
         <name>.text:__TI_printfi</name>
         <load_address>0x208</load_address>
         <run_address>0x208</run_address>
         <size>0xa4e</size>
         <input_file_ref idref="fl-cb"/>
      </object_component>
      <object_component id="oc-4b0">
         <name>.text</name>
         <load_address>0xc56</load_address>
         <run_address>0xc56</run_address>
         <size>0x2</size>
         <input_file_ref idref="fl-e4"/>
      </object_component>
      <object_component id="oc-1d8">
         <name>.text</name>
         <load_address>0xc58</load_address>
         <run_address>0xc58</run_address>
         <size>0x68c</size>
         <input_file_ref idref="fl-2"/>
      </object_component>
      <object_component id="oc-106">
         <name>.text:TimerIntClear</name>
         <load_address>0x12e4</load_address>
         <run_address>0x12e4</run_address>
         <size>0x4</size>
         <input_file_ref idref="fl-f2"/>
      </object_component>
      <object_component id="oc-2d">
         <name>.text</name>
         <load_address>0x12e8</load_address>
         <run_address>0x12e8</run_address>
         <size>0x62a</size>
         <input_file_ref idref="fl-4"/>
      </object_component>
      <object_component id="oc-3ae">
         <name>.text:_pconv_a</name>
         <load_address>0x1914</load_address>
         <run_address>0x1914</run_address>
         <size>0x270</size>
         <input_file_ref idref="fl-cb"/>
      </object_component>
      <object_component id="oc-365">
         <name>.text:GrFontGlyphRender</name>
         <load_address>0x1b84</load_address>
         <run_address>0x1b84</run_address>
         <size>0x256</size>
         <input_file_ref idref="fl-e8"/>
      </object_component>
      <object_component id="oc-1d2">
         <name>.text:SysCtlClockFreqSet</name>
         <load_address>0x1ddc</load_address>
         <run_address>0x1ddc</run_address>
         <size>0x204</size>
         <input_file_ref idref="fl-f1"/>
      </object_component>
      <object_component id="oc-39c">
         <name>.text:_pconv_g</name>
         <load_address>0x1fe0</load_address>
         <run_address>0x1fe0</run_address>
         <size>0x1d0</size>
         <input_file_ref idref="fl-cb"/>
      </object_component>
      <object_component id="oc-288">
         <name>.text</name>
         <load_address>0x21b0</load_address>
         <run_address>0x21b0</run_address>
         <size>0x1c8</size>
         <input_file_ref idref="fl-3"/>
      </object_component>
      <object_component id="oc-445">
         <name>.text</name>
         <load_address>0x2378</load_address>
         <run_address>0x2378</run_address>
         <size>0x1b6</size>
         <input_file_ref idref="fl-cc"/>
      </object_component>
      <object_component id="oc-148">
         <name>.text</name>
         <load_address>0x2530</load_address>
         <run_address>0x2530</run_address>
         <size>0x186</size>
         <input_file_ref idref="fl-5"/>
      </object_component>
      <object_component id="oc-3a8">
         <name>.text:_pconv_e</name>
         <load_address>0x26b8</load_address>
         <run_address>0x26b8</run_address>
         <size>0x13c</size>
         <input_file_ref idref="fl-cb"/>
      </object_component>
      <object_component id="oc-42b">
         <name>.text</name>
         <load_address>0x27f4</load_address>
         <run_address>0x27f4</run_address>
         <size>0x136</size>
         <input_file_ref idref="fl-ce"/>
      </object_component>
      <object_component id="oc-b3">
         <name>.text:GPIOPadConfigSet</name>
         <load_address>0x292a</load_address>
         <run_address>0x292a</run_address>
         <size>0x130</size>
         <input_file_ref idref="fl-ee"/>
      </object_component>
      <object_component id="oc-457">
         <name>.text:fcvt</name>
         <load_address>0x2a5c</load_address>
         <run_address>0x2a5c</run_address>
         <size>0x124</size>
         <input_file_ref idref="fl-cb"/>
      </object_component>
      <object_component id="oc-46b">
         <name>.text:scalbn</name>
         <load_address>0x2b80</load_address>
         <run_address>0x2b80</run_address>
         <size>0x110</size>
         <input_file_ref idref="fl-e3"/>
      </object_component>
      <object_component id="oc-426">
         <name>.text</name>
         <load_address>0x2c90</load_address>
         <run_address>0x2c90</run_address>
         <size>0xfc</size>
         <input_file_ref idref="fl-cf"/>
      </object_component>
      <object_component id="oc-2a3">
         <name>.text:GrDefaultStringRenderer</name>
         <load_address>0x2d8c</load_address>
         <run_address>0x2d8c</run_address>
         <size>0xc4</size>
         <input_file_ref idref="fl-e8"/>
      </object_component>
      <object_component id="oc-391">
         <name>.text:_ltostr</name>
         <load_address>0x2e50</load_address>
         <run_address>0x2e50</run_address>
         <size>0xb1</size>
         <input_file_ref idref="fl-cb"/>
      </object_component>
      <object_component id="oc-10c">
         <name>.text:GPIOPinRead</name>
         <load_address>0x2f02</load_address>
         <run_address>0x2f02</run_address>
         <size>0x6</size>
         <input_file_ref idref="fl-ee"/>
      </object_component>
      <object_component id="oc-bf">
         <name>.text</name>
         <load_address>0x2f08</load_address>
         <run_address>0x2f08</run_address>
         <size>0xa2</size>
         <input_file_ref idref="fl-6"/>
      </object_component>
      <object_component id="oc-41">
         <name>.text</name>
         <load_address>0x2faa</load_address>
         <run_address>0x2faa</run_address>
         <size>0x9c</size>
         <input_file_ref idref="fl-c5"/>
      </object_component>
      <object_component id="oc-41f">
         <name>.text</name>
         <load_address>0x3046</load_address>
         <run_address>0x3046</run_address>
         <size>0x96</size>
         <input_file_ref idref="fl-d3"/>
      </object_component>
      <object_component id="oc-1f9">
         <name>.text:GrRectFill</name>
         <load_address>0x30dc</load_address>
         <run_address>0x30dc</run_address>
         <size>0x86</size>
         <input_file_ref idref="fl-e7"/>
      </object_component>
      <object_component id="oc-397">
         <name>.text:__aeabi_cdcmple</name>
         <load_address>0x3162</load_address>
         <run_address>0x3162</run_address>
         <size>0x86</size>
         <input_file_ref idref="fl-cd"/>
      </object_component>
      <object_component id="oc-430">
         <name>.text:__aeabi_cdrcmple</name>
         <load_address>0x31e8</load_address>
         <run_address>0x31e8</run_address>
         <size>0x86</size>
         <input_file_ref idref="fl-cd"/>
      </object_component>
      <object_component id="oc-170">
         <name>.text:floorf</name>
         <load_address>0x3270</load_address>
         <run_address>0x3270</run_address>
         <size>0x80</size>
         <input_file_ref idref="fl-ca"/>
      </object_component>
      <object_component id="oc-da">
         <name>.text:ADCSequenceStepConfigure</name>
         <load_address>0x32f0</load_address>
         <run_address>0x32f0</run_address>
         <size>0x7a</size>
         <input_file_ref idref="fl-ec"/>
      </object_component>
      <object_component id="oc-13c">
         <name>.text</name>
         <load_address>0x336a</load_address>
         <run_address>0x336a</run_address>
         <size>0x7a</size>
         <input_file_ref idref="fl-d2"/>
      </object_component>
      <object_component id="oc-450">
         <name>.text:_mcpy</name>
         <load_address>0x33e4</load_address>
         <run_address>0x33e4</run_address>
         <size>0x6e</size>
         <input_file_ref idref="fl-cb"/>
      </object_component>
      <object_component id="oc-89">
         <name>.text:roundf</name>
         <load_address>0x3452</load_address>
         <run_address>0x3452</run_address>
         <size>0x6e</size>
         <input_file_ref idref="fl-c3"/>
      </object_component>
      <object_component id="oc-1e7">
         <name>.text:GrContextInit</name>
         <load_address>0x34c0</load_address>
         <run_address>0x34c0</run_address>
         <size>0x68</size>
         <input_file_ref idref="fl-e6"/>
      </object_component>
      <object_component id="oc-a7">
         <name>.text:IntEnable</name>
         <load_address>0x3528</load_address>
         <run_address>0x3528</run_address>
         <size>0x68</size>
         <input_file_ref idref="fl-ef"/>
      </object_component>
      <object_component id="oc-15">
         <name>.text:decompress:lzss:__TI_decompress_lzss</name>
         <load_address>0x3590</load_address>
         <run_address>0x3590</run_address>
         <size>0x68</size>
         <input_file_ref idref="fl-c8"/>
      </object_component>
      <object_component id="oc-465">
         <name>.text:frexp</name>
         <load_address>0x35f8</load_address>
         <run_address>0x35f8</run_address>
         <size>0x64</size>
         <input_file_ref idref="fl-e2"/>
      </object_component>
      <object_component id="oc-80">
         <name>.text:TimerConfigure</name>
         <load_address>0x365c</load_address>
         <run_address>0x365c</run_address>
         <size>0x60</size>
         <input_file_ref idref="fl-f2"/>
      </object_component>
      <object_component id="oc-407">
         <name>.text:FontWideGlyphDataGet</name>
         <load_address>0x36bc</load_address>
         <run_address>0x36bc</run_address>
         <size>0x5a</size>
         <input_file_ref idref="fl-e8"/>
      </object_component>
      <object_component id="oc-3a2">
         <name>.text:_pconv_f</name>
         <load_address>0x3716</load_address>
         <run_address>0x3716</run_address>
         <size>0x56</size>
         <input_file_ref idref="fl-cb"/>
      </object_component>
      <object_component id="oc-43a">
         <name>.text:__TI_ltoa</name>
         <load_address>0x376c</load_address>
         <run_address>0x376c</run_address>
         <size>0x54</size>
         <input_file_ref idref="fl-d9"/>
      </object_component>
      <object_component id="oc-44a">
         <name>.text:_ecpy</name>
         <load_address>0x37c0</load_address>
         <run_address>0x37c0</run_address>
         <size>0x52</size>
         <input_file_ref idref="fl-cb"/>
      </object_component>
      <object_component id="oc-38b">
         <name>.text:atoi</name>
         <load_address>0x3814</load_address>
         <run_address>0x3814</run_address>
         <size>0x4c</size>
         <input_file_ref idref="fl-db"/>
      </object_component>
      <object_component id="oc-1ff">
         <name>.text:snprintf</name>
         <load_address>0x3860</load_address>
         <run_address>0x3860</run_address>
         <size>0x4c</size>
         <input_file_ref idref="fl-c4"/>
      </object_component>
      <object_component id="oc-2b6">
         <name>.text:UpdateContextCharMapping</name>
         <load_address>0x38ac</load_address>
         <run_address>0x38ac</run_address>
         <size>0x4a</size>
         <input_file_ref idref="fl-e8"/>
      </object_component>
      <object_component id="oc-325">
         <name>.text:GPIOPinConfigure</name>
         <load_address>0x38f8</load_address>
         <run_address>0x38f8</run_address>
         <size>0x48</size>
         <input_file_ref idref="fl-ee"/>
      </object_component>
      <object_component id="oc-278">
         <name>.text:_SysCtlFrequencyGet</name>
         <load_address>0x3940</load_address>
         <run_address>0x3940</run_address>
         <size>0x48</size>
         <input_file_ref idref="fl-f1"/>
      </object_component>
      <object_component id="oc-435">
         <name>.text</name>
         <load_address>0x3988</load_address>
         <run_address>0x3988</run_address>
         <size>0x48</size>
         <input_file_ref idref="fl-d0"/>
      </object_component>
      <object_component id="oc-218">
         <name>.text:__TI_auto_init_nobinit_nopinit:__TI_auto_init_nobinit_nopinit</name>
         <load_address>0x39d0</load_address>
         <run_address>0x39d0</run_address>
         <size>0x44</size>
         <input_file_ref idref="fl-d4"/>
      </object_component>
      <object_component id="oc-d4">
         <name>.text:ADCSequenceConfigure</name>
         <load_address>0x3a14</load_address>
         <run_address>0x3a14</run_address>
         <size>0x3e</size>
         <input_file_ref idref="fl-ec"/>
      </object_component>
      <object_component id="oc-45d">
         <name>.text:_fcpy</name>
         <load_address>0x3a52</load_address>
         <run_address>0x3a52</run_address>
         <size>0x3e</size>
         <input_file_ref idref="fl-cb"/>
      </object_component>
      <object_component id="oc-331">
         <name>.text:SSIConfigSetExpClk</name>
         <load_address>0x3a90</load_address>
         <run_address>0x3a90</run_address>
         <size>0x3c</size>
         <input_file_ref idref="fl-f0"/>
      </object_component>
      <object_component id="oc-40d">
         <name>.text:FontGlyphDataGet</name>
         <load_address>0x3acc</load_address>
         <run_address>0x3acc</run_address>
         <size>0x3a</size>
         <input_file_ref idref="fl-e8"/>
      </object_component>
      <object_component id="oc-74">
         <name>.text:SysCtlPeripheralEnable</name>
         <load_address>0x3b08</load_address>
         <run_address>0x3b08</run_address>
         <size>0x34</size>
         <input_file_ref idref="fl-f1"/>
      </object_component>
      <object_component id="oc-5f">
         <name>.text:_c_int00_noargs:_c_int00_noargs</name>
         <load_address>0x3b3c</load_address>
         <run_address>0x3b3c</run_address>
         <size>0x34</size>
         <input_file_ref idref="fl-c9"/>
      </object_component>
      <object_component id="oc-2ce">
         <name>.text:_outs</name>
         <load_address>0x3b70</load_address>
         <run_address>0x3b70</run_address>
         <size>0x30</size>
         <input_file_ref idref="fl-c4"/>
      </object_component>
      <object_component id="oc-f0">
         <name>.text:ADCIntStatus</name>
         <load_address>0x3ba0</load_address>
         <run_address>0x3ba0</run_address>
         <size>0x2e</size>
         <input_file_ref idref="fl-ec"/>
      </object_component>
      <object_component id="oc-359">
         <name>.text:GrStringNextCharGet</name>
         <load_address>0x3bce</load_address>
         <run_address>0x3bce</run_address>
         <size>0x2e</size>
         <input_file_ref idref="fl-e8"/>
      </object_component>
      <object_component id="oc-440">
         <name>.text</name>
         <load_address>0x3bfc</load_address>
         <run_address>0x3bfc</run_address>
         <size>0x2e</size>
         <input_file_ref idref="fl-d1"/>
      </object_component>
      <object_component id="oc-184">
         <name>.text:GPIODirModeSet</name>
         <load_address>0x3c2a</load_address>
         <run_address>0x3c2a</run_address>
         <size>0x2a</size>
         <input_file_ref idref="fl-ee"/>
      </object_component>
      <object_component id="oc-353">
         <name>.text:GrFontInfoGet</name>
         <load_address>0x3c54</load_address>
         <run_address>0x3c54</run_address>
         <size>0x26</size>
         <input_file_ref idref="fl-e8"/>
      </object_component>
      <object_component id="oc-a1">
         <name>.text:IntPrioritySet</name>
         <load_address>0x3c7c</load_address>
         <run_address>0x3c7c</run_address>
         <size>0x24</size>
         <input_file_ref idref="fl-ef"/>
      </object_component>
      <object_component id="oc-35f">
         <name>.text:GrFontGlyphDataGet</name>
         <load_address>0x3ca0</load_address>
         <run_address>0x3ca0</run_address>
         <size>0x22</size>
         <input_file_ref idref="fl-e8"/>
      </object_component>
      <object_component id="oc-f9">
         <name>.text:ADCSequenceDataGet</name>
         <load_address>0x3cc2</load_address>
         <run_address>0x3cc2</run_address>
         <size>0x1e</size>
         <input_file_ref idref="fl-ec"/>
      </object_component>
      <object_component id="oc-37a">
         <name>.text:GrFontCodepageGet</name>
         <load_address>0x3ce0</load_address>
         <run_address>0x3ce0</run_address>
         <size>0x1e</size>
         <input_file_ref idref="fl-e8"/>
      </object_component>
      <object_component id="oc-272">
         <name>.text:_SysCtlMemTimingGet</name>
         <load_address>0x3d00</load_address>
         <run_address>0x3d00</run_address>
         <size>0x1c</size>
         <input_file_ref idref="fl-f1"/>
      </object_component>
      <object_component id="oc-4d">
         <name>.text:decompress:ZI:__TI_zero_init_nomemset:__TI_zero_init_nomemset</name>
         <load_address>0x3d1c</load_address>
         <run_address>0x3d1c</run_address>
         <size>0x1c</size>
         <input_file_ref idref="fl-c6"/>
      </object_component>
      <object_component id="oc-3b4">
         <name>.text:memccpy</name>
         <load_address>0x3d38</load_address>
         <run_address>0x3d38</run_address>
         <size>0x1c</size>
         <input_file_ref idref="fl-dd"/>
      </object_component>
      <object_component id="oc-4c9">
         <name>.text:copysign</name>
         <load_address>0x3d54</load_address>
         <run_address>0x3d54</run_address>
         <size>0x1a</size>
         <input_file_ref idref="fl-e5"/>
      </object_component>
      <object_component id="oc-27">
         <name>.text</name>
         <load_address>0x3d70</load_address>
         <run_address>0x3d70</run_address>
         <size>0x1a</size>
         <input_file_ref idref="fl-7"/>
      </object_component>
      <object_component id="oc-c8">
         <name>.text:ADCClockConfigSet</name>
         <load_address>0x3d8a</load_address>
         <run_address>0x3d8a</run_address>
         <size>0x18</size>
         <input_file_ref idref="fl-ec"/>
      </object_component>
      <object_component id="oc-ea">
         <name>.text:ADCProcessorTrigger</name>
         <load_address>0x3da2</load_address>
         <run_address>0x3da2</run_address>
         <size>0x18</size>
         <input_file_ref idref="fl-ec"/>
      </object_component>
      <object_component id="oc-32b">
         <name>.text:GPIOPinTypeGPIOOutput</name>
         <load_address>0x3dba</load_address>
         <run_address>0x3dba</run_address>
         <size>0x18</size>
         <input_file_ref idref="fl-ee"/>
      </object_component>
      <object_component id="oc-2d4">
         <name>.text:_outc</name>
         <load_address>0x3dd2</load_address>
         <run_address>0x3dd2</run_address>
         <size>0x18</size>
         <input_file_ref idref="fl-c4"/>
      </object_component>
      <object_component id="oc-205">
         <name>.text:GrStringDraw</name>
         <load_address>0x3dea</load_address>
         <run_address>0x3dea</run_address>
         <size>0x16</size>
         <input_file_ref idref="fl-e8"/>
      </object_component>
      <object_component id="oc-471">
         <name>.text:strchr</name>
         <load_address>0x3e00</load_address>
         <run_address>0x3e00</run_address>
         <size>0x16</size>
         <input_file_ref idref="fl-de"/>
      </object_component>
      <object_component id="oc-7a">
         <name>.text:TimerDisable</name>
         <load_address>0x3e18</load_address>
         <run_address>0x3e18</run_address>
         <size>0x14</size>
         <input_file_ref idref="fl-f2"/>
      </object_component>
      <object_component id="oc-385">
         <name>.text:strlen</name>
         <load_address>0x3e2c</load_address>
         <run_address>0x3e2c</run_address>
         <size>0x14</size>
         <input_file_ref idref="fl-df"/>
      </object_component>
      <object_component id="oc-b9">
         <name>.text:GPIOPinTypeADC</name>
         <load_address>0x3e40</load_address>
         <run_address>0x3e40</run_address>
         <size>0x12</size>
         <input_file_ref idref="fl-ee"/>
      </object_component>
      <object_component id="oc-ad">
         <name>.text:GPIOPinTypeGPIOInput</name>
         <load_address>0x3e52</load_address>
         <run_address>0x3e52</run_address>
         <size>0x12</size>
         <input_file_ref idref="fl-ee"/>
      </object_component>
      <object_component id="oc-31f">
         <name>.text:GPIOPinTypeSSI</name>
         <load_address>0x3e64</load_address>
         <run_address>0x3e64</run_address>
         <size>0x12</size>
         <input_file_ref idref="fl-ee"/>
      </object_component>
      <object_component id="oc-8f">
         <name>.text:TimerLoadSet</name>
         <load_address>0x3e76</load_address>
         <run_address>0x3e76</run_address>
         <size>0x12</size>
         <input_file_ref idref="fl-f2"/>
      </object_component>
      <object_component id="oc-3ba">
         <name>.text:wcslen</name>
         <load_address>0x3e88</load_address>
         <run_address>0x3e88</run_address>
         <size>0x12</size>
         <input_file_ref idref="fl-e1"/>
      </object_component>
      <object_component id="oc-1c6">
         <name>.text:FPUEnable</name>
         <load_address>0x3e9c</load_address>
         <run_address>0x3e9c</run_address>
         <size>0x10</size>
         <input_file_ref idref="fl-ed"/>
      </object_component>
      <object_component id="oc-1cc">
         <name>.text:FPULazyStackingEnable</name>
         <load_address>0x3eac</load_address>
         <run_address>0x3eac</run_address>
         <size>0x10</size>
         <input_file_ref idref="fl-ed"/>
      </object_component>
      <object_component id="oc-1c0">
         <name>.text:IntMasterDisable</name>
         <load_address>0x3ebc</load_address>
         <run_address>0x3ebc</run_address>
         <size>0x10</size>
         <input_file_ref idref="fl-ef"/>
      </object_component>
      <object_component id="oc-1de">
         <name>.text:IntMasterEnable</name>
         <load_address>0x3ecc</load_address>
         <run_address>0x3ecc</run_address>
         <size>0x10</size>
         <input_file_ref idref="fl-ef"/>
      </object_component>
      <object_component id="oc-ce">
         <name>.text:ADCSequenceDisable</name>
         <load_address>0x3edc</load_address>
         <run_address>0x3edc</run_address>
         <size>0xe</size>
         <input_file_ref idref="fl-ec"/>
      </object_component>
      <object_component id="oc-e0">
         <name>.text:ADCSequenceEnable</name>
         <load_address>0x3eea</load_address>
         <run_address>0x3eea</run_address>
         <size>0xe</size>
         <input_file_ref idref="fl-ec"/>
      </object_component>
      <object_component id="oc-9b">
         <name>.text:TimerEnable</name>
         <load_address>0x3ef8</load_address>
         <run_address>0x3ef8</run_address>
         <size>0xe</size>
         <input_file_ref idref="fl-f2"/>
      </object_component>
      <object_component id="oc-1b">
         <name>.text:decompress:none:__TI_decompress_none</name>
         <load_address>0x3f06</load_address>
         <run_address>0x3f06</run_address>
         <size>0xe</size>
         <input_file_ref idref="fl-c7"/>
      </object_component>
      <object_component id="oc-269">
         <name>.text:CPUcpsid</name>
         <load_address>0x3f14</load_address>
         <run_address>0x3f14</run_address>
         <size>0xc</size>
         <input_file_ref idref="fl-f3"/>
      </object_component>
      <object_component id="oc-29a">
         <name>.text:CPUcpsie</name>
         <load_address>0x3f20</load_address>
         <run_address>0x3f20</run_address>
         <size>0xc</size>
         <input_file_ref idref="fl-f3"/>
      </object_component>
      <object_component id="oc-ff">
         <name>.text:ADCIntClear</name>
         <load_address>0x3f2c</load_address>
         <run_address>0x3f2c</run_address>
         <size>0xa</size>
         <input_file_ref idref="fl-ec"/>
      </object_component>
      <object_component id="oc-349">
         <name>.text:SSIDataPut</name>
         <load_address>0x3f36</load_address>
         <run_address>0x3f36</run_address>
         <size>0xa</size>
         <input_file_ref idref="fl-f0"/>
      </object_component>
      <object_component id="oc-337">
         <name>.text:SSIEnable</name>
         <load_address>0x3f40</load_address>
         <run_address>0x3f40</run_address>
         <size>0xa</size>
         <input_file_ref idref="fl-f0"/>
      </object_component>
      <object_component id="oc-36c">
         <name>.text:GrMapISO8859_1_Unicode</name>
         <load_address>0x3f4a</load_address>
         <run_address>0x3f4a</run_address>
         <size>0x8</size>
         <input_file_ref idref="fl-ea"/>
      </object_component>
      <object_component id="oc-343">
         <name>.text:SSIBusy</name>
         <load_address>0x3f52</load_address>
         <run_address>0x3f52</run_address>
         <size>0x8</size>
         <input_file_ref idref="fl-f0"/>
      </object_component>
      <object_component id="oc-95">
         <name>.text:TimerIntEnable</name>
         <load_address>0x3f5a</load_address>
         <run_address>0x3f5a</run_address>
         <size>0x8</size>
         <input_file_ref idref="fl-f2"/>
      </object_component>
      <object_component id="oc-3c0">
         <name>.text:__aeabi_errno_addr</name>
         <load_address>0x3f64</load_address>
         <run_address>0x3f64</run_address>
         <size>0x8</size>
         <input_file_ref idref="fl-e0"/>
      </object_component>
      <object_component id="oc-33d">
         <name>.text:GPIOPinWrite</name>
         <load_address>0x3f6c</load_address>
         <run_address>0x3f6c</run_address>
         <size>0x6</size>
         <input_file_ref idref="fl-ee"/>
      </object_component>
      <object_component id="oc-1f0">
         <name>.text:GrContextFontSet</name>
         <load_address>0x3f72</load_address>
         <run_address>0x3f72</run_address>
         <size>0x6</size>
         <input_file_ref idref="fl-e8"/>
      </object_component>
      <object_component id="oc-28e">
         <name>.text:SysCtlDelay</name>
         <load_address>0x3f78</load_address>
         <run_address>0x3f78</run_address>
         <size>0x6</size>
         <input_file_ref idref="fl-f1"/>
      </object_component>
      <object_component id="oc-142">
         <name>.text:_system_pre_init</name>
         <load_address>0x3f7e</load_address>
         <run_address>0x3f7e</run_address>
         <size>0x4</size>
         <input_file_ref idref="fl-d5"/>
      </object_component>
      <object_component id="oc-20c">
         <name>.text:abort:abort</name>
         <load_address>0x3f82</load_address>
         <run_address>0x3f82</run_address>
         <size>0x4</size>
         <input_file_ref idref="fl-d7"/>
      </object_component>
      <object_component id="oc-2b0">
         <name>.const:.string:g_pui8FontFixed6x8Data</name>
         <load_address>0x3f88</load_address>
         <run_address>0x3f88</run_address>
         <size>0x2f8</size>
         <input_file_ref idref="fl-e9"/>
      </object_component>
      <object_component id="oc-281">
         <name>.const:g_pppui32XTALtoVCO</name>
         <load_address>0x4280</load_address>
         <run_address>0x4280</run_address>
         <size>0x120</size>
         <input_file_ref idref="fl-f1"/>
      </object_component>
      <object_component id="oc-41a">
         <name>.const:.string:_ctypes_</name>
         <load_address>0x43a0</load_address>
         <run_address>0x43a0</run_address>
         <size>0x101</size>
         <input_file_ref idref="fl-dc"/>
      </object_component>
      <object_component id="oc-1ed">
         <name>.const:g_sFontFixed6x8</name>
         <load_address>0x44a4</load_address>
         <run_address>0x44a4</run_address>
         <size>0xc8</size>
         <input_file_ref idref="fl-e9"/>
      </object_component>
      <object_component id="oc-17b">
         <name>.const:g_pui32Regs</name>
         <load_address>0x456c</load_address>
         <run_address>0x456c</run_address>
         <size>0x9c</size>
         <input_file_ref idref="fl-ef"/>
      </object_component>
      <object_component id="oc-3fa">
         <name>.const:g_pui32GPIOBaseAddrs</name>
         <load_address>0x4608</load_address>
         <run_address>0x4608</run_address>
         <size>0x90</size>
         <input_file_ref idref="fl-ee"/>
      </object_component>
      <object_component id="oc-180">
         <name>.const</name>
         <load_address>0x4698</load_address>
         <run_address>0x4698</run_address>
         <size>0x70</size>
         <input_file_ref idref="fl-ef"/>
      </object_component>
      <object_component id="oc-27e">
         <name>.const:g_pui32Xtals</name>
         <load_address>0x4708</load_address>
         <run_address>0x4708</run_address>
         <size>0x6c</size>
         <input_file_ref idref="fl-f1"/>
      </object_component>
      <object_component id="oc-314">
         <name>.const:g_sXTALtoMEMTIM</name>
         <load_address>0x4774</load_address>
         <run_address>0x4774</run_address>
         <size>0x30</size>
         <input_file_ref idref="fl-f1"/>
      </object_component>
      <object_component id="oc-1e4">
         <name>.const:g_sCrystalfontz128x128</name>
         <load_address>0x47a4</load_address>
         <run_address>0x47a4</run_address>
         <size>0x28</size>
         <input_file_ref idref="fl-2"/>
      </object_component>
      <object_component id="oc-2a9">
         <name>.const</name>
         <load_address>0x47cc</load_address>
         <run_address>0x47cc</run_address>
         <size>0x10</size>
         <input_file_ref idref="fl-e6"/>
      </object_component>
      <object_component id="oc-1f6">
         <name>.const:$P$T0$1</name>
         <load_address>0x47dc</load_address>
         <run_address>0x47dc</run_address>
         <size>0x8</size>
         <input_file_ref idref="fl-5"/>
      </object_component>
      <object_component id="oc-284">
         <name>.const</name>
         <load_address>0x47e4</load_address>
         <run_address>0x47e4</run_address>
         <size>0x8</size>
         <input_file_ref idref="fl-f1"/>
      </object_component>
      <object_component id="oc-521">
         <name>.cinit..data.load</name>
         <load_address>0x47f0</load_address>
         <run_address>0x47f0</run_address>
         <size>0x14</size>
      </object_component>
      <object_component id="oc-51f">
         <name>__TI_handler_table</name>
         <load_address>0x4804</load_address>
         <run_address>0x4804</run_address>
         <size>0xc</size>
      </object_component>
      <object_component id="oc-522">
         <name>.cinit..bss.load</name>
         <load_address>0x4810</load_address>
         <run_address>0x4810</run_address>
         <size>0x8</size>
      </object_component>
      <object_component id="oc-520">
         <name>__TI_cinit_table</name>
         <load_address>0x4818</load_address>
         <run_address>0x4818</run_address>
         <size>0x10</size>
      </object_component>
      <object_component id="oc-296">
         <name>.data:Lcd_buffer</name>
         <load_address>0x20000000</load_address>
         <run_address>0x20000000</run_address>
         <size>0x8000</size>
         <input_file_ref idref="fl-2"/>
      </object_component>
      <object_component id="oc-e7">
         <name>.data</name>
         <load_address>0x2000802c</load_address>
         <run_address>0x2000802c</run_address>
         <size>0x6</size>
         <input_file_ref idref="fl-4"/>
      </object_component>
      <object_component id="oc-f6">
         <name>.data:gJoystick</name>
         <load_address>0x20008024</load_address>
         <run_address>0x20008024</run_address>
         <size>0x8</size>
         <input_file_ref idref="fl-4"/>
      </object_component>
      <object_component id="oc-105">
         <name>.data:count$2</name>
         <load_address>0x20008000</load_address>
         <run_address>0x20008000</run_address>
         <size>0x24</size>
         <input_file_ref idref="fl-4"/>
      </object_component>
      <object_component id="oc-112">
         <name>.data</name>
         <load_address>0x20008034</load_address>
         <run_address>0x20008034</run_address>
         <size>0x4</size>
         <input_file_ref idref="fl-5"/>
      </object_component>
      <object_component id="oc-481">
         <name>.data</name>
         <load_address>0x20008038</load_address>
         <run_address>0x20008038</run_address>
         <size>0x4</size>
         <input_file_ref idref="fl-e0"/>
      </object_component>
      <object_component id="oc-e6">
         <name>.bss:state$1</name>
         <uninitialized>true</uninitialized>
         <run_address>0x20008840</run_address>
         <size>0x14</size>
         <input_file_ref idref="fl-4"/>
      </object_component>
      <object_component id="oc-295">
         <name>.common:Lcd_Orientation</name>
         <uninitialized>true</uninitialized>
         <run_address>0x20008868</run_address>
         <size>0x1</size>
      </object_component>
      <object_component id="oc-28f">
         <name>.common:Lcd_ScreenWidth</name>
         <uninitialized>true</uninitialized>
         <run_address>0x20008862</run_address>
         <size>0x2</size>
      </object_component>
      <object_component id="oc-290">
         <name>.common:Lcd_ScreenHeigth</name>
         <uninitialized>true</uninitialized>
         <run_address>0x20008860</run_address>
         <size>0x2</size>
      </object_component>
      <object_component id="oc-291">
         <name>.common:Lcd_PenSolid</name>
         <uninitialized>true</uninitialized>
         <run_address>0x20008869</run_address>
         <size>0x1</size>
      </object_component>
      <object_component id="oc-292">
         <name>.common:Lcd_FontSolid</name>
         <uninitialized>true</uninitialized>
         <run_address>0x20008867</run_address>
         <size>0x1</size>
      </object_component>
      <object_component id="oc-293">
         <name>.common:Lcd_FlagRead</name>
         <uninitialized>true</uninitialized>
         <run_address>0x20008866</run_address>
         <size>0x1</size>
      </object_component>
      <object_component id="oc-294">
         <name>.common:Lcd_TouchTrim</name>
         <uninitialized>true</uninitialized>
         <run_address>0x20008864</run_address>
         <size>0x2</size>
      </object_component>
      <object_component id="oc-c5">
         <name>.common:gADCSamplingRate</name>
         <uninitialized>true</uninitialized>
         <run_address>0x20008854</run_address>
         <size>0x4</size>
      </object_component>
      <object_component id="oc-86">
         <name>.common:gSystemClock</name>
         <uninitialized>true</uninitialized>
         <run_address>0x20008858</run_address>
         <size>0x4</size>
      </object_component>
      <object_component id="oc-2ac">
         <name>.common:g_psGrLibDefaults</name>
         <uninitialized>true</uninitialized>
         <run_address>0x2000885c</run_address>
         <size>0x4</size>
      </object_component>
      <object_component id="oc-24">
         <name>.stack</name>
         <uninitialized>true</uninitialized>
         <run_address>0x20008040</run_address>
         <size>0x4</size>
         <input_file_ref idref="fl-c9"/>
      </object_component>
      <object_component id="oc-524">
         <name>.stack</name>
         <uninitialized>true</uninitialized>
         <run_address>0x20008040</run_address>
         <size>0x0</size>
      </object_component>
      <object_component id="oc-1ae">
         <name>.debug_info</name>
         <load_address>0x0</load_address>
         <run_address>0x0</run_address>
         <size>0x6f4</size>
         <input_file_ref idref="fl-2"/>
      </object_component>
      <object_component id="oc-297">
         <name>.debug_info</name>
         <load_address>0x6f4</load_address>
         <run_address>0x6f4</run_address>
         <size>0x10e</size>
         <input_file_ref idref="fl-2"/>
      </object_component>
      <object_component id="oc-1e5">
         <name>.debug_info</name>
         <load_address>0x802</load_address>
         <run_address>0x802</run_address>
         <size>0x127</size>
         <input_file_ref idref="fl-2"/>
      </object_component>
      <object_component id="oc-1dc">
         <name>.debug_info</name>
         <load_address>0x929</load_address>
         <run_address>0x929</run_address>
         <size>0x11fc</size>
         <input_file_ref idref="fl-2"/>
      </object_component>
      <object_component id="oc-166">
         <name>.debug_info</name>
         <load_address>0x1b25</load_address>
         <run_address>0x1b25</run_address>
         <size>0x6bd</size>
         <input_file_ref idref="fl-2"/>
      </object_component>
      <object_component id="oc-122">
         <name>.debug_info</name>
         <load_address>0x21e2</load_address>
         <run_address>0x21e2</run_address>
         <size>0x26b</size>
         <input_file_ref idref="fl-2"/>
      </object_component>
      <object_component id="oc-11b">
         <name>.debug_info</name>
         <load_address>0x244d</load_address>
         <run_address>0x244d</run_address>
         <size>0x8b</size>
         <input_file_ref idref="fl-2"/>
      </object_component>
      <object_component id="oc-1a9">
         <name>.debug_info</name>
         <load_address>0x24d8</load_address>
         <run_address>0x24d8</run_address>
         <size>0x2a4</size>
         <input_file_ref idref="fl-2"/>
      </object_component>
      <object_component id="oc-18f">
         <name>.debug_info</name>
         <load_address>0x277c</load_address>
         <run_address>0x277c</run_address>
         <size>0xef</size>
         <input_file_ref idref="fl-2"/>
      </object_component>
      <object_component id="oc-116">
         <name>.debug_info</name>
         <load_address>0x286b</load_address>
         <run_address>0x286b</run_address>
         <size>0xbb</size>
         <input_file_ref idref="fl-2"/>
      </object_component>
      <object_component id="oc-28a">
         <name>.debug_info</name>
         <load_address>0x2926</load_address>
         <run_address>0x2926</run_address>
         <size>0x65c</size>
         <input_file_ref idref="fl-3"/>
      </object_component>
      <object_component id="oc-c6">
         <name>.debug_info</name>
         <load_address>0x2f82</load_address>
         <run_address>0x2f82</run_address>
         <size>0x85d</size>
         <input_file_ref idref="fl-4"/>
      </object_component>
      <object_component id="oc-e8">
         <name>.debug_info</name>
         <load_address>0x37df</load_address>
         <run_address>0x37df</run_address>
         <size>0xf7</size>
         <input_file_ref idref="fl-4"/>
      </object_component>
      <object_component id="oc-f7">
         <name>.debug_info</name>
         <load_address>0x38d6</load_address>
         <run_address>0x38d6</run_address>
         <size>0xf9</size>
         <input_file_ref idref="fl-4"/>
      </object_component>
      <object_component id="oc-2f">
         <name>.debug_info</name>
         <load_address>0x39cf</load_address>
         <run_address>0x39cf</run_address>
         <size>0x839</size>
         <input_file_ref idref="fl-4"/>
      </object_component>
      <object_component id="oc-87">
         <name>.debug_info</name>
         <load_address>0x4208</load_address>
         <run_address>0x4208</run_address>
         <size>0x7ff</size>
         <input_file_ref idref="fl-5"/>
      </object_component>
      <object_component id="oc-113">
         <name>.debug_info</name>
         <load_address>0x4a07</load_address>
         <run_address>0x4a07</run_address>
         <size>0xee</size>
         <input_file_ref idref="fl-5"/>
      </object_component>
      <object_component id="oc-1f7">
         <name>.debug_info</name>
         <load_address>0x4af5</load_address>
         <run_address>0x4af5</run_address>
         <size>0xf1</size>
         <input_file_ref idref="fl-5"/>
      </object_component>
      <object_component id="oc-14a">
         <name>.debug_info</name>
         <load_address>0x4be6</load_address>
         <run_address>0x4be6</run_address>
         <size>0x490</size>
         <input_file_ref idref="fl-5"/>
      </object_component>
      <object_component id="oc-16b">
         <name>.debug_info</name>
         <load_address>0x5076</load_address>
         <run_address>0x5076</run_address>
         <size>0xcc</size>
         <input_file_ref idref="fl-5"/>
      </object_component>
      <object_component id="oc-2e6">
         <name>.debug_info</name>
         <load_address>0x5142</load_address>
         <run_address>0x5142</run_address>
         <size>0x2c</size>
         <input_file_ref idref="fl-5"/>
      </object_component>
      <object_component id="oc-c1">
         <name>.debug_info</name>
         <load_address>0x516e</load_address>
         <run_address>0x516e</run_address>
         <size>0x221</size>
         <input_file_ref idref="fl-6"/>
      </object_component>
      <object_component id="oc-3c">
         <name>.debug_info</name>
         <load_address>0x538f</load_address>
         <run_address>0x538f</run_address>
         <size>0x84</size>
         <input_file_ref idref="fl-6"/>
      </object_component>
      <object_component id="oc-35">
         <name>.debug_info</name>
         <load_address>0x5413</load_address>
         <run_address>0x5413</run_address>
         <size>0x2ec</size>
         <input_file_ref idref="fl-7"/>
      </object_component>
      <object_component id="oc-13">
         <name>.debug_info</name>
         <load_address>0x56ff</load_address>
         <run_address>0x56ff</run_address>
         <size>0x111</size>
         <input_file_ref idref="fl-7"/>
      </object_component>
      <object_component id="oc-2b">
         <name>.debug_info</name>
         <load_address>0x5810</load_address>
         <run_address>0x5810</run_address>
         <size>0x290</size>
         <input_file_ref idref="fl-7"/>
      </object_component>
      <object_component id="oc-177">
         <name>.debug_info</name>
         <load_address>0x5aa0</load_address>
         <run_address>0x5aa0</run_address>
         <size>0x2a9</size>
         <input_file_ref idref="fl-c3"/>
      </object_component>
      <object_component id="oc-8d">
         <name>.debug_info</name>
         <load_address>0x5d49</load_address>
         <run_address>0x5d49</run_address>
         <size>0x189</size>
         <input_file_ref idref="fl-c3"/>
      </object_component>
      <object_component id="oc-2db">
         <name>.debug_info</name>
         <load_address>0x5ed2</load_address>
         <run_address>0x5ed2</run_address>
         <size>0x33a</size>
         <input_file_ref idref="fl-c4"/>
      </object_component>
      <object_component id="oc-201">
         <name>.debug_info</name>
         <load_address>0x620c</load_address>
         <run_address>0x620c</run_address>
         <size>0x1ee</size>
         <input_file_ref idref="fl-c4"/>
      </object_component>
      <object_component id="oc-2d2">
         <name>.debug_info</name>
         <load_address>0x63fa</load_address>
         <run_address>0x63fa</run_address>
         <size>0x1c3</size>
         <input_file_ref idref="fl-c4"/>
      </object_component>
      <object_component id="oc-2d6">
         <name>.debug_info</name>
         <load_address>0x65bd</load_address>
         <run_address>0x65bd</run_address>
         <size>0x176</size>
         <input_file_ref idref="fl-c4"/>
      </object_component>
      <object_component id="oc-2dc">
         <name>.debug_info</name>
         <load_address>0x6733</load_address>
         <run_address>0x6733</run_address>
         <size>0x2c</size>
         <input_file_ref idref="fl-c4"/>
      </object_component>
      <object_component id="oc-2e1">
         <name>.debug_info</name>
         <load_address>0x675f</load_address>
         <run_address>0x675f</run_address>
         <size>0x69</size>
         <input_file_ref idref="fl-c4"/>
      </object_component>
      <object_component id="oc-42">
         <name>.debug_info</name>
         <load_address>0x67c8</load_address>
         <run_address>0x67c8</run_address>
         <size>0x119</size>
         <input_file_ref idref="fl-c5"/>
      </object_component>
      <object_component id="oc-13b">
         <name>.debug_info</name>
         <load_address>0x68e1</load_address>
         <run_address>0x68e1</run_address>
         <size>0x2d4</size>
         <input_file_ref idref="fl-c6"/>
      </object_component>
      <object_component id="oc-4f">
         <name>.debug_info</name>
         <load_address>0x6bb5</load_address>
         <run_address>0x6bb5</run_address>
         <size>0x1d2</size>
         <input_file_ref idref="fl-c6"/>
      </object_component>
      <object_component id="oc-136">
         <name>.debug_info</name>
         <load_address>0x6d87</load_address>
         <run_address>0x6d87</run_address>
         <size>0x46</size>
         <input_file_ref idref="fl-c6"/>
      </object_component>
      <object_component id="oc-1b7">
         <name>.debug_info</name>
         <load_address>0x6dcd</load_address>
         <run_address>0x6dcd</run_address>
         <size>0x2c</size>
         <input_file_ref idref="fl-c6"/>
      </object_component>
      <object_component id="oc-4c">
         <name>.debug_info</name>
         <load_address>0x6df9</load_address>
         <run_address>0x6df9</run_address>
         <size>0x2a8</size>
         <input_file_ref idref="fl-c7"/>
      </object_component>
      <object_component id="oc-1c">
         <name>.debug_info</name>
         <load_address>0x70a1</load_address>
         <run_address>0x70a1</run_address>
         <size>0x1ea</size>
         <input_file_ref idref="fl-c7"/>
      </object_component>
      <object_component id="oc-47">
         <name>.debug_info</name>
         <load_address>0x728b</load_address>
         <run_address>0x728b</run_address>
         <size>0x46</size>
         <input_file_ref idref="fl-c7"/>
      </object_component>
      <object_component id="oc-12e">
         <name>.debug_info</name>
         <load_address>0x72d1</load_address>
         <run_address>0x72d1</run_address>
         <size>0x2c</size>
         <input_file_ref idref="fl-c7"/>
      </object_component>
      <object_component id="oc-12c">
         <name>.debug_info</name>
         <load_address>0x72fd</load_address>
         <run_address>0x72fd</run_address>
         <size>0x29e</size>
         <input_file_ref idref="fl-c8"/>
      </object_component>
      <object_component id="oc-18">
         <name>.debug_info</name>
         <load_address>0x759b</load_address>
         <run_address>0x759b</run_address>
         <size>0x250</size>
         <input_file_ref idref="fl-c8"/>
      </object_component>
      <object_component id="oc-37">
         <name>.debug_info</name>
         <load_address>0x77eb</load_address>
         <run_address>0x77eb</run_address>
         <size>0x60</size>
         <input_file_ref idref="fl-c8"/>
      </object_component>
      <object_component id="oc-1b0">
         <name>.debug_info</name>
         <load_address>0x784b</load_address>
         <run_address>0x784b</run_address>
         <size>0x46</size>
         <input_file_ref idref="fl-c8"/>
      </object_component>
      <object_component id="oc-127">
         <name>.debug_info</name>
         <load_address>0x7891</load_address>
         <run_address>0x7891</run_address>
         <size>0x39</size>
         <input_file_ref idref="fl-c8"/>
      </object_component>
      <object_component id="oc-25">
         <name>.debug_info</name>
         <load_address>0x78ca</load_address>
         <run_address>0x78ca</run_address>
         <size>0x10b</size>
         <input_file_ref idref="fl-c9"/>
      </object_component>
      <object_component id="oc-60">
         <name>.debug_info</name>
         <load_address>0x79d5</load_address>
         <run_address>0x79d5</run_address>
         <size>0x1a9</size>
         <input_file_ref idref="fl-c9"/>
      </object_component>
      <object_component id="oc-254">
         <name>.debug_info</name>
         <load_address>0x7b7e</load_address>
         <run_address>0x7b7e</run_address>
         <size>0x286</size>
         <input_file_ref idref="fl-ca"/>
      </object_component>
      <object_component id="oc-171">
         <name>.debug_info</name>
         <load_address>0x7e04</load_address>
         <run_address>0x7e04</run_address>
         <size>0x182</size>
         <input_file_ref idref="fl-ca"/>
      </object_component>
      <object_component id="oc-30e">
         <name>.debug_info</name>
         <load_address>0x7f86</load_address>
         <run_address>0x7f86</run_address>
         <size>0x46</size>
         <input_file_ref idref="fl-ca"/>
      </object_component>
      <object_component id="oc-255">
         <name>.debug_info</name>
         <load_address>0x7fcc</load_address>
         <run_address>0x7fcc</run_address>
         <size>0x39</size>
         <input_file_ref idref="fl-ca"/>
      </object_component>
      <object_component id="oc-3c7">
         <name>.debug_info</name>
         <load_address>0x8005</load_address>
         <run_address>0x8005</run_address>
         <size>0x590</size>
         <input_file_ref idref="fl-cb"/>
      </object_component>
      <object_component id="oc-394">
         <name>.debug_info</name>
         <load_address>0x8595</load_address>
         <run_address>0x8595</run_address>
         <size>0x21e</size>
         <input_file_ref idref="fl-cb"/>
      </object_component>
      <object_component id="oc-44d">
         <name>.debug_info</name>
         <load_address>0x87b3</load_address>
         <run_address>0x87b3</run_address>
         <size>0x1b3</size>
         <input_file_ref idref="fl-cb"/>
      </object_component>
      <object_component id="oc-454">
         <name>.debug_info</name>
         <load_address>0x8966</load_address>
         <run_address>0x8966</run_address>
         <size>0x21b</size>
         <input_file_ref idref="fl-cb"/>
      </object_component>
      <object_component id="oc-3a0">
         <name>.debug_info</name>
         <load_address>0x8b81</load_address>
         <run_address>0x8b81</run_address>
         <size>0x3c0</size>
         <input_file_ref idref="fl-cb"/>
      </object_component>
      <object_component id="oc-45b">
         <name>.debug_info</name>
         <load_address>0x8f41</load_address>
         <run_address>0x8f41</run_address>
         <size>0x30a</size>
         <input_file_ref idref="fl-cb"/>
      </object_component>
      <object_component id="oc-460">
         <name>.debug_info</name>
         <load_address>0x924b</load_address>
         <run_address>0x924b</run_address>
         <size>0x215</size>
         <input_file_ref idref="fl-cb"/>
      </object_component>
      <object_component id="oc-3a6">
         <name>.debug_info</name>
         <load_address>0x9460</load_address>
         <run_address>0x9460</run_address>
         <size>0x215</size>
         <input_file_ref idref="fl-cb"/>
      </object_component>
      <object_component id="oc-3ab">
         <name>.debug_info</name>
         <load_address>0x9675</load_address>
         <run_address>0x9675</run_address>
         <size>0x304</size>
         <input_file_ref idref="fl-cb"/>
      </object_component>
      <object_component id="oc-3b1">
         <name>.debug_info</name>
         <load_address>0x9979</load_address>
         <run_address>0x9979</run_address>
         <size>0x4b5</size>
         <input_file_ref idref="fl-cb"/>
      </object_component>
      <object_component id="oc-2cc">
         <name>.debug_info</name>
         <load_address>0x9e2e</load_address>
         <run_address>0x9e2e</run_address>
         <size>0x5f4</size>
         <input_file_ref idref="fl-cb"/>
      </object_component>
      <object_component id="oc-3c8">
         <name>.debug_info</name>
         <load_address>0xa422</load_address>
         <run_address>0xa422</run_address>
         <size>0x86</size>
         <input_file_ref idref="fl-cb"/>
      </object_component>
      <object_component id="oc-488">
         <name>.debug_info</name>
         <load_address>0xa4a8</load_address>
         <run_address>0xa4a8</run_address>
         <size>0x39</size>
         <input_file_ref idref="fl-cb"/>
      </object_component>
      <object_component id="oc-4e0">
         <name>.debug_info</name>
         <load_address>0xa4e1</load_address>
         <run_address>0xa4e1</run_address>
         <size>0xb6</size>
         <input_file_ref idref="fl-cb"/>
      </object_component>
      <object_component id="oc-48d">
         <name>.debug_info</name>
         <load_address>0xa597</load_address>
         <run_address>0xa597</run_address>
         <size>0x46</size>
         <input_file_ref idref="fl-cb"/>
      </object_component>
      <object_component id="oc-3cd">
         <name>.debug_info</name>
         <load_address>0xa5dd</load_address>
         <run_address>0xa5dd</run_address>
         <size>0x46</size>
         <input_file_ref idref="fl-cb"/>
      </object_component>
      <object_component id="oc-447">
         <name>.debug_info</name>
         <load_address>0xa623</load_address>
         <run_address>0xa623</run_address>
         <size>0x14c</size>
         <input_file_ref idref="fl-cc"/>
      </object_component>
      <object_component id="oc-398">
         <name>.debug_info</name>
         <load_address>0xa76f</load_address>
         <run_address>0xa76f</run_address>
         <size>0x128</size>
         <input_file_ref idref="fl-cd"/>
      </object_component>
      <object_component id="oc-431">
         <name>.debug_info</name>
         <load_address>0xa897</load_address>
         <run_address>0xa897</run_address>
         <size>0x12a</size>
         <input_file_ref idref="fl-cd"/>
      </object_component>
      <object_component id="oc-42e">
         <name>.debug_info</name>
         <load_address>0xa9c1</load_address>
         <run_address>0xa9c1</run_address>
         <size>0x13a</size>
         <input_file_ref idref="fl-ce"/>
      </object_component>
      <object_component id="oc-427">
         <name>.debug_info</name>
         <load_address>0xaafb</load_address>
         <run_address>0xaafb</run_address>
         <size>0x13a</size>
         <input_file_ref idref="fl-cf"/>
      </object_component>
      <object_component id="oc-438">
         <name>.debug_info</name>
         <load_address>0xac35</load_address>
         <run_address>0xac35</run_address>
         <size>0x12e</size>
         <input_file_ref idref="fl-d0"/>
      </object_component>
      <object_component id="oc-441">
         <name>.debug_info</name>
         <load_address>0xad63</load_address>
         <run_address>0xad63</run_address>
         <size>0x12c</size>
         <input_file_ref idref="fl-d1"/>
      </object_component>
      <object_component id="oc-13e">
         <name>.debug_info</name>
         <load_address>0xae8f</load_address>
         <run_address>0xae8f</run_address>
         <size>0x147</size>
         <input_file_ref idref="fl-d2"/>
      </object_component>
      <object_component id="oc-420">
         <name>.debug_info</name>
         <load_address>0xafd6</load_address>
         <run_address>0xafd6</run_address>
         <size>0x134</size>
         <input_file_ref idref="fl-d3"/>
      </object_component>
      <object_component id="oc-2f7">
         <name>.debug_info</name>
         <load_address>0xb10a</load_address>
         <run_address>0xb10a</run_address>
         <size>0x4b3</size>
         <input_file_ref idref="fl-d4"/>
      </object_component>
      <object_component id="oc-21c">
         <name>.debug_info</name>
         <load_address>0xb5bd</load_address>
         <run_address>0xb5bd</run_address>
         <size>0x1a6</size>
         <input_file_ref idref="fl-d4"/>
      </object_component>
      <object_component id="oc-3e6">
         <name>.debug_info</name>
         <load_address>0xb763</load_address>
         <run_address>0xb763</run_address>
         <size>0x39</size>
         <input_file_ref idref="fl-d4"/>
      </object_component>
      <object_component id="oc-495">
         <name>.debug_info</name>
         <load_address>0xb79c</load_address>
         <run_address>0xb79c</run_address>
         <size>0x39</size>
         <input_file_ref idref="fl-d4"/>
      </object_component>
      <object_component id="oc-3eb">
         <name>.debug_info</name>
         <load_address>0xb7d5</load_address>
         <run_address>0xb7d5</run_address>
         <size>0x39</size>
         <input_file_ref idref="fl-d4"/>
      </object_component>
      <object_component id="oc-3f0">
         <name>.debug_info</name>
         <load_address>0xb80e</load_address>
         <run_address>0xb80e</run_address>
         <size>0xcd</size>
         <input_file_ref idref="fl-d4"/>
      </object_component>
      <object_component id="oc-143">
         <name>.debug_info</name>
         <load_address>0xb8db</load_address>
         <run_address>0xb8db</run_address>
         <size>0x153</size>
         <input_file_ref idref="fl-d5"/>
      </object_component>
      <object_component id="oc-20d">
         <name>.debug_info</name>
         <load_address>0xba2e</load_address>
         <run_address>0xba2e</run_address>
         <size>0x122</size>
         <input_file_ref idref="fl-d7"/>
      </object_component>
      <object_component id="oc-4bb">
         <name>.debug_info</name>
         <load_address>0xbb50</load_address>
         <run_address>0xbb50</run_address>
         <size>0x29c</size>
         <input_file_ref idref="fl-d9"/>
      </object_component>
      <object_component id="oc-43b">
         <name>.debug_info</name>
         <load_address>0xbdec</load_address>
         <run_address>0xbdec</run_address>
         <size>0x1da</size>
         <input_file_ref idref="fl-d9"/>
      </object_component>
      <object_component id="oc-41e">
         <name>.debug_info</name>
         <load_address>0xbfc6</load_address>
         <run_address>0xbfc6</run_address>
         <size>0x2b9</size>
         <input_file_ref idref="fl-db"/>
      </object_component>
      <object_component id="oc-38c">
         <name>.debug_info</name>
         <load_address>0xc27f</load_address>
         <run_address>0xc27f</run_address>
         <size>0x17c</size>
         <input_file_ref idref="fl-db"/>
      </object_component>
      <object_component id="oc-4ad">
         <name>.debug_info</name>
         <load_address>0xc3fb</load_address>
         <run_address>0xc3fb</run_address>
         <size>0xf9</size>
         <input_file_ref idref="fl-dc"/>
      </object_component>
      <object_component id="oc-41b">
         <name>.debug_info</name>
         <load_address>0xc4f4</load_address>
         <run_address>0xc4f4</run_address>
         <size>0x105</size>
         <input_file_ref idref="fl-dc"/>
      </object_component>
      <object_component id="oc-479">
         <name>.debug_info</name>
         <load_address>0xc5f9</load_address>
         <run_address>0xc5f9</run_address>
         <size>0x2a7</size>
         <input_file_ref idref="fl-dd"/>
      </object_component>
      <object_component id="oc-3b6">
         <name>.debug_info</name>
         <load_address>0xc8a0</load_address>
         <run_address>0xc8a0</run_address>
         <size>0x1b8</size>
         <input_file_ref idref="fl-dd"/>
      </object_component>
      <object_component id="oc-4d2">
         <name>.debug_info</name>
         <load_address>0xca58</load_address>
         <run_address>0xca58</run_address>
         <size>0x29a</size>
         <input_file_ref idref="fl-de"/>
      </object_component>
      <object_component id="oc-472">
         <name>.debug_info</name>
         <load_address>0xccf2</load_address>
         <run_address>0xccf2</run_address>
         <size>0x262</size>
         <input_file_ref idref="fl-de"/>
      </object_component>
      <object_component id="oc-419">
         <name>.debug_info</name>
         <load_address>0xcf54</load_address>
         <run_address>0xcf54</run_address>
         <size>0x28f</size>
         <input_file_ref idref="fl-df"/>
      </object_component>
      <object_component id="oc-388">
         <name>.debug_info</name>
         <load_address>0xd1e3</load_address>
         <run_address>0xd1e3</run_address>
         <size>0x245</size>
         <input_file_ref idref="fl-df"/>
      </object_component>
      <object_component id="oc-485">
         <name>.debug_info</name>
         <load_address>0xd428</load_address>
         <run_address>0xd428</run_address>
         <size>0x289</size>
         <input_file_ref idref="fl-e0"/>
      </object_component>
      <object_component id="oc-482">
         <name>.debug_info</name>
         <load_address>0xd6b1</load_address>
         <run_address>0xd6b1</run_address>
         <size>0x10e</size>
         <input_file_ref idref="fl-e0"/>
      </object_component>
      <object_component id="oc-3c1">
         <name>.debug_info</name>
         <load_address>0xd7bf</load_address>
         <run_address>0xd7bf</run_address>
         <size>0x14e</size>
         <input_file_ref idref="fl-e0"/>
      </object_component>
      <object_component id="oc-480">
         <name>.debug_info</name>
         <load_address>0xd90d</load_address>
         <run_address>0xd90d</run_address>
         <size>0x28f</size>
         <input_file_ref idref="fl-e1"/>
      </object_component>
      <object_component id="oc-3bc">
         <name>.debug_info</name>
         <load_address>0xdb9c</load_address>
         <run_address>0xdb9c</run_address>
         <size>0x15a</size>
         <input_file_ref idref="fl-e1"/>
      </object_component>
      <object_component id="oc-4d5">
         <name>.debug_info</name>
         <load_address>0xdcf6</load_address>
         <run_address>0xdcf6</run_address>
         <size>0x46</size>
         <input_file_ref idref="fl-e1"/>
      </object_component>
      <object_component id="oc-47b">
         <name>.debug_info</name>
         <load_address>0xdd3c</load_address>
         <run_address>0xdd3c</run_address>
         <size>0x39</size>
         <input_file_ref idref="fl-e1"/>
      </object_component>
      <object_component id="oc-4c3">
         <name>.debug_info</name>
         <load_address>0xdd75</load_address>
         <run_address>0xdd75</run_address>
         <size>0x295</size>
         <input_file_ref idref="fl-e2"/>
      </object_component>
      <object_component id="oc-466">
         <name>.debug_info</name>
         <load_address>0xe00a</load_address>
         <run_address>0xe00a</run_address>
         <size>0x195</size>
         <input_file_ref idref="fl-e2"/>
      </object_component>
      <object_component id="oc-4ec">
         <name>.debug_info</name>
         <load_address>0xe19f</load_address>
         <run_address>0xe19f</run_address>
         <size>0x39</size>
         <input_file_ref idref="fl-e2"/>
      </object_component>
      <object_component id="oc-4c4">
[...]
         <name>HAL_LCD_writeCommand</name>
         <value>0x22e1</value>
         <object_component_ref idref="oc-288"/>
      </symbol>
      <symbol id="sm-ff">
         <name>gADCSamplingRate</name>
         <value>0x20008854</value>
      </symbol>
      <symbol id="sm-100">
         <name>ButtonDebounce</name>
         <value>0x1511</value>
         <object_component_ref idref="oc-2d"/>
      </symbol>
      <symbol id="sm-101">
         <name>ButtonReadJoystick</name>
         <value>0x15d1</value>
         <object_component_ref idref="oc-2d"/>
      </symbol>
      <symbol id="sm-102">
         <name>ButtonAutoRepeat</name>
         <value>0x1741</value>
         <object_component_ref idref="oc-2d"/>
      </symbol>
      <symbol id="sm-103">
         <name>gButtons</name>
         <value>0x2000802c</value>
         <object_component_ref idref="oc-e7"/>
      </symbol>
      <symbol id="sm-104">
         <name>ButtonISR</name>
         <value>0x17e1</value>
         <object_component_ref idref="oc-2d"/>
      </symbol>
      <symbol id="sm-105">
         <name>ButtonInit</name>
         <value>0x12e9</value>
         <object_component_ref idref="oc-2d"/>
      </symbol>
      <symbol id="sm-106">
         <name>gJoystick</name>
         <value>0x20008024</value>
         <object_component_ref idref="oc-f6"/>
      </symbol>
      <symbol id="sm-12f">
         <name>gSystemClock</name>
         <value>0x20008858</value>
      </symbol>
      <symbol id="sm-130">
         <name>new_time</name>
         <value>0x2531</value>
         <object_component_ref idref="oc-148"/>
      </symbol>
      <symbol id="sm-131">
         <name>gTime</name>
         <value>0x20008034</value>
         <object_component_ref idref="oc-112"/>
      </symbol>
      <symbol id="sm-132">
         <name>main</name>
         <value>0x2579</value>
         <object_component_ref idref="oc-148"/>
      </symbol>
      <symbol id="sm-141">
         <name>SysCtlFrequencyGet</name>
         <value>0x2f09</value>
         <object_component_ref idref="oc-bf"/>
      </symbol>
      <symbol id="sm-15d">
         <name>ResetISR</name>
         <value>0x3d71</value>
         <object_component_ref idref="oc-27"/>
      </symbol>
      <symbol id="sm-15e">
         <name>g_pfnVectors</name>
         <value>0x0</value>
         <object_component_ref idref="oc-12"/>
      </symbol>
      <symbol id="sm-16d">
         <name>roundf</name>
         <value>0x3453</value>
         <object_component_ref idref="oc-89"/>
      </symbol>
      <symbol id="sm-19c">
         <name>snprintf</name>
         <value>0x3861</value>
         <object_component_ref idref="oc-1ff"/>
      </symbol>
      <symbol id="sm-1b7">
         <name>memcpy</name>
         <value>0x2fab</value>
         <object_component_ref idref="oc-41"/>
      </symbol>
      <symbol id="sm-1b8">
         <name>__aeabi_memcpy</name>
         <value>0x2fab</value>
         <object_component_ref idref="oc-41"/>
      </symbol>
      <symbol id="sm-1b9">
         <name>__aeabi_memcpy8</name>
         <value>0x2fab</value>
         <object_component_ref idref="oc-41"/>
      </symbol>
      <symbol id="sm-1ba">
         <name>__aeabi_memcpy4</name>
         <value>0x2fab</value>
         <object_component_ref idref="oc-41"/>
      </symbol>
      <symbol id="sm-1d3">
         <name>__TI_zero_init_nomemset</name>
         <value>0x3d1d</value>
         <object_component_ref idref="oc-4d"/>
      </symbol>
      <symbol id="sm-1ea">
         <name>__TI_decompress_none</name>
         <value>0x3f07</value>
         <object_component_ref idref="oc-1b"/>
      </symbol>
      <symbol id="sm-20d">
         <name>__TI_decompress_lzss</name>
         <value>0x3591</value>
         <object_component_ref idref="oc-15"/>
      </symbol>
      <symbol id="sm-220">
         <name>__stack</name>
         <value>0x20008040</value>
         <object_component_ref idref="oc-24"/>
      </symbol>
      <symbol id="sm-221">
         <name>_c_int00_noargs</name>
         <value>0x3b3d</value>
         <object_component_ref idref="oc-5f"/>
      </symbol>
      <symbol id="sm-243">
         <name>floorf</name>
         <value>0x3271</value>
         <object_component_ref idref="oc-170"/>
      </symbol>
      <symbol id="sm-3a8">
         <name>__TI_printfi</name>
         <value>0x209</value>
         <object_component_ref idref="oc-2c8"/>
      </symbol>
      <symbol id="sm-3bf">
         <name>__aeabi_dsub</name>
         <value>0x2379</value>
         <object_component_ref idref="oc-445"/>
      </symbol>
      <symbol id="sm-3c0">
         <name>__aeabi_dadd</name>
         <value>0x2383</value>
         <object_component_ref idref="oc-445"/>
      </symbol>
      <symbol id="sm-3e2">
         <name>__aeabi_cdcmpeq</name>
         <value>0x3163</value>
         <object_component_ref idref="oc-397"/>
      </symbol>
      <symbol id="sm-3e3">
         <name>__aeabi_cdcmple</name>
         <value>0x3163</value>
         <object_component_ref idref="oc-397"/>
      </symbol>
      <symbol id="sm-3e4">
         <name>__aeabi_cdrcmple</name>
         <value>0x31e9</value>
         <object_component_ref idref="oc-430"/>
      </symbol>
      <symbol id="sm-3f8">
         <name>__aeabi_ddiv</name>
         <value>0x27f5</value>
         <object_component_ref idref="oc-42b"/>
      </symbol>
      <symbol id="sm-403">
         <name>__aeabi_dmul</name>
         <value>0x2c91</value>
         <object_component_ref idref="oc-426"/>
      </symbol>
      <symbol id="sm-40d">
         <name>__aeabi_d2iz</name>
         <value>0x3989</value>
         <object_component_ref idref="oc-435"/>
      </symbol>
      <symbol id="sm-417">
         <name>__aeabi_i2d</name>
         <value>0x3bfd</value>
         <object_component_ref idref="oc-440"/>
      </symbol>
      <symbol id="sm-426">
         <name>__aeabi_memset</name>
         <value>0x336d</value>
         <object_component_ref idref="oc-13c"/>
      </symbol>
      <symbol id="sm-427">
         <name>memset</name>
         <value>0x3373</value>
         <object_component_ref idref="oc-13c"/>
      </symbol>
      <symbol id="sm-428">
         <name>__aeabi_memset8</name>
         <value>0x336d</value>
         <object_component_ref idref="oc-13c"/>
      </symbol>
      <symbol id="sm-429">
         <name>__aeabi_memset4</name>
         <value>0x336d</value>
         <object_component_ref idref="oc-13c"/>
      </symbol>
      <symbol id="sm-42a">
         <name>__aeabi_memclr8</name>
         <value>0x336b</value>
         <object_component_ref idref="oc-13c"/>
      </symbol>
      <symbol id="sm-42b">
         <name>__aeabi_memclr4</name>
         <value>0x336b</value>
         <object_component_ref idref="oc-13c"/>
      </symbol>
      <symbol id="sm-42c">
         <name>__aeabi_memclr</name>
         <value>0x336b</value>
         <object_component_ref idref="oc-13c"/>
      </symbol>
      <symbol id="sm-439">
         <name>__aeabi_uldivmod</name>
         <value>0x3047</value>
         <object_component_ref idref="oc-41f"/>
      </symbol>
      <symbol id="sm-461">
         <name>__TI_auto_init_nobinit_nopinit</name>
         <value>0x39d1</value>
         <object_component_ref idref="oc-218"/>
      </symbol>
      <symbol id="sm-46b">
         <name>_system_pre_init</name>
         <value>0x3f7f</value>
         <object_component_ref idref="oc-142"/>
      </symbol>
      <symbol id="sm-477">
         <name>C$$EXIT</name>
         <value>0x3f83</value>
         <object_component_ref idref="oc-20c"/>
      </symbol>
      <symbol id="sm-478">
         <name>abort</name>
         <value>0x3f83</value>
         <object_component_ref idref="oc-20c"/>
      </symbol>
      <symbol id="sm-488">
         <name>__TI_ltoa</name>
         <value>0x376d</value>
         <object_component_ref idref="oc-43a"/>
      </symbol>
      <symbol id="sm-49f">
         <name>atoi</name>
         <value>0x3815</value>
         <object_component_ref idref="oc-38b"/>
      </symbol>
      <symbol id="sm-4aa">
         <name>_ctypes_</name>
         <value>0x43a0</value>
         <object_component_ref idref="oc-41a"/>
      </symbol>
      <symbol id="sm-4ba">
         <name>memccpy</name>
         <value>0x3d39</value>
         <object_component_ref idref="oc-3b4"/>
      </symbol>
      <symbol id="sm-4ca">
         <name>strchr</name>
         <value>0x3e01</value>
         <object_component_ref idref="oc-471"/>
      </symbol>
      <symbol id="sm-4d8">
         <name>strlen</name>
         <value>0x3e2d</value>
         <object_component_ref idref="oc-385"/>
      </symbol>
      <symbol id="sm-4ee">
         <name>__aeabi_errno_addr</name>
         <value>0x3f65</value>
         <object_component_ref idref="oc-3c0"/>
      </symbol>
      <symbol id="sm-4ef">
         <name>errno</name>
         <value>0x20008038</value>
         <object_component_ref idref="oc-481"/>
      </symbol>
      <symbol id="sm-508">
         <name>wcslen</name>
         <value>0x3e89</value>
         <object_component_ref idref="oc-3ba"/>
      </symbol>
      <symbol id="sm-528">
         <name>frexpl</name>
         <value>0x35f9</value>
         <object_component_ref idref="oc-465"/>
      </symbol>
      <symbol id="sm-529">
         <name>frexp</name>
         <value>0x35f9</value>
         <object_component_ref idref="oc-465"/>
      </symbol>
      <symbol id="sm-546">
         <name>scalbn</name>
         <value>0x2b81</value>
         <object_component_ref idref="oc-46b"/>
      </symbol>
      <symbol id="sm-547">
         <name>scalbnl</name>
         <value>0x2b81</value>
         <object_component_ref idref="oc-46b"/>
      </symbol>
      <symbol id="sm-548">
         <name>ldexpl</name>
         <value>0x2b81</value>
         <object_component_ref idref="oc-46b"/>
      </symbol>
      <symbol id="sm-549">
         <name>ldexp</name>
         <value>0x2b81</value>
         <object_component_ref idref="oc-46b"/>
      </symbol>
      <symbol id="sm-553">
         <name>__aeabi_idiv0</name>
         <value>0xc57</value>
         <object_component_ref idref="oc-4b0"/>
      </symbol>
      <symbol id="sm-554">
         <name>__aeabi_ldiv0</name>
         <value>0xc57</value>
         <object_component_ref idref="oc-4b0"/>
      </symbol>
      <symbol id="sm-55e">
         <name>copysign</name>
         <value>0x3d55</value>
         <object_component_ref idref="oc-4c9"/>
      </symbol>
      <symbol id="sm-55f">
         <name>copysignl</name>
         <value>0x3d55</value>
         <object_component_ref idref="oc-4c9"/>
      </symbol>
      <symbol id="sm-584">
         <name>GrContextInit</name>
         <value>0x34c1</value>
         <object_component_ref idref="oc-1e7"/>
      </symbol>
      <symbol id="sm-585">
         <name>g_psDefaultCodePointMapTable</name>
         <value>0x47cc</value>
         <object_component_ref idref="oc-2a9"/>
      </symbol>
      <symbol id="sm-593">
         <name>GrRectFill</name>
         <value>0x30dd</value>
         <object_component_ref idref="oc-1f9"/>
      </symbol>
      <symbol id="sm-622">
         <name>GrFontInfoGet</name>
         <value>0x3c55</value>
         <object_component_ref idref="oc-353"/>
      </symbol>
      <symbol id="sm-623">
         <name>GrDefaultStringRenderer</name>
         <value>0x2d8d</value>
         <object_component_ref idref="oc-2a3"/>
      </symbol>
      <symbol id="sm-624">
         <name>GrFontGlyphRender</name>
         <value>0x1b85</value>
         <object_component_ref idref="oc-365"/>
      </symbol>
      <symbol id="sm-625">
         <name>GrContextFontSet</name>
         <value>0x3f73</value>
         <object_component_ref idref="oc-1f0"/>
      </symbol>
      <symbol id="sm-626">
         <name>GrFontGlyphDataGet</name>
         <value>0x3ca1</value>
         <object_component_ref idref="oc-35f"/>
      </symbol>
      <symbol id="sm-627">
         <name>GrStringDraw</name>
         <value>0x3deb</value>
         <object_component_ref idref="oc-205"/>
      </symbol>
      <symbol id="sm-628">
         <name>GrFontCodepageGet</name>
         <value>0x3ce1</value>
         <object_component_ref idref="oc-37a"/>
      </symbol>
      <symbol id="sm-629">
         <name>GrStringNextCharGet</name>
         <value>0x3bcf</value>
         <object_component_ref idref="oc-359"/>
      </symbol>
      <symbol id="sm-63b">
         <name>g_sFontFixed6x8</name>
         <value>0x44a4</value>
         <object_component_ref idref="oc-1ed"/>
      </symbol>
      <symbol id="sm-648">
         <name>GrMapISO8859_1_Unicode</name>
         <value>0x3f4b</value>
         <object_component_ref idref="oc-36c"/>
      </symbol>
      <symbol id="sm-69e">
         <name>ADCProcessorTrigger</name>
         <value>0x3da3</value>
         <object_component_ref idref="oc-ea"/>
      </symbol>
      <symbol id="sm-69f">
         <name>ADCSequenceEnable</name>
         <value>0x3eeb</value>
         <object_component_ref idref="oc-e0"/>
      </symbol>
      <symbol id="sm-6a0">
         <name>ADCSequenceConfigure</name>
         <value>0x3a15</value>
         <object_component_ref idref="oc-d4"/>
      </symbol>
      <symbol id="sm-6a1">
         <name>ADCSequenceStepConfigure</name>
         <value>0x32f1</value>
         <object_component_ref idref="oc-da"/>
      </symbol>
      <symbol id="sm-6a2">
         <name>ADCIntClear</name>
         <value>0x3f2d</value>
         <object_component_ref idref="oc-ff"/>
      </symbol>
      <symbol id="sm-6a3">
         <name>ADCIntStatus</name>
         <value>0x3ba1</value>
         <object_component_ref idref="oc-f0"/>
      </symbol>
      <symbol id="sm-6a4">
         <name>ADCSequenceDisable</name>
         <value>0x3edd</value>
         <object_component_ref idref="oc-ce"/>
      </symbol>
      <symbol id="sm-6a5">
         <name>ADCClockConfigSet</name>
         <value>0x3d8b</value>
         <object_component_ref idref="oc-c8"/>
      </symbol>
      <symbol id="sm-6a6">
         <name>ADCSequenceDataGet</name>
         <value>0x3cc3</value>
         <object_component_ref idref="oc-f9"/>
      </symbol>
      <symbol id="sm-6bc">
         <name>FPULazyStackingEnable</name>
         <value>0x3ead</value>
         <object_component_ref idref="oc-1cc"/>
      </symbol>
      <symbol id="sm-6bd">
         <name>FPUEnable</name>
         <value>0x3e9d</value>
         <object_component_ref idref="oc-1c6"/>
      </symbol>
      <symbol id="sm-717">
         <name>GPIOPinConfigure</name>
         <value>0x38f9</value>
         <object_component_ref idref="oc-325"/>
      </symbol>
      <symbol id="sm-718">
         <name>GPIOPinTypeADC</name>
         <value>0x3e41</value>
         <object_component_ref idref="oc-b9"/>
      </symbol>
      <symbol id="sm-719">
         <name>GPIOPinTypeGPIOInput</name>
         <value>0x3e53</value>
         <object_component_ref idref="oc-ad"/>
      </symbol>
      <symbol id="sm-71a">
         <name>GPIOPinTypeGPIOOutput</name>
         <value>0x3dbb</value>
         <object_component_ref idref="oc-32b"/>
      </symbol>
      <symbol id="sm-71b">
         <name>GPIOPinRead</name>
         <value>0x2f03</value>
         <object_component_ref idref="oc-10c"/>
      </symbol>
      <symbol id="sm-71c">
         <name>GPIODirModeSet</name>
         <value>0x3c2b</value>
         <object_component_ref idref="oc-184"/>
      </symbol>
      <symbol id="sm-71d">
         <name>GPIOPinWrite</name>
         <value>0x3f6d</value>
         <object_component_ref idref="oc-33d"/>
      </symbol>
      <symbol id="sm-71e">
         <name>GPIOPadConfigSet</name>
         <value>0x292b</value>
         <object_component_ref idref="oc-b3"/>
      </symbol>
      <symbol id="sm-71f">
         <name>GPIOPinTypeSSI</name>
         <value>0x3e65</value>
         <object_component_ref idref="oc-31f"/>
      </symbol>
      <symbol id="sm-769">
         <name>IntPrioritySet</name>
         <value>0x3c7d</value>
         <object_component_ref idref="oc-a1"/>
      </symbol>
      <symbol id="sm-76a">
         <name>IntEnable</name>
         <value>0x3529</value>
         <object_component_ref idref="oc-a7"/>
      </symbol>
      <symbol id="sm-76b">
         <name>IntMasterDisable</name>
         <value>0x3ebd</value>
         <object_component_ref idref="oc-1c0"/>
      </symbol>
      <symbol id="sm-76c">
         <name>IntMasterEnable</name>
         <value>0x3ecd</value>
         <object_component_ref idref="oc-1de"/>
      </symbol>
      <symbol id="sm-793">
         <name>SSIDataPut</name>
         <value>0x3f37</value>
         <object_component_ref idref="oc-349"/>
      </symbol>
      <symbol id="sm-794">
         <name>SSIConfigSetExpClk</name>
         <value>0x3a91</value>
         <object_component_ref idref="oc-331"/>
      </symbol>
      <symbol id="sm-795">
         <name>SSIEnable</name>
         <value>0x3f41</value>
         <object_component_ref idref="oc-337"/>
      </symbol>
      <symbol id="sm-796">
         <name>SSIBusy</name>
         <value>0x3f53</value>
         <object_component_ref idref="oc-343"/>
      </symbol>
      <symbol id="sm-806">
         <name>SysCtlDelay</name>
         <value>0x3f79</value>
         <object_component_ref idref="oc-28e"/>
      </symbol>
      <symbol id="sm-807">
         <name>SysCtlPeripheralEnable</name>
         <value>0x3b09</value>
         <object_component_ref idref="oc-74"/>
      </symbol>
      <symbol id="sm-808">
         <name>SysCtlClockFreqSet</name>
         <value>0x1ddd</value>
         <object_component_ref idref="oc-1d2"/>
      </symbol>
      <symbol id="sm-846">
         <name>TimerLoadSet</name>
         <value>0x3e77</value>
         <object_component_ref idref="oc-8f"/>
      </symbol>
      <symbol id="sm-847">
         <name>TimerDisable</name>
         <value>0x3e19</value>
         <object_component_ref idref="oc-7a"/>
      </symbol>
      <symbol id="sm-848">
         <name>TimerEnable</name>
         <value>0x3ef9</value>
         <object_component_ref idref="oc-9b"/>
      </symbol>
      <symbol id="sm-849">
         <name>TimerIntEnable</name>
         <value>0x3f5b</value>
         <object_component_ref idref="oc-95"/>
      </symbol>
      <symbol id="sm-84a">
         <name>TimerConfigure</name>
         <value>0x365d</value>
         <object_component_ref idref="oc-80"/>
      </symbol>
      <symbol id="sm-84b">
         <name>TimerIntClear</name>
         <value>0x12e5</value>
         <object_component_ref idref="oc-106"/>
      </symbol>
      <symbol id="sm-85d">
         <name>CPUcpsie</name>
         <value>0x3f21</value>
         <object_component_ref idref="oc-29a"/>
      </symbol>
      <symbol id="sm-85e">
         <name>CPUcpsid</name>
         <value>0x3f15</value>
         <object_component_ref idref="oc-269"/>
      </symbol>
      <symbol id="sm-85f">
         <name>__TI_static_base__</name>
         <value>0x0</value>
      </symbol>
      <symbol id="sm-862">
         <name>__mpu_init</name>
         <value>0x0</value>
      </symbol>
      <symbol id="sm-863">
         <name>_system_post_cinit</name>
         <value>0x0</value>
      </symbol>
   </symbol_table>
   <title>Link successful</title>
</link_info>
