******************************************************************************
                  TI ARM Linker PC v20.2.7                     
******************************************************************************
>> Linked Tue Mar 19 12:58:07 2024

OUTPUT FILE NAME:   <ece3849_lab0_msimantirakis.out>
ENTRY POINT SYMBOL: "_c_int00_noargs"  address: 00003b3d


MEMORY CONFIGURATION

         name            origin    length      used     unused   attr    fill
----------------------  --------  ---------  --------  --------  ----  --------
  FLASH                 00000000   00100000  00004822  000fb7de  R  X
  SRAM                  20000000   00040000  00008866  0003779a  RW X


SEGMENT ALLOCATION MAP

run origin  load origin   length   init length attrs members
----------  ----------- ---------- ----------- ----- -------
00000000    00000000    00004828   00004828    r-x
  00000000    00000000    00000208   00000208    r-- .intvecs
  00000208    00000208    00003d7e   00003d7e    r-x .text
  00003f88    00003f88    00000864   00000864    r-- .const
  000047f0    000047f0    00000038   00000038    r-- .cinit
20000000    20000000    0000886a   00000000    rw-
  20000000    20000000    0000803c   00000000    rw- .data
  20008040    20008040    00000800   00000000    rw- .stack
  20008840    20008840    0000002a   00000000    rw- .bss


SECTION ALLOCATION MAP

 output                                  attributes/
section   page    origin      length       input sections
--------  ----  ----------  ----------   ----------------
.intvecs   0    00000000    00000208     
                  00000000    00000208     tm4c1294ncpdt_startup_ccs.obj (.intvecs)

.text      0    00000208    00003d7e     
                  00000208    00000a4e     rtsv7M4_T_le_v4SPD16_eabi.lib : _printfi.c.obj (.text:__TI_printfi)
                  00000c56    00000002                                   : div0.asm.obj (.text)
                  00000c58    0000068c     Crystalfontz128x128_ST7735.obj (.text)
                  000012e4    00000004     driverlib.lib : timer.obj (.text:TimerIntClear)
                  000012e8    0000062a     buttons.obj (.text)
                  00001912    00000002     --HOLE-- [fill = 0]
                  00001914    00000270     rtsv7M4_T_le_v4SPD16_eabi.lib : _printfi.c.obj (.text:_pconv_a)
                  00001b84    00000256     grlib.lib : string.obj (.text:GrFontGlyphRender)
                  00001dda    00000002     --HOLE-- [fill = 0]
                  00001ddc    00000204     driverlib.lib : sysctl.obj (.text:SysCtlClockFreqSet)
                  00001fe0    000001d0     rtsv7M4_T_le_v4SPD16_eabi.lib : _printfi.c.obj (.text:_pconv_g)
                  000021b0    000001c8     HAL_EK_TM4C1294XL_Crystalfontz128x128_ST7735.obj (.text)
                  00002378    000001b6     rtsv7M4_T_le_v4SPD16_eabi.lib : fd_add_t2.asm.obj (.text)
                  0000252e    00000002     --HOLE-- [fill = 0]
                  00002530    00000186     main.obj (.text)
                  000026b6    00000002     --HOLE-- [fill = 0]
                  000026b8    0000013c     rtsv7M4_T_le_v4SPD16_eabi.lib : _printfi.c.obj (.text:_pconv_e)
                  000027f4    00000136                                   : fd_div_t2.asm.obj (.text)
                  0000292a    00000130     driverlib.lib : gpio.obj (.text:GPIOPadConfigSet)
                  00002a5a    00000002     --HOLE-- [fill = 0]
                  00002a5c    00000124     rtsv7M4_T_le_v4SPD16_eabi.lib : _printfi.c.obj (.text:fcvt)
                  00002b80    00000110                                   : s_scalbn.c.obj (.text:scalbn)
                  00002c90    000000fc                                   : fd_mul_t2.asm.obj (.text)
                  00002d8c    000000c4     grlib.lib : string.obj (.text:GrDefaultStringRenderer)
                  00002e50    000000b1     rtsv7M4_T_le_v4SPD16_eabi.lib : _printfi.c.obj (.text:_ltostr)
                  00002f01    00000001     --HOLE-- [fill = 0]
                  00002f02    00000006     driverlib.lib : gpio.obj (.text:GPIOPinRead)
                  00002f08    000000a2     sysctl_pll.obj (.text)
                  00002faa    0000009c     rtsv7M4_T_le_v4SPD16_eabi.lib : memcpy_t2.asm.obj (.text)
                  00003046    00000096                                   : ull_div_t2.asm.obj (.text)
                  000030dc    00000086     grlib.lib : rectangle.obj (.text:GrRectFill)
                  00003162    00000086     rtsv7M4_T_le_v4SPD16_eabi.lib : fd_cmp_t2.asm.obj (.text:__aeabi_cdcmple)
                  000031e8    00000086                                   : fd_cmp_t2.asm.obj (.text:__aeabi_cdrcmple)
                  0000326e    00000002     --HOLE-- [fill = 0]
                  00003270    00000080                                   : s_floorf.c.obj (.text:floorf)
                  000032f0    0000007a     driverlib.lib : adc.obj (.text:ADCSequenceStepConfigure)
                  0000336a    0000007a     rtsv7M4_T_le_v4SPD16_eabi.lib : memset_t2.asm.obj (.text)
                  000033e4    0000006e                                   : _printfi.c.obj (.text:_mcpy)
                  00003452    0000006e                                   : s_roundf.c.obj (.text:roundf)
                  000034c0    00000068     grlib.lib : context.obj (.text:GrContextInit)
                  00003528    00000068     driverlib.lib : interrupt.obj (.text:IntEnable)
                  00003590    00000068     rtsv7M4_T_le_v4SPD16_eabi.lib : copy_decompress_lzss.c.obj (.text:decompress:lzss:__TI_decompress_lzss)
                  000035f8    00000064                                   : s_frexp.c.obj (.text:frexp)
                  0000365c    00000060     driverlib.lib : timer.obj (.text:TimerConfigure)
                  000036bc    0000005a     grlib.lib : string.obj (.text:FontWideGlyphDataGet)
                  00003716    00000056     rtsv7M4_T_le_v4SPD16_eabi.lib : _printfi.c.obj (.text:_pconv_f)
                  0000376c    00000054                                   : _ltoa.c.obj (.text:__TI_ltoa)
                  000037c0    00000052                                   : _printfi.c.obj (.text:_ecpy)
                  00003812    00000002     --HOLE-- [fill = 0]
                  00003814    0000004c                                   : atoi.c.obj (.text:atoi)
                  00003860    0000004c                                   : snprintf.c.obj (.text:snprintf)
                  000038ac    0000004a     grlib.lib : string.obj (.text:UpdateContextCharMapping)
                  000038f6    00000002     --HOLE-- [fill = 0]
                  000038f8    00000048     driverlib.lib : gpio.obj (.text:GPIOPinConfigure)
                  00003940    00000048                   : sysctl.obj (.text:_SysCtlFrequencyGet)
                  00003988    00000048     rtsv7M4_T_le_v4SPD16_eabi.lib : fd_toi_t2.asm.obj (.text)
                  000039d0    00000044                                   : autoinit.c.obj (.text:__TI_auto_init_nobinit_nopinit:__TI_auto_init_nobinit_nopinit)
                  00003a14    0000003e     driverlib.lib : adc.obj (.text:ADCSequenceConfigure)
                  00003a52    0000003e     rtsv7M4_T_le_v4SPD16_eabi.lib : _printfi.c.obj (.text:_fcpy)
                  00003a90    0000003c     driverlib.lib : ssi.obj (.text:SSIConfigSetExpClk)
                  00003acc    0000003a     grlib.lib : string.obj (.text:FontGlyphDataGet)
                  00003b06    00000002     --HOLE-- [fill = 0]
                  00003b08    00000034     driverlib.lib : sysctl.obj (.text:SysCtlPeripheralEnable)
                  00003b3c    00000034     rtsv7M4_T_le_v4SPD16_eabi.lib : boot_cortex_m.c.obj (.text:_c_int00_noargs:_c_int00_noargs)
                  00003b70    00000030                                   : snprintf.c.obj (.text:_outs)
                  00003ba0    0000002e     driverlib.lib : adc.obj (.text:ADCIntStatus)
                  00003bce    0000002e     grlib.lib : string.obj (.text:GrStringNextCharGet)
                  00003bfc    0000002e     rtsv7M4_T_le_v4SPD16_eabi.lib : i_tofd_t2.asm.obj (.text)
                  00003c2a    0000002a     driverlib.lib : gpio.obj (.text:GPIODirModeSet)
                  00003c54    00000026     grlib.lib : string.obj (.text:GrFontInfoGet)
                  00003c7a    00000002     --HOLE-- [fill = 0]
                  00003c7c    00000024     driverlib.lib : interrupt.obj (.text:IntPrioritySet)
                  00003ca0    00000022     grlib.lib : string.obj (.text:GrFontGlyphDataGet)
                  00003cc2    0000001e     driverlib.lib : adc.obj (.text:ADCSequenceDataGet)
                  00003ce0    0000001e     grlib.lib : string.obj (.text:GrFontCodepageGet)
                  00003cfe    00000002     --HOLE-- [fill = 0]
                  00003d00    0000001c     driverlib.lib : sysctl.obj (.text:_SysCtlMemTimingGet)
                  00003d1c    0000001c     rtsv7M4_T_le_v4SPD16_eabi.lib : copy_zero_init.c.obj (.text:decompress:ZI:__TI_zero_init_nomemset:__TI_zero_init_nomemset)
                  00003d38    0000001c                                   : memccpy.c.obj (.text:memccpy)
                  00003d54    0000001a                                   : s_copysign.c.obj (.text:copysign)
                  00003d6e    00000002     --HOLE-- [fill = 0]
                  00003d70    0000001a     tm4c1294ncpdt_startup_ccs.obj (.text)
                  00003d8a    00000018     driverlib.lib : adc.obj (.text:ADCClockConfigSet)
                  00003da2    00000018                   : adc.obj (.text:ADCProcessorTrigger)
                  00003dba    00000018                   : gpio.obj (.text:GPIOPinTypeGPIOOutput)
                  00003dd2    00000018     rtsv7M4_T_le_v4SPD16_eabi.lib : snprintf.c.obj (.text:_outc)
                  00003dea    00000016     grlib.lib : string.obj (.text:GrStringDraw)
                  00003e00    00000016     rtsv7M4_T_le_v4SPD16_eabi.lib : strchr.c.obj (.text:strchr)
                  00003e16    00000002     --HOLE-- [fill = 0]
                  00003e18    00000014     driverlib.lib : timer.obj (.text:TimerDisable)
                  00003e2c    00000014     rtsv7M4_T_le_v4SPD16_eabi.lib : strlen.c.obj (.text:strlen)
                  00003e40    00000012     driverlib.lib : gpio.obj (.text:GPIOPinTypeADC)
                  00003e52    00000012                   : gpio.obj (.text:GPIOPinTypeGPIOInput)
                  00003e64    00000012                   : gpio.obj (.text:GPIOPinTypeSSI)
                  00003e76    00000012                   : timer.obj (.text:TimerLoadSet)
                  00003e88    00000012     rtsv7M4_T_le_v4SPD16_eabi.lib : wcslen.c.obj (.text:wcslen)
                  00003e9a    00000002     --HOLE-- [fill = 0]
                  00003e9c    00000010     driverlib.lib : fpu.obj (.text:FPUEnable)
                  00003eac    00000010                   : fpu.obj (.text:FPULazyStackingEnable)
                  00003ebc    00000010                   : interrupt.obj (.text:IntMasterDisable)
                  00003ecc    00000010                   : interrupt.obj (.text:IntMasterEnable)
                  00003edc    0000000e                   : adc.obj (.text:ADCSequenceDisable)
                  00003eea    0000000e                   : adc.obj (.text:ADCSequenceEnable)
                  00003ef8    0000000e                   : timer.obj (.text:TimerEnable)
                  00003f06    0000000e     rtsv7M4_T_le_v4SPD16_eabi.lib : copy_decompress_none.c.obj (.text:decompress:none:__TI_decompress_none)
                  00003f14    0000000c     driverlib.lib : cpu.obj (.text:CPUcpsid)
                  00003f20    0000000c                   : cpu.obj (.text:CPUcpsie)
                  00003f2c    0000000a                   : adc.obj (.text:ADCIntClear)
                  00003f36    0000000a                   : ssi.obj (.text:SSIDataPut)
                  00003f40    0000000a                   : ssi.obj (.text:SSIEnable)
                  00003f4a    00000008     grlib.lib : charmap.obj (.text:GrMapISO8859_1_Unicode)
                  00003f52    00000008     driverlib.lib : ssi.obj (.text:SSIBusy)
                  00003f5a    00000008                   : timer.obj (.text:TimerIntEnable)
                  00003f62    00000002     --HOLE-- [fill = 0]
                  00003f64    00000008     rtsv7M4_T_le_v4SPD16_eabi.lib : errno.c.obj (.text:__aeabi_errno_addr)
                  00003f6c    00000006     driverlib.lib : gpio.obj (.text:GPIOPinWrite)
                  00003f72    00000006     grlib.lib : string.obj (.text:GrContextFontSet)
                  00003f78    00000006     driverlib.lib : sysctl.obj (.text:SysCtlDelay)
                  00003f7e    00000004     rtsv7M4_T_le_v4SPD16_eabi.lib : pre_init.c.obj (.text:_system_pre_init)
                  00003f82    00000004                                   : exit.c.obj (.text:abort:abort)

.const     0    00003f88    00000864     
                  00003f88    000002f8     grlib.lib : fontfixed6x8.obj (.const:.string:g_pui8FontFixed6x8Data)
                  00004280    00000120     driverlib.lib : sysctl.obj (.const:g_pppui32XTALtoVCO)
                  000043a0    00000101     rtsv7M4_T_le_v4SPD16_eabi.lib : ctype.c.obj (.const:.string:_ctypes_)
                  000044a1    00000003     --HOLE-- [fill = 0]
                  000044a4    000000c8     grlib.lib : fontfixed6x8.obj (.const:g_sFontFixed6x8)
                  0000456c    0000009c     driverlib.lib : interrupt.obj (.const:g_pui32Regs)
                  00004608    00000090                   : gpio.obj (.const:g_pui32GPIOBaseAddrs)
                  00004698    00000070                   : interrupt.obj (.const)
                  00004708    0000006c                   : sysctl.obj (.const:g_pui32Xtals)
                  00004774    00000030                   : sysctl.obj (.const:g_sXTALtoMEMTIM)
                  000047a4    00000028     Crystalfontz128x128_ST7735.obj (.const:g_sCrystalfontz128x128)
                  000047cc    00000010     grlib.lib : context.obj (.const)
                  000047dc    00000008     main.obj (.const:$P$T0$1)
                  000047e4    00000008     driverlib.lib : sysctl.obj (.const)

.cinit     0    000047f0    00000038     
                  000047f0    00000014     (.cinit..data.load) [load image, compression = lzss]
                  00004804    0000000c     (__TI_handler_table)
                  00004810    00000008     (.cinit..bss.load) [load image, compression = zero_init]
                  00004818    00000010     (__TI_cinit_table)

.init_array 
*          0    00000000    00000000     UNINITIALIZED

.data      0    20000000    0000803c     UNINITIALIZED
                  20000000    00008000     Crystalfontz128x128_ST7735.obj (.data:Lcd_buffer)
                  20008000    00000024     buttons.obj (.data:count$2)
                  20008024    00000008     buttons.obj (.data:gJoystick)
                  2000802c    00000006     buttons.obj (.data)
                  20008032    00000002     --HOLE--
                  20008034    00000004     main.obj (.data)
                  20008038    00000004     rtsv7M4_T_le_v4SPD16_eabi.lib : errno.c.obj (.data)

.bss       0    20008840    0000002a     UNINITIALIZED
                  20008840    00000014     buttons.obj (.bss:state$1)
                  20008854    00000004     (.common:gADCSamplingRate)
                  20008858    00000004     (.common:gSystemClock)
                  2000885c    00000004     (.common:g_psGrLibDefaults)
                  20008860    00000002     (.common:Lcd_ScreenHeigth)
                  20008862    00000002     (.common:Lcd_ScreenWidth)
                  20008864    00000002     (.common:Lcd_TouchTrim)
                  20008866    00000001     (.common:Lcd_FlagRead)
                  20008867    00000001     (.common:Lcd_FontSolid)
                  20008868    00000001     (.common:Lcd_Orientation)
                  20008869    00000001     (.common:Lcd_PenSolid)

.stack     0    20008040    00000800     UNINITIALIZED
                  20008040    00000004     rtsv7M4_T_le_v4SPD16_eabi.lib : boot_cortex_m.c.obj (.stack)
                  20008044    000007fc     --HOLE--

__llvm_prf_cnts 
*          0    20000000    00000000     UNINITIALIZED

MODULE SUMMARY

       Module                                             code    ro data   rw data
       ------                                             ----    -------   -------
    .\
       Crystalfontz128x128_ST7735.obj                     1676    40        32778  
       buttons.obj                                        1578    0         74     
       tm4c1294ncpdt_startup_ccs.obj                      26      520       0      
       HAL_EK_TM4C1294XL_Crystalfontz128x128_ST7735.obj   456     0         0      
       main.obj                                           390     8         8      
       sysctl_pll.obj                                     162     0         0      
    +--+--------------------------------------------------+-------+---------+---------+
       Total:                                             4288    568       32860  
                                                                                   
    C:/ti/tirtos_tivac_2_16_01_14/products/TivaWare_C_Series-2.1.1.71b/driverlib/ccs/Debug/driverlib.lib
       sysctl.obj                                         674     452       0      
       gpio.obj                                           508     144       0      
       interrupt.obj                                      172     268       0      
       adc.obj                                            346     0         0      
       timer.obj                                          160     0         0      
       ssi.obj                                            88      0         0      
       fpu.obj                                            32      0         0      
       cpu.obj                                            24      0         0      
    +--+--------------------------------------------------+-------+---------+---------+
       Total:                                             2004    864       0      
                                                                                   
    C:/ti/tirtos_tivac_2_16_01_14/products/TivaWare_C_Series-2.1.1.71b/grlib/ccs/Debug/grlib.lib
       string.obj                                         1192    0         0      
       fontfixed6x8.obj                                   0       960       0      
       rectangle.obj                                      134     0         0      
       context.obj                                        104     16        4      
       charmap.obj                                        8       0         0      
    +--+--------------------------------------------------+-------+---------+---------+
       Total:                                             1438    976       4      
                                                                                   
    C:\ti\ccs1260\ccs\tools\compiler\ti-cgt-arm_20.2.7.LTS\lib\rtsv7M4_T_le_v4SPD16_eabi.lib
       _printfi.c.obj                                     4851    0         0      
       fd_add_t2.asm.obj                                  438     0         0      
       fd_div_t2.asm.obj                                  310     0         0      
       s_scalbn.c.obj                                     272     0         0      
       fd_cmp_t2.asm.obj                                  268     0         0      
       ctype.c.obj                                        0       257       0      
       fd_mul_t2.asm.obj                                  252     0         0      
       memcpy_t2.asm.obj                                  156     0         0      
       ull_div_t2.asm.obj                                 150     0         0      
       snprintf.c.obj                                     148     0         0      
       s_floorf.c.obj                                     128     0         0      
       memset_t2.asm.obj                                  122     0         0      
       s_roundf.c.obj                                     110     0         0      
       copy_decompress_lzss.c.obj                         104     0         0      
       s_frexp.c.obj                                      100     0         0      
       _ltoa.c.obj                                        84      0         0      
       atoi.c.obj                                         76      0         0      
       fd_toi_t2.asm.obj                                  72      0         0      
       autoinit.c.obj                                     68      0         0      
       boot_cortex_m.c.obj                                52      0         0      
       i_tofd_t2.asm.obj                                  46      0         0      
       copy_zero_init.c.obj                               28      0         0      
       memccpy.c.obj                                      28      0         0      
       s_copysign.c.obj                                   26      0         0      
       strchr.c.obj                                       22      0         0      
       strlen.c.obj                                       20      0         0      
       wcslen.c.obj                                       18      0         0      
       copy_decompress_none.c.obj                         14      0         0      
       errno.c.obj                                        8       0         4      
       exit.c.obj                                         4       0         0      
       pre_init.c.obj                                     4       0         0      
       div0.asm.obj                                       2       0         0      
    +--+--------------------------------------------------+-------+---------+---------+
       Total:                                             7981    257       4      
                                                                                   
       Stack:                                             0       0         2048   
       Linker Generated:                                  0       56        0      
    +--+--------------------------------------------------+-------+---------+---------+
       Grand Total:                                       15711   2721      34916  


LINKER GENERATED COPY TABLES

__TI_cinit_table @ 00004818 records: 2, size/record: 8, table size: 16
	.data: load addr=000047f0, load size=00000014 bytes, run addr=20000000, run size=0000803c bytes, compression=lzss
	.bss: load addr=00004810, load size=00000008 bytes, run addr=20008840, run size=0000002a bytes, compression=zero_init


LINKER GENERATED HANDLER TABLE

__TI_handler_table @ 00004804 records: 3, size/record: 4, table size: 12
	index: 0, handler: __TI_decompress_lzss
	index: 1, handler: __TI_decompress_none
	index: 2, handler: __TI_zero_init


GLOBAL SYMBOLS: SORTED ALPHABETICALLY BY Name 

address   name                              
-------   ----                              
00003d8b  ADCClockConfigSet                 
00003f2d  ADCIntClear                       
00003ba1  ADCIntStatus                      
00003da3  ADCProcessorTrigger               
00003a15  ADCSequenceConfigure              
00003cc3  ADCSequenceDataGet                
00003edd  ADCSequenceDisable                
00003eeb  ADCSequenceEnable                 
000032f1  ADCSequenceStepConfigure          
00001741  ButtonAutoRepeat                  
00001511  ButtonDebounce                    
000017e1  ButtonISR                         
000012e9  ButtonInit                        
000015d1  ButtonReadJoystick                
00003f83  C$$EXIT                           
00003f15  CPUcpsid                          
00003f21  CPUcpsie                          
00000c59  Crystalfontz128x128_Init          
00000d29  Crystalfontz128x128_SetDrawFrame  
00000e21  Crystalfontz128x128_SetOrientation
00003e9d  FPUEnable                         
00003ead  FPULazyStackingEnable             
00003c2b  GPIODirModeSet                    
0000292b  GPIOPadConfigSet                  
000038f9  GPIOPinConfigure                  
00002f03  GPIOPinRead                       
00003e41  GPIOPinTypeADC                    
00003e53  GPIOPinTypeGPIOInput              
00003dbb  GPIOPinTypeGPIOOutput             
00003e65  GPIOPinTypeSSI                    
00003f6d  GPIOPinWrite                      
00003f73  GrContextFontSet                  
000034c1  GrContextInit                     
00002d8d  GrDefaultStringRenderer           
00003ce1  GrFontCodepageGet                 
00003ca1  GrFontGlyphDataGet                
00001b85  GrFontGlyphRender                 
00003c55  GrFontInfoGet                     
00003f4b  GrMapISO8859_1_Unicode            
000030dd  GrRectFill                        
00003deb  GrStringDraw                      
00003bcf  GrStringNextCharGet               
000021b1  HAL_LCD_PortInit                  
00002249  HAL_LCD_SpiInit                   
000022e1  HAL_LCD_writeCommand              
00002361  HAL_LCD_writeData                 
00003529  IntEnable                         
00003ebd  IntMasterDisable                  
00003ecd  IntMasterEnable                   
00003c7d  IntPrioritySet                    
20008866  Lcd_FlagRead                      
20008867  Lcd_FontSolid                     
20008868  Lcd_Orientation                   
20008869  Lcd_PenSolid                      
20008860  Lcd_ScreenHeigth                  
20008862  Lcd_ScreenWidth                   
20008864  Lcd_TouchTrim                     
20000000  Lcd_buffer                        
00003d71  ResetISR                          
00003f53  SSIBusy                           
00003a91  SSIConfigSetExpClk                
00003f37  SSIDataPut                        
00003f41  SSIEnable                         
00001ddd  SysCtlClockFreqSet                
00003f79  SysCtlDelay                       
00002f09  SysCtlFrequencyGet                
00003b09  SysCtlPeripheralEnable            
0000365d  TimerConfigure                    
00003e19  TimerDisable                      
00003ef9  TimerEnable                       
000012e5  TimerIntClear                     
00003f5b  TimerIntEnable                    
00003e77  TimerLoadSet                      
20008840  __STACK_END                       
00000800  __STACK_SIZE                      
20008240  __STACK_TOP                       
00004818  __TI_CINIT_Base                   
00004828  __TI_CINIT_Limit                  
00004804  __TI_Handler_Table_Base           
00004810  __TI_Handler_Table_Limit          
000039d1  __TI_auto_init_nobinit_nopinit    
00003591  __TI_decompress_lzss              
00003f07  __TI_decompress_none              
0000376d  __TI_ltoa                         
ffffffff  __TI_pprof_out_hndl               
00000209  __TI_printfi                      
ffffffff  __TI_prof_data_size               
ffffffff  __TI_prof_data_start              
00000000  __TI_static_base__                
00003d1d  __TI_zero_init_nomemset           
00003163  __aeabi_cdcmpeq                   
00003163  __aeabi_cdcmple                   
000031e9  __aeabi_cdrcmple                  
00003989  __aeabi_d2iz                      
00002383  __aeabi_dadd                      
000027f5  __aeabi_ddiv                      
00002c91  __aeabi_dmul                      
00002379  __aeabi_dsub                      
00003f65  __aeabi_errno_addr                
00003bfd  __aeabi_i2d                       
00000c57  __aeabi_idiv0                     
00000c57  __aeabi_ldiv0                     
0000336b  __aeabi_memclr                    
0000336b  __aeabi_memclr4                   
0000336b  __aeabi_memclr8                   
00002fab  __aeabi_memcpy                    
00002fab  __aeabi_memcpy4                   
00002fab  __aeabi_memcpy8                   
0000336d  __aeabi_memset                    
0000336d  __aeabi_memset4                   
0000336d  __aeabi_memset8                   
00003047  __aeabi_uldivmod                  
ffffffff  __binit__                         
ffffffff  __c_args__                        
UNDEFED   __mpu_init                        
20008040  __stack                           
20000000  __start___llvm_prf_cnts           
20000000  __stop___llvm_prf_cnts            
00003b3d  _c_int00_noargs                   
000043a0  _ctypes_                          
UNDEFED   _system_post_cinit                
00003f7f  _system_pre_init                  
00003f83  abort                             
00003815  atoi                              
ffffffff  binit                             
00003d55  copysign                          
00003d55  copysignl                         
20008038  errno                             
00003271  floorf                            
000035f9  frexp                             
000035f9  frexpl                            
20008854  gADCSamplingRate                  
2000802c  gButtons                          
20008024  gJoystick                         
20008858  gSystemClock                      
20008034  gTime                             
00000000  g_pfnVectors                      
000047cc  g_psDefaultCodePointMapTable      
000047a4  g_sCrystalfontz128x128            
000044a4  g_sFontFixed6x8                   
00002b81  ldexp                             
00002b81  ldexpl                            
00002579  main                              
00003d39  memccpy                           
00002fab  memcpy                            
00003373  memset                            
00002531  new_time                          
00003453  roundf                            
00002b81  scalbn                            
00002b81  scalbnl                           
00003861  snprintf                          
00003e01  strchr                            
00003e2d  strlen                            
00003e89  wcslen                            


GLOBAL SYMBOLS: SORTED BY Symbol Address 

address   name                              
-------   ----                              
00000000  __TI_static_base__                
00000000  g_pfnVectors                      
00000209  __TI_printfi                      
00000800  __STACK_SIZE                      
00000c57  __aeabi_idiv0                     
00000c57  __aeabi_ldiv0                     
00000c59  Crystalfontz128x128_Init          
00000d29  Crystalfontz128x128_SetDrawFrame  
00000e21  Crystalfontz128x128_SetOrientation
000012e5  TimerIntClear                     
000012e9  ButtonInit                        
00001511  ButtonDebounce                    
000015d1  ButtonReadJoystick                
00001741  ButtonAutoRepeat                  
000017e1  ButtonISR                         
00001b85  GrFontGlyphRender                 
00001ddd  SysCtlClockFreqSet                
000021b1  HAL_LCD_PortInit                  
00002249  HAL_LCD_SpiInit                   
000022e1  HAL_LCD_writeCommand              
00002361  HAL_LCD_writeData                 
00002379  __aeabi_dsub                      
00002383  __aeabi_dadd                      
00002531  new_time                          
00002579  main                              
000027f5  __aeabi_ddiv                      
0000292b  GPIOPadConfigSet                  
00002b81  ldexp                             
00002b81  ldexpl                            
00002b81  scalbn                            
00002b81  scalbnl                           
00002c91  __aeabi_dmul                      
00002d8d  GrDefaultStringRenderer           
00002f03  GPIOPinRead                       
00002f09  SysCtlFrequencyGet                
00002fab  __aeabi_memcpy                    
00002fab  __aeabi_memcpy4                   
00002fab  __aeabi_memcpy8                   
00002fab  memcpy                            
00003047  __aeabi_uldivmod                  
000030dd  GrRectFill                        
00003163  __aeabi_cdcmpeq                   
00003163  __aeabi_cdcmple                   
000031e9  __aeabi_cdrcmple                  
00003271  floorf                            
000032f1  ADCSequenceStepConfigure          
0000336b  __aeabi_memclr                    
0000336b  __aeabi_memclr4                   
0000336b  __aeabi_memclr8                   
0000336d  __aeabi_memset                    
0000336d  __aeabi_memset4                   
0000336d  __aeabi_memset8                   
00003373  memset                            
00003453  roundf                            
000034c1  GrContextInit                     
00003529  IntEnable                         
00003591  __TI_decompress_lzss              
000035f9  frexp                             
000035f9  frexpl                            
0000365d  TimerConfigure                    
0000376d  __TI_ltoa                         
00003815  atoi                              
00003861  snprintf                          
000038f9  GPIOPinConfigure                  
00003989  __aeabi_d2iz                      
000039d1  __TI_auto_init_nobinit_nopinit    
00003a15  ADCSequenceConfigure              
00003a91  SSIConfigSetExpClk                
00003b09  SysCtlPeripheralEnable            
00003b3d  _c_int00_noargs                   
00003ba1  ADCIntStatus                      
00003bcf  GrStringNextCharGet               
00003bfd  __aeabi_i2d                       
00003c2b  GPIODirModeSet                    
00003c55  GrFontInfoGet                     
00003c7d  IntPrioritySet                    
00003ca1  GrFontGlyphDataGet                
00003cc3  ADCSequenceDataGet                
00003ce1  GrFontCodepageGet                 
00003d1d  __TI_zero_init_nomemset           
00003d39  memccpy                           
00003d55  copysign                          
00003d55  copysignl                         
00003d71  ResetISR                          
00003d8b  ADCClockConfigSet                 
00003da3  ADCProcessorTrigger               
00003dbb  GPIOPinTypeGPIOOutput             
00003deb  GrStringDraw                      
00003e01  strchr                            
00003e19  TimerDisable                      
00003e2d  strlen                            
00003e41  GPIOPinTypeADC                    
00003e53  GPIOPinTypeGPIOInput              
00003e65  GPIOPinTypeSSI                    
00003e77  TimerLoadSet                      
00003e89  wcslen                            
00003e9d  FPUEnable                         
00003ead  FPULazyStackingEnable             
00003ebd  IntMasterDisable                  
00003ecd  IntMasterEnable                   
00003edd  ADCSequenceDisable                
00003eeb  ADCSequenceEnable                 
00003ef9  TimerEnable                       
00003f07  __TI_decompress_none              
00003f15  CPUcpsid                          
00003f21  CPUcpsie                          
00003f2d  ADCIntClear                       
00003f37  SSIDataPut                        
00003f41  SSIEnable                         
00003f4b  GrMapISO8859_1_Unicode            
00003f53  SSIBusy                           
00003f5b  TimerIntEnable                    
00003f65  __aeabi_errno_addr                
00003f6d  GPIOPinWrite                      
00003f73  GrContextFontSet                  
00003f79  SysCtlDelay                       
00003f7f  _system_pre_init                  
00003f83  C$$EXIT                           
00003f83  abort                             
000043a0  _ctypes_                          
000044a4  g_sFontFixed6x8                   
000047a4  g_sCrystalfontz128x128            
000047cc  g_psDefaultCodePointMapTable      
00004804  __TI_Handler_Table_Base           
00004810  __TI_Handler_Table_Limit          
00004818  __TI_CINIT_Base                   
00004828  __TI_CINIT_Limit                  
20000000  Lcd_buffer                        
20000000  __start___llvm_prf_cnts           
20000000  __stop___llvm_prf_cnts            
20008024  gJoystick                         
2000802c  gButtons                          
20008034  gTime                             
20008038  errno                             
20008040  __stack                           
20008240  __STACK_TOP                       
20008840  __STACK_END                       
20008854  gADCSamplingRate                  
20008858  gSystemClock                      
20008860  Lcd_ScreenHeigth                  
20008862  Lcd_ScreenWidth                   
20008864  Lcd_TouchTrim                     
20008866  Lcd_FlagRead                      
20008867  Lcd_FontSolid                     
20008868  Lcd_Orientation                   
20008869  Lcd_PenSolid                      
ffffffff  __TI_pprof_out_hndl               
ffffffff  __TI_prof_data_size               
ffffffff  __TI_prof_data_start              
ffffffff  __binit__                         
ffffffff  __c_args__                        
ffffffff  binit                             
UNDEFED   __mpu_init                        
UNDEFED   _system_post_cinit                

[154 symbols]
